#
# There is insufficient memory for the Java Runtime Environment to continue.
# Native memory allocation (mmap) failed to map 88080384 bytes. Error detail: G1 virtual space
# Possible reasons:
#   The system is out of physical RAM or swap space
#   This process is running with CompressedOops enabled, and the Java Heap may be blocking the growth of the native heap
# Possible solutions:
#   Reduce memory load on the system
#   Increase physical memory or swap space
#   Check if swap backing store is full
#   Decrease Java heap size (-Xmx/-Xms)
#   Decrease number of Java threads
#   Decrease Java thread stack sizes (-Xss)
#   Set larger code cache with -XX:ReservedCodeCacheSize=
#   JVM is running with Unscaled Compressed Oops mode in which the Java heap is
#     placed in the first 4GB address space. The Java Heap base address is the
#     maximum limit for the native heap growth. Please use -XX:HeapBaseMinAddress
#     to set the Java Heap base and to place the Java Heap above 4GB virtual address.
# This output file may be truncated or incomplete.
#
#  Out of Memory Error (os_windows.cpp:3583), pid=9272, tid=8924
#
# JRE version: Java(TM) SE Runtime Environment (26.0.1+8) (build 26.0.1+8-34)
# Java VM: Java HotSpot(TM) 64-Bit Server VM (26.0.1+8-34, mixed mode, emulated-client, sharing, tiered, compressed oops, compressed class ptrs, g1 gc, windows-amd64)
# No core dump will be written. Minidumps are not enabled by default on client versions of Windows
#

---------------  S U M M A R Y ------------

Command Line: -XX:TieredStopAtLevel=1 -Dspring.output.ansi.enabled=always -javaagent:C:\Program Files\JetBrains\IntelliJ IDEA 2026.2.1\lib\idea_rt.jar=50218 -Dfile.encoding=UTF-8 -Dsun.stdout.encoding=UTF-8 -Dsun.stderr.encoding=UTF-8 com.LibraryDesk.LibraryDeskApplication

Host: Intel(R) Core(TM) i5-8350U CPU @ 1.70GHz, 8 cores, 7G,  Windows 11 , 64 bit Build 26100 (10.0.26100.9168)
Time: Tue Sep 15 13:03:00 2026 Pakistan Standard Time elapsed time: 23.383674 seconds (0d 0h 0m 23s)

---------------  T H R E A D  ---------------

Current thread (0x0000018e7fab44c0):  VMThread "VM Thread"          [id=8924, stack(0x00000003c0800000,0x00000003c0900000) (1024K)]

Stack: [0x00000003c0800000,0x00000003c0900000]
Native frames: (J=compiled Java code, j=interpreted, Vv=VM code, C=native code)
V  [jvm.dll+0x7d5879]  (no source info available)
V  [jvm.dll+0x7a37dd]  (no source info available)
V  [jvm.dll+0x9b0c10]  (no source info available)
V  [jvm.dll+0x9b3061]  (no source info available)
V  [jvm.dll+0x9b3773]  (no source info available)
V  [jvm.dll+0x30df76]  (no source info available)
V  [jvm.dll+0x7d4d45]  (no source info available)
V  [jvm.dll+0x7c7f07]  (no source info available)
V  [jvm.dll+0x4087e8]  (no source info available)
V  [jvm.dll+0x410b56]  (no source info available)
V  [jvm.dll+0x3fcef4]  (no source info available)
V  [jvm.dll+0x3fd1e5]  (no source info available)
V  [jvm.dll+0x3d3b6f]  (no source info available)
V  [jvm.dll+0x3d6ddc]  (no source info available)
V  [jvm.dll+0x4223ec]  (no source info available)
V  [jvm.dll+0x420d33]  (no source info available)
V  [jvm.dll+0x3d3308]  (no source info available)
V  [jvm.dll+0x4200f3]  (no source info available)
V  [jvm.dll+0x9b9c21]  (no source info available)
V  [jvm.dll+0x9babeb]  (no source info available)
V  [jvm.dll+0x9bb0fc]  (no source info available)
V  [jvm.dll+0x9bb579]  (no source info available)
V  [jvm.dll+0x9bb823]  (no source info available)
V  [jvm.dll+0x94f649]  (no source info available)
V  [jvm.dll+0x7d7358]  (no source info available)
C  [ucrtbase.dll+0x2cd30]  (no source info available)
C  [KERNEL32.DLL+0x2ccb7]  (no source info available)
C  [ntdll.dll+0xaad6c]  (no source info available)

VM_Operation (0x00000003c00fd918): G1CollectForAllocation, mode: safepoint, requested by thread 0x0000018e7257d840


---------------  P R O C E S S  ---------------

Threads class SMR info:
_java_thread_list=0x0000018e0a3816e0, length=17, elements={
0x0000018e7257d840, 0x0000018e7fac51f0, 0x0000018e7fac67b0, 0x0000018e7faca180,
0x0000018e7fad0150, 0x0000018e7fad0d00, 0x0000018e7fad54c0, 0x0000018e7fad5d20,
0x0000018e08038e60, 0x0000018e08079930, 0x0000018e0842e100, 0x0000018e0842e8b0,
0x0000018e09452550, 0x0000018e09472d10, 0x0000018e09482a00, 0x0000018e094859d0,
0x0000018e08d11d00
}

Java Threads: ( => current thread )
  0x0000018e7257d840 JavaThread "main"                              [_thread_blocked, id=15248, stack(0x00000003c0000000,0x00000003c0100000) (1024K)]
  0x0000018e7fac51f0 JavaThread "Reference Handler"          daemon [_thread_blocked, id=14784, stack(0x00000003c0900000,0x00000003c0a00000) (1024K)]
  0x0000018e7fac67b0 JavaThread "Finalizer"                  daemon [_thread_blocked, id=14788, stack(0x00000003c0a00000,0x00000003c0b00000) (1024K)]
  0x0000018e7faca180 JavaThread "Signal Dispatcher"          daemon [_thread_blocked, id=4900, stack(0x00000003c0b00000,0x00000003c0c00000) (1024K)]
  0x0000018e7fad0150 JavaThread "Attach Listener"            daemon [_thread_blocked, id=8064, stack(0x00000003c0c00000,0x00000003c0d00000) (1024K)]
  0x0000018e7fad0d00 JavaThread "Service Thread"             daemon [_thread_blocked, id=15568, stack(0x00000003c0d00000,0x00000003c0e00000) (1024K)]
  0x0000018e7fad54c0 JavaThread "Monitor Deflation Thread"   daemon [_thread_blocked, id=16444, stack(0x00000003c0e00000,0x00000003c0f00000) (1024K)]
  0x0000018e7fad5d20 JavaThread "C1 CompilerThread0"         daemon [_thread_blocked, id=3592, stack(0x00000003c0f00000,0x00000003c1000000) (1024K)]
  0x0000018e08038e60 JavaThread "C1 CompilerThread1"         daemon [_thread_blocked, id=7452, stack(0x00000003c1000000,0x00000003c1100000) (1024K)]
  0x0000018e08079930 JavaThread "Common-Cleaner"             daemon [_thread_blocked, id=15132, stack(0x00000003c1100000,0x00000003c1200000) (1024K)]
  0x0000018e0842e100 JavaThread "Monitor Ctrl-Break"         daemon [_thread_in_native, id=14356, stack(0x00000003c1400000,0x00000003c1500000) (1024K)]
  0x0000018e0842e8b0 JavaThread "Notification Thread"        daemon [_thread_blocked, id=3220, stack(0x00000003c1500000,0x00000003c1600000) (1024K)]
  0x0000018e09452550 JavaThread "Catalina-utility-1"                [_thread_blocked, id=9852, stack(0x00000003c1a00000,0x00000003c1b00000) (1024K)]
  0x0000018e09472d10 JavaThread "Catalina-utility-2"                [_thread_blocked, id=7976, stack(0x00000003c1e00000,0x00000003c1f00000) (1024K)]
  0x0000018e09482a00 JavaThread "container-0"                       [_thread_blocked, id=10984, stack(0x00000003c1f00000,0x00000003c2000000) (1024K)]
  0x0000018e094859d0 JavaThread "mysql-cj-abandoned-connection-cleanup" daemon [_thread_blocked, id=16464, stack(0x00000003c2000000,0x00000003c2100000) (1024K)]
  0x0000018e08d11d00 JavaThread "HikariPool-1:housekeeper"   daemon [_thread_blocked, id=9580, stack(0x00000003c2200000,0x00000003c2300000) (1024K)]
Total: 17

Other Threads:
=>0x0000018e7fab44c0 VMThread "VM Thread"                           [id=8924, stack(0x00000003c0800000,0x00000003c0900000) (1024K)]
  0x0000018e726202b0 WatcherThread "VM Periodic Task Thread"        [id=14952, stack(0x00000003c0700000,0x00000003c0800000) (1024K)]
  0x0000018e725b8eb0 WorkerThread "GC Thread#0"                     [id=14924, stack(0x00000003c0100000,0x00000003c0200000) (1024K)]
  0x0000018e082b0cf0 WorkerThread "GC Thread#1"                     [id=12148, stack(0x00000003c1200000,0x00000003c1300000) (1024K)]
  0x0000018e08bc5a60 WorkerThread "GC Thread#2"                     [id=12240, stack(0x00000003c1600000,0x00000003c1700000) (1024K)]
  0x0000018e08d5e9c0 WorkerThread "GC Thread#3"                     [id=16124, stack(0x00000003c1800000,0x00000003c1900000) (1024K)]
  0x0000018e08d5ede0 WorkerThread "GC Thread#4"                     [id=1932, stack(0x00000003c1900000,0x00000003c1a00000) (1024K)]
  0x0000018e08eae130 WorkerThread "GC Thread#5"                     [id=10336, stack(0x00000003c1b00000,0x00000003c1c00000) (1024K)]
  0x0000018e08eae550 WorkerThread "GC Thread#6"                     [id=11772, stack(0x00000003c1c00000,0x00000003c1d00000) (1024K)]
  0x0000018e090186d0 WorkerThread "GC Thread#7"                     [id=3548, stack(0x00000003c1d00000,0x00000003c1e00000) (1024K)]
  0x0000018e725d2540 ConcurrentGCThread "G1 Main Marker"            [id=9732, stack(0x00000003c0200000,0x00000003c0300000) (1024K)]
  0x0000018e725d2ec0 WorkerThread "G1 Conc#0"                       [id=2124, stack(0x00000003c0300000,0x00000003c0400000) (1024K)]
  0x0000018e083afb60 WorkerThread "G1 Conc#1"                       [id=14396, stack(0x00000003c1300000,0x00000003c1400000) (1024K)]
  0x0000018e7260f290 WorkerThread "G1 Refinement Workers#0"         [id=4040, stack(0x00000003c0500000,0x00000003c0600000) (1024K)]
  0x0000018e7260ca70 ConcurrentGCThread "G1 Refine Control"         [id=6228, stack(0x00000003c0400000,0x00000003c0500000) (1024K)]
  0x0000018e7260fc00 ConcurrentGCThread "G1 Service"                [id=8956, stack(0x00000003c0600000,0x00000003c0700000) (1024K)]
Total: 16

Threads with active compile tasks:
Total: 0

VM state: at safepoint (normal execution)

VM Mutex/Monitor currently owned by a thread:  ([mutex/lock_event])
[0x00007ff80ba0ed08] Threads_lock - owner thread: 0x0000018e7fab44c0
[0x00007ff80ba0ef88] Heap_lock - owner thread: 0x0000018e7257d840

Heap address: 0x0000000082600000, size: 2010 MB, Compressed Oops mode: 32-bit

CDS archive(s) mapped at: [0x0000000030000000-0x0000000030de0000-0x0000000030de0000), size 14548992, SharedBaseAddress: 0x0000000030000000, ArchiveRelocationMode: 1.
Compressed class space mapped at: 0x0000000031000000-0x0000000071000000, reserved size: 1073741824
UseCompressedClassPointers 1, UseCompactObjectHeaders 0
Narrow klass pointer bits 32, Max shift 3
Narrow klass base: 0x0000000030000000, Narrow klass shift: 0
Encoding Range: [0x0000000030000000 - 0x0000000130000000), (4294967296 bytes)
Klass Range:    [0x0000000030000000 - 0x0000000071000000), (1090519040 bytes)
Klass ID Range:  [8 - 1090519033) (1090519025)
Protection zone: [0x0000000030000000 - 0x0000000030010000), (65536 bytes)

GC Precious Log:
 CardTable entry size: 512
 Card Set container configuration: InlinePtr #cards 5 size 8 Array Of Cards #cards 10 size 36 Howl #buckets 4 coarsen threshold 1843 Howl Bitmap #cards 512 size 80 coarsen threshold 460 Card regions per heap region 1 cards per card region 2048
 CPUs: 8 total, 8 available
 Memory: 8035M
 Large Page Support: Disabled
 NUMA Support: Disabled
 Compressed Oops: Enabled (32-bit)
 Heap Region Size: 1M
 Heap Min Capacity: 8M
 Heap Initial Capacity: 8M
 Heap Max Capacity: 2010M
 Pre-touch: Disabled
 Parallel Workers: 8
 Concurrent Workers: 2
 Concurrent Refinement Workers: 8
 Periodic GC: Disabled

Heap:
 garbage-first heap   total reserved 2058240K, committed 43008K, used 31811K [0x0000000082600000, 0x0000000100000000)
  region size 1M, 0 eden (0M), 2 survivor (2M), 29 old (29M), 1 humongous (1M), 10 free (10M)

Heap Regions: E=young(eden), S=young(survivor), O=old, HS=humongous(starts), HC=humongous(continues), CS=collection set, F=free, TAMS=top-at-mark-start, PB=parsable bottom
|    0|0x0000000082600000, 0x0000000082700000, 0x0000000082700000|100%|HS|  |TAMS 0x0000000082600000| PB 0x0000000082600000| Complete  |  0
|    1|0x0000000082700000, 0x0000000082800000, 0x0000000082800000|100%| O|  |TAMS 0x0000000082700000| PB 0x0000000082700000| Untracked |  0
|    2|0x0000000082800000, 0x0000000082900000, 0x0000000082900000|100%| O|  |TAMS 0x0000000082800000| PB 0x0000000082800000| Untracked |  0
|    3|0x0000000082900000, 0x0000000082a00000, 0x0000000082a00000|100%| O|  |TAMS 0x0000000082900000| PB 0x0000000082900000| Untracked |  0
|    4|0x0000000082a00000, 0x0000000082b00000, 0x0000000082b00000|100%| O|  |TAMS 0x0000000082a00000| PB 0x0000000082a00000| Untracked |  0
|    5|0x0000000082b00000, 0x0000000082c00000, 0x0000000082c00000|100%| O|  |TAMS 0x0000000082b00000| PB 0x0000000082b00000| Untracked |  0
|    6|0x0000000082c00000, 0x0000000082d00000, 0x0000000082d00000|100%| O|  |TAMS 0x0000000082c00000| PB 0x0000000082c00000| Untracked |  0
|    7|0x0000000082d00000, 0x0000000082e00000, 0x0000000082e00000|100%| O|  |TAMS 0x0000000082d00000| PB 0x0000000082d00000| Untracked |  0
|    8|0x0000000082e00000, 0x0000000082f00000, 0x0000000082f00000|100%| O|  |TAMS 0x0000000082e00000| PB 0x0000000082e00000| Untracked |  0
|    9|0x0000000082f00000, 0x0000000083000000, 0x0000000083000000|100%| O|  |TAMS 0x0000000082f00000| PB 0x0000000082f00000| Untracked |  0
|   10|0x0000000083000000, 0x0000000083100000, 0x0000000083100000|100%| O|  |TAMS 0x0000000083000000| PB 0x0000000083000000| Untracked |  0
|   11|0x0000000083100000, 0x0000000083200000, 0x0000000083200000|100%| O|  |TAMS 0x0000000083100000| PB 0x0000000083100000| Untracked |  0
|   12|0x0000000083200000, 0x0000000083300000, 0x0000000083300000|100%| O|  |TAMS 0x0000000083200000| PB 0x0000000083200000| Untracked |  0
|   13|0x0000000083300000, 0x0000000083400000, 0x0000000083400000|100%| O|  |TAMS 0x0000000083300000| PB 0x0000000083300000| Untracked |  0
|   14|0x0000000083400000, 0x0000000083500000, 0x0000000083500000|100%| O|  |TAMS 0x0000000083400000| PB 0x0000000083400000| Untracked |  0
|   15|0x0000000083500000, 0x0000000083600000, 0x0000000083600000|100%| O|  |TAMS 0x0000000083500000| PB 0x0000000083500000| Untracked |  0
|   16|0x0000000083600000, 0x0000000083700000, 0x0000000083700000|100%| O|  |TAMS 0x0000000083600000| PB 0x0000000083600000| Untracked |  0
|   17|0x0000000083700000, 0x0000000083800000, 0x0000000083800000|100%| O|  |TAMS 0x0000000083700000| PB 0x0000000083700000| Untracked |  0
|   18|0x0000000083800000, 0x0000000083900000, 0x0000000083900000|100%| O|  |TAMS 0x0000000083800000| PB 0x0000000083800000| Untracked |  0
|   19|0x0000000083900000, 0x0000000083a00000, 0x0000000083a00000|100%| O|  |TAMS 0x0000000083900000| PB 0x0000000083900000| Untracked |  0
|   20|0x0000000083a00000, 0x0000000083b00000, 0x0000000083b00000|100%| O|  |TAMS 0x0000000083a00000| PB 0x0000000083a00000| Untracked |  0
|   21|0x0000000083b00000, 0x0000000083c00000, 0x0000000083c00000|100%| O|  |TAMS 0x0000000083b00000| PB 0x0000000083b00000| Untracked |  0
|   22|0x0000000083c00000, 0x0000000083d00000, 0x0000000083d00000|100%| O|  |TAMS 0x0000000083c00000| PB 0x0000000083c00000| Untracked |  0
|   23|0x0000000083d00000, 0x0000000083e00000, 0x0000000083e00000|100%| O|  |TAMS 0x0000000083d00000| PB 0x0000000083d00000| Untracked |  0
|   24|0x0000000083e00000, 0x0000000083f00000, 0x0000000083f00000|100%| O|  |TAMS 0x0000000083e00000| PB 0x0000000083e00000| Untracked |  0
|   25|0x0000000083f00000, 0x0000000084000000, 0x0000000084000000|100%| O|  |TAMS 0x0000000083f00000| PB 0x0000000083f00000| Untracked |  0
|   26|0x0000000084000000, 0x0000000084000000, 0x0000000084100000|  0%| F|  |TAMS 0x0000000084000000| PB 0x0000000084000000| Untracked |  0
|   27|0x0000000084100000, 0x00000000841777d0, 0x0000000084200000| 46%| O|  |TAMS 0x0000000084100000| PB 0x0000000084100000| Untracked |  0
|   28|0x0000000084200000, 0x0000000084299570, 0x0000000084300000| 59%| S|CS|TAMS 0x0000000084200000| PB 0x0000000084200000| Complete  |  0
|   29|0x0000000084300000, 0x0000000084300000, 0x0000000084400000|  0%| F|  |TAMS 0x0000000084300000| PB 0x0000000084300000| Untracked |  0
|   30|0x0000000084400000, 0x0000000084500000, 0x0000000084500000|100%| S|CS|TAMS 0x0000000084400000| PB 0x0000000084400000| Complete  |  0
|   31|0x0000000084500000, 0x0000000084500000, 0x0000000084600000|  0%| F|  |TAMS 0x0000000084500000| PB 0x0000000084500000| Untracked |  0
|   32|0x0000000084600000, 0x0000000084600000, 0x0000000084700000|  0%| F|  |TAMS 0x0000000084600000| PB 0x0000000084600000| Untracked |  0
|   33|0x0000000084700000, 0x0000000084700000, 0x0000000084800000|  0%| F|  |TAMS 0x0000000084700000| PB 0x0000000084700000| Untracked |  0
|   34|0x0000000084800000, 0x0000000084800000, 0x0000000084900000|  0%| F|  |TAMS 0x0000000084800000| PB 0x0000000084800000| Untracked |  0
|   35|0x0000000084900000, 0x0000000084900000, 0x0000000084a00000|  0%| F|  |TAMS 0x0000000084900000| PB 0x0000000084900000| Untracked |  0
|   36|0x0000000084a00000, 0x0000000084a00000, 0x0000000084b00000|  0%| F|  |TAMS 0x0000000084a00000| PB 0x0000000084a00000| Untracked |  0
|   37|0x0000000084b00000, 0x0000000084b00000, 0x0000000084c00000|  0%| F|  |TAMS 0x0000000084b00000| PB 0x0000000084b00000| Untracked |  0
| 2006|0x00000000ffc00000, 0x00000000ffd00000, 0x00000000ffd00000|100%| O|Cm|TAMS 0x00000000ffc00000| PB 0x00000000ffc00000| Complete  |  0
| 2007|0x00000000ffd00000, 0x00000000ffe00000, 0x00000000ffe00000|100%| O|  |TAMS 0x00000000ffd00000| PB 0x00000000ffd00000| Untracked |  0
| 2008|0x00000000ffe00000, 0x00000000fff00000, 0x00000000fff00000|100%| O|  |TAMS 0x00000000ffe00000| PB 0x00000000ffe00000| Untracked |  0
| 2009|0x00000000fff00000, 0x00000000fff00000, 0x0000000100000000|  0%| F|  |TAMS 0x00000000fff00000| PB 0x00000000fff00000| Untracked |  0

Card table byte_map: [0x0000018e7e930000,0x0000018e7ed20000] _byte_map_base: 0x0000018e7e51d000
Refinement table byte_map: [0x0000018e7ed20000,0x0000018e7f110000] _byte_map_base: 0x0000018e7e90d000

Marking Bits: (CMBitMap*) 0x0000018e725b9430
 Bits: [0x0000018e00000000, 0x0000018e01f68000)

Polling page: 0x0000018e70460000

Metaspace:
Metaspace        used 69352K, committed 69888K, reserved 1114112K
 class space     used 10453K, committed 10688K, reserved 1048576K

Usage:
  Non-class:     57.52 MB used.
      Class:     10.21 MB used.
       Both:     67.73 MB used.

Virtual space:
  Non-class space:       64.00 MB reserved,      57.81 MB ( 90%) committed,  1 nodes.
      Class space:        1.00 GB reserved,      10.44 MB (  1%) committed,  1 nodes.
             Both:        1.06 GB reserved,      68.25 MB (  6%) committed. 

Chunk freelists:
   Non-Class:  5.63 MB
       Class:  5.39 MB
        Both:  11.02 MB

MaxMetaspaceSize: unlimited
CompressedClassSpaceSize: 1.00 GB
Initial GC threshold: 21.00 MB
Current GC threshold: 112.50 MB
CDS: on
 - commit_granule_bytes: 65536.
 - commit_granule_words: 8192.
 - virtual_space_node_default_size: 8388608.
 - enlarge_chunks_in_place: 1.
UseCompressedClassPointers 1, UseCompactObjectHeaders 0
Narrow klass pointer bits 32, Max shift 3
Narrow klass base: 0x0000000030000000, Narrow klass shift: 0
Encoding Range: [0x0000000030000000 - 0x0000000130000000), (4294967296 bytes)
Klass Range:    [0x0000000030000000 - 0x0000000071000000), (1090519040 bytes)
Klass ID Range:  [8 - 1090519033) (1090519025)
Protection zone: [0x0000000030000000 - 0x0000000030010000), (65536 bytes)


Internal statistics:

num_allocs_failed_limit: 3.
num_arena_births: 732.
num_arena_deaths: 66.
num_vsnodes_births: 2.
num_vsnodes_deaths: 0.
num_space_committed: 1092.
num_space_uncommitted: 0.
num_chunks_returned_to_freelist: 70.
num_chunks_taken_from_freelist: 3188.
num_chunk_merges: 13.
num_chunk_splits: 2343.
num_chunks_enlarged: 1958.
num_inconsistent_stats: 0.

CodeCache: size=49152Kb used=8309Kb max_used=8309Kb free=40842Kb
 bounds [0x0000018e7b210000, 0x0000018e7ba30000, 0x0000018e7e210000]
 total_blobs=6588, nmethods=5838, adapters=674, full_count=0
Compilation: enabled, stopped_count=0, restarted_count=0

Compilation events (20 events):
Event: 21.353 Thread 0x0000018e7fad5d20 5927       1       org.springframework.web.context.support.ServletContextAwareProcessor::postProcessAfterInitialization (2 bytes)
Event: 21.353 Thread 0x0000018e08038e60 5928       1       org.springframework.context.support.ApplicationListenerDetector::postProcessAfterInitialization (109 bytes)
Event: 21.353 Thread 0x0000018e7fad5d20 nmethod 5927 0x0000018e7ba29608 code [0x0000018e7ba29700, 0x0000018e7ba297b8]
Event: 21.354 Thread 0x0000018e08038e60 nmethod 5928 0x0000018e7ba29908 code [0x0000018e7ba29a00, 0x0000018e7ba2a0e0]
Event: 21.354 Thread 0x0000018e08038e60 5929       1       org.springframework.beans.factory.support.AbstractBeanFactory::getMergedBeanDefinition (48 bytes)
Event: 21.354 Thread 0x0000018e08038e60 nmethod 5929 0x0000018e7ba2a188 code [0x0000018e7ba2a280, 0x0000018e7ba2a690]
Event: 21.357 Thread 0x0000018e7fad5d20 5930       1       org.springframework.core.MethodIntrospector$$Lambda/0x0000000031a60000::doWith (17 bytes)
Event: 21.357 Thread 0x0000018e08038e60 5931       1       org.springframework.core.MethodIntrospector::lambda$selectMethods$0 (84 bytes)
Event: 21.357 Thread 0x0000018e7fad5d20 nmethod 5930 0x0000018e7ba2a708 code [0x0000018e7ba2a800, 0x0000018e7ba2a8f0]
Event: 21.357 Thread 0x0000018e08038e60 nmethod 5931 0x0000018e7ba2aa08 code [0x0000018e7ba2ab00, 0x0000018e7ba2ad88]
Event: 21.357 Thread 0x0000018e08038e60 5932       1       org.springframework.context.event.EventListenerMethodProcessor$$Lambda/0x0000000031a99c08::inspect (5 bytes)
Event: 21.357 Thread 0x0000018e7fad5d20 5933       1       org.springframework.context.event.EventListenerMethodProcessor::lambda$processBean$0 (10 bytes)
Event: 21.358 Thread 0x0000018e7fad5d20 nmethod 5933 0x0000018e7ba2ae08 code [0x0000018e7ba2af00, 0x0000018e7ba2b010]
Event: 21.358 Thread 0x0000018e08038e60 nmethod 5932 0x0000018e7ba2b108 code [0x0000018e7ba2b200, 0x0000018e7ba2b338]
Event: 21.365 Thread 0x0000018e08038e60 5934       1       org.springframework.aop.framework.autoproxy.AutoProxyUtils::determineTargetClass (51 bytes)
Event: 21.365 Thread 0x0000018e7fad5d20 5935   !   1       org.springframework.context.event.EventListenerMethodProcessor::processBean (356 bytes)
Event: 21.366 Thread 0x0000018e08038e60 nmethod 5934 0x0000018e7ba2b408 code [0x0000018e7ba2b500, 0x0000018e7ba2b928]
Event: 21.366 Thread 0x0000018e08038e60 5936       1       org.springframework.context.event.EventListenerMethodProcessor::isSpringContainerClass (32 bytes)
Event: 21.367 Thread 0x0000018e08038e60 nmethod 5936 0x0000018e7ba2b988 code [0x0000018e7ba2ba80, 0x0000018e7ba2bca0]
Event: 21.369 Thread 0x0000018e7fad5d20 nmethod 5935 0x0000018e7ba2bd08 code [0x0000018e7ba2be00, 0x0000018e7ba2ce28]

GC Heap Usage History (20 events):
Event: 13.682 {heap After GC invocations=26 (full 0):
 garbage-first heap   total reserved 2058240K, committed 41984K, used 24557K [0x0000000082600000, 0x0000000100000000)
  region size 1M, 0 eden (0M), 2 survivor (2M), 21 old (21M), 1 humongous (1M), 17 free (17M)
}
Event: 15.346 {heap Before GC invocations=27 (full 0):
 garbage-first heap   total reserved 2058240K, committed 41984K, used 36845K [0x0000000082600000, 0x0000000100000000)
  region size 1M, 13 eden (13M), 2 survivor (2M), 21 old (21M), 1 humongous (1M), 4 free (4M)
}
Event: 15.353 {heap After GC invocations=28 (full 0):
 garbage-first heap   total reserved 2058240K, committed 41984K, used 25600K [0x0000000082600000, 0x0000000100000000)
  region size 1M, 0 eden (0M), 1 survivor (1M), 23 old (23M), 1 humongous (1M), 16 free (16M)
}
Event: 17.106 {heap Before GC invocations=28 (full 0):
 garbage-first heap   total reserved 2058240K, committed 41984K, used 37888K [0x0000000082600000, 0x0000000100000000)
  region size 1M, 13 eden (13M), 1 survivor (1M), 23 old (23M), 1 humongous (1M), 3 free (3M)
}
Event: 17.110 {heap After GC invocations=29 (full 0):
 garbage-first heap   total reserved 2058240K, committed 41984K, used 26380K [0x0000000082600000, 0x0000000100000000)
  region size 1M, 0 eden (0M), 2 survivor (2M), 23 old (23M), 1 humongous (1M), 15 free (15M)
}
Event: 18.033 {heap Before GC invocations=29 (full 0):
 garbage-first heap   total reserved 2058240K, committed 41984K, used 37644K [0x0000000082600000, 0x0000000100000000)
  region size 1M, 12 eden (12M), 2 survivor (2M), 23 old (23M), 1 humongous (1M), 3 free (3M)
}
Event: 18.038 {heap After GC invocations=30 (full 0):
 garbage-first heap   total reserved 2058240K, committed 41984K, used 26851K [0x0000000082600000, 0x0000000100000000)
  region size 1M, 0 eden (0M), 2 survivor (2M), 24 old (24M), 1 humongous (1M), 14 free (14M)
}
Event: 18.726 {heap Before GC invocations=31 (full 0):
 garbage-first heap   total reserved 2058240K, committed 41984K, used 38115K [0x0000000082600000, 0x0000000100000000)
  region size 1M, 11 eden (11M), 2 survivor (2M), 24 old (24M), 1 humongous (1M), 3 free (3M)
}
Event: 18.730 {heap After GC invocations=32 (full 0):
 garbage-first heap   total reserved 2058240K, committed 41984K, used 27363K [0x0000000082600000, 0x0000000100000000)
  region size 1M, 0 eden (0M), 1 survivor (1M), 25 old (25M), 1 humongous (1M), 14 free (14M)
}
Event: 19.233 {heap Before GC invocations=32 (full 0):
 garbage-first heap   total reserved 2058240K, committed 41984K, used 37603K [0x0000000082600000, 0x0000000100000000)
  region size 1M, 11 eden (11M), 1 survivor (1M), 25 old (25M), 1 humongous (1M), 3 free (3M)
}
Event: 19.238 {heap After GC invocations=33 (full 0):
 garbage-first heap   total reserved 2058240K, committed 41984K, used 27661K [0x0000000082600000, 0x0000000100000000)
  region size 1M, 0 eden (0M), 2 survivor (2M), 25 old (25M), 1 humongous (1M), 13 free (13M)
}
Event: 19.636 {heap Before GC invocations=33 (full 0):
 garbage-first heap   total reserved 2058240K, committed 41984K, used 37901K [0x0000000082600000, 0x0000000100000000)
  region size 1M, 10 eden (10M), 2 survivor (2M), 25 old (25M), 1 humongous (1M), 3 free (3M)
}
Event: 19.642 {heap After GC invocations=34 (full 0):
 garbage-first heap   total reserved 2058240K, committed 41984K, used 28717K [0x0000000082600000, 0x0000000100000000)
  region size 1M, 0 eden (0M), 2 survivor (2M), 26 old (26M), 1 humongous (1M), 12 free (12M)
}
Event: 20.170 {heap Before GC invocations=35 (full 0):
 garbage-first heap   total reserved 2058240K, committed 41984K, used 36909K [0x0000000082600000, 0x0000000100000000)
  region size 1M, 9 eden (9M), 2 survivor (2M), 26 old (26M), 1 humongous (1M), 3 free (3M)
}
Event: 20.176 {heap After GC invocations=36 (full 0):
 garbage-first heap   total reserved 2058240K, committed 41984K, used 29471K [0x0000000082600000, 0x0000000100000000)
  region size 1M, 0 eden (0M), 2 survivor (2M), 26 old (26M), 1 humongous (1M), 12 free (12M)
}
Event: 20.544 {heap Before GC invocations=36 (full 0):
 garbage-first heap   total reserved 2058240K, committed 41984K, used 38687K [0x0000000082600000, 0x0000000100000000)
  region size 1M, 9 eden (9M), 2 survivor (2M), 26 old (26M), 1 humongous (1M), 3 free (3M)
}
Event: 20.552 {heap After GC invocations=37 (full 0):
 garbage-first heap   total reserved 2058240K, committed 43008K, used 30212K [0x0000000082600000, 0x0000000100000000)
  region size 1M, 0 eden (0M), 2 survivor (2M), 27 old (27M), 1 humongous (1M), 12 free (12M)
}
Event: 21.015 {heap Before GC invocations=37 (full 0):
 garbage-first heap   total reserved 2058240K, committed 43008K, used 39428K [0x0000000082600000, 0x0000000100000000)
  region size 1M, 9 eden (9M), 2 survivor (2M), 27 old (27M), 1 humongous (1M), 3 free (3M)
}
Event: 21.020 {heap After GC invocations=38 (full 0):
 garbage-first heap   total reserved 2058240K, committed 43008K, used 30974K [0x0000000082600000, 0x0000000100000000)
  region size 1M, 0 eden (0M), 2 survivor (2M), 28 old (28M), 1 humongous (1M), 11 free (11M)
}
Event: 21.373 {heap Before GC invocations=39 (full 0):
 garbage-first heap   total reserved 2058240K, committed 43008K, used 39166K [0x0000000082600000, 0x0000000100000000)
  region size 1M, 8 eden (8M), 2 survivor (2M), 28 old (28M), 1 humongous (1M), 3 free (3M)
}

Metaspace Usage History (20 events):
Event: 13.682 {metaspace After GC invocations=26 (full 0):
 Metaspace       used 47281K, committed 47680K, reserved 1114112K
  class space    used 6939K, committed 7104K, reserved 1048576K
}
Event: 15.346 {metaspace Before GC invocations=27 (full 0):
 Metaspace       used 50198K, committed 50624K, reserved 1114112K
  class space    used 7359K, committed 7552K, reserved 1048576K
}
Event: 15.353 {metaspace After GC invocations=28 (full 0):
 Metaspace       used 50198K, committed 50624K, reserved 1114112K
  class space    used 7359K, committed 7552K, reserved 1048576K
}
Event: 17.106 {metaspace Before GC invocations=28 (full 0):
 Metaspace       used 53083K, committed 53504K, reserved 1114112K
  class space    used 7730K, committed 7872K, reserved 1048576K
}
Event: 17.110 {metaspace After GC invocations=29 (full 0):
 Metaspace       used 53083K, committed 53504K, reserved 1114112K
  class space    used 7730K, committed 7872K, reserved 1048576K
}
Event: 18.033 {metaspace Before GC invocations=29 (full 0):
 Metaspace       used 57986K, committed 58496K, reserved 1114112K
  class space    used 8574K, committed 8768K, reserved 1048576K
}
Event: 18.038 {metaspace After GC invocations=30 (full 0):
 Metaspace       used 57986K, committed 58496K, reserved 1114112K
  class space    used 8574K, committed 8768K, reserved 1048576K
}
Event: 18.726 {metaspace Before GC invocations=31 (full 0):
 Metaspace       used 60459K, committed 60928K, reserved 1114112K
  class space    used 9094K, committed 9280K, reserved 1048576K
}
Event: 18.730 {metaspace After GC invocations=32 (full 0):
 Metaspace       used 60459K, committed 60928K, reserved 1114112K
  class space    used 9094K, committed 9280K, reserved 1048576K
}
Event: 19.233 {metaspace Before GC invocations=32 (full 0):
 Metaspace       used 63315K, committed 63744K, reserved 1114112K
  class space    used 9550K, committed 9728K, reserved 1048576K
}
Event: 19.238 {metaspace After GC invocations=33 (full 0):
 Metaspace       used 63315K, committed 63744K, reserved 1114112K
  class space    used 9550K, committed 9728K, reserved 1048576K
}
Event: 19.636 {metaspace Before GC invocations=33 (full 0):
 Metaspace       used 64456K, committed 64960K, reserved 1114112K
  class space    used 9729K, committed 9984K, reserved 1048576K
}
Event: 19.642 {metaspace After GC invocations=34 (full 0):
 Metaspace       used 64456K, committed 64960K, reserved 1114112K
  class space    used 9729K, committed 9984K, reserved 1048576K
}
Event: 20.171 {metaspace Before GC invocations=35 (full 0):
 Metaspace       used 66354K, committed 66880K, reserved 1114112K
  class space    used 9985K, committed 10240K, reserved 1048576K
}
Event: 20.176 {metaspace After GC invocations=36 (full 0):
 Metaspace       used 66354K, committed 66880K, reserved 1114112K
  class space    used 9985K, committed 10240K, reserved 1048576K
}
Event: 20.544 {metaspace Before GC invocations=36 (full 0):
 Metaspace       used 67070K, committed 67584K, reserved 1114112K
  class space    used 10105K, committed 10368K, reserved 1048576K
}
Event: 20.552 {metaspace After GC invocations=37 (full 0):
 Metaspace       used 67070K, committed 67584K, reserved 1114112K
  class space    used 10105K, committed 10368K, reserved 1048576K
}
Event: 21.015 {metaspace Before GC invocations=37 (full 0):
 Metaspace       used 68243K, committed 68864K, reserved 1114112K
  class space    used 10280K, committed 10560K, reserved 1048576K
}
Event: 21.020 {metaspace After GC invocations=38 (full 0):
 Metaspace       used 68243K, committed 68864K, reserved 1114112K
  class space    used 10280K, committed 10560K, reserved 1048576K
}
Event: 21.373 {metaspace Before GC invocations=39 (full 0):
 Metaspace       used 69352K, committed 69888K, reserved 1114112K
  class space    used 10453K, committed 10688K, reserved 1048576K
}

Dll operation events (20 events):
Event: 0.742 Attempting to load shared library C:\Program Files\Java\jdk-26.0.1\bin\zip.dll
Event: 0.743 Loaded shared library C:\Program Files\Java\jdk-26.0.1\bin\zip.dll
Event: 0.766 Attempting to load shared library C:\Program Files\Java\jdk-26.0.1\bin\instrument.dll
Event: 0.766 Loaded shared library C:\Program Files\Java\jdk-26.0.1\bin\instrument.dll
Event: 0.786 Attempting to load shared library C:\Program Files\Java\jdk-26.0.1\bin\net.dll
Event: 0.787 Loaded shared library C:\Program Files\Java\jdk-26.0.1\bin\net.dll
Event: 0.792 Attempting to load shared library C:\Program Files\Java\jdk-26.0.1\bin\nio.dll
Event: 0.794 Loaded shared library C:\Program Files\Java\jdk-26.0.1\bin\nio.dll
Event: 0.817 Attempting to load shared library C:\Program Files\Java\jdk-26.0.1\bin\zip.dll
Event: 0.817 Loaded shared library C:\Program Files\Java\jdk-26.0.1\bin\zip.dll
Event: 1.565 Attempting to load shared library C:\Program Files\Java\jdk-26.0.1\bin\extnet.dll
Event: 1.566 Loaded shared library C:\Program Files\Java\jdk-26.0.1\bin\extnet.dll
Event: 1.596 Attempting to load shared library C:\Program Files\Java\jdk-26.0.1\bin\jimage.dll
Event: 1.596 Loaded shared library C:\Program Files\Java\jdk-26.0.1\bin\jimage.dll
Event: 5.969 Attempting to load shared library C:\Program Files\Java\jdk-26.0.1\bin\sunmscapi.dll
Event: 5.975 Loaded shared library C:\Program Files\Java\jdk-26.0.1\bin\sunmscapi.dll
Event: 9.104 Attempting to load shared library C:\Program Files\Java\jdk-26.0.1\bin\management.dll
Event: 9.105 Loaded shared library C:\Program Files\Java\jdk-26.0.1\bin\management.dll
Event: 9.107 Attempting to load shared library C:\Program Files\Java\jdk-26.0.1\bin\management_ext.dll
Event: 9.108 Loaded shared library C:\Program Files\Java\jdk-26.0.1\bin\management_ext.dll

Deoptimization events (8 events):
Event: 3.491 Thread 0x0000018e7257d840 DEOPT PACKING pc=0x0000018e7b5aeb2c sp=0x00000003c00fc8b0
Event: 3.491 Thread 0x0000018e7257d840 DEOPT UNPACKING pc=0x0000018e7b261a02 sp=0x00000003c00fbda8 mode 0
Event: 9.510 Thread 0x0000018e09452550 DEOPT PACKING pc=0x0000018e7b5c38d1 sp=0x00000003c1aff280
Event: 9.510 Thread 0x0000018e09452550 DEOPT UNPACKING pc=0x0000018e7b261a02 sp=0x00000003c1afe6d8 mode 3
Event: 9.510 Thread 0x0000018e7257d840 DEOPT PACKING pc=0x0000018e7b5e4cd6 sp=0x00000003c00feb80
Event: 9.510 Thread 0x0000018e7257d840 DEOPT UNPACKING pc=0x0000018e7b261a02 sp=0x00000003c00fe010 mode 3
Event: 12.326 Thread 0x0000018e7257d840 DEOPT PACKING pc=0x0000018e7b69b64c sp=0x00000003c00f9f50
Event: 12.326 Thread 0x0000018e7257d840 DEOPT UNPACKING pc=0x0000018e7b261a02 sp=0x00000003c00f9480 mode 0

Classes loaded (20 events):
Event: 19.383 Loading class sun/reflect/generics/reflectiveObjects/GenericArrayTypeImpl
Event: 19.383 Loading class sun/reflect/generics/reflectiveObjects/GenericArrayTypeImpl done
Event: 19.825 Loading class java/lang/Package$1PackageInfoProxy
Event: 19.825 Loading class java/lang/Package$1PackageInfoProxy done
Event: 20.117 Loading class java/lang/invoke/WrongMethodTypeException
Event: 20.117 Loading class java/lang/invoke/WrongMethodTypeException done
Event: 20.235 Loading class java/util/WeakHashMap$KeyIterator
Event: 20.235 Loading class java/util/WeakHashMap$KeyIterator done
Event: 20.639 Loading class java/util/EnumMap$EntrySet
Event: 20.640 Loading class java/util/EnumMap$EntrySet done
Event: 20.640 Loading class java/util/EnumMap$EntryIterator
Event: 20.640 Loading class java/util/EnumMap$EnumMapIterator
Event: 20.641 Loading class java/util/EnumMap$EnumMapIterator done
Event: 20.641 Loading class java/util/EnumMap$EntryIterator done
Event: 20.734 Loading class sun/reflect/annotation/TypeAnnotation$TypeAnnotationTargetInfo
Event: 20.734 Loading class sun/reflect/annotation/TypeAnnotation$TypeAnnotationTargetInfo done
Event: 20.800 Loading class java/util/Comparators$NullComparator
Event: 20.800 Loading class java/util/Comparators$NullComparator done
Event: 21.169 Loading class java/lang/ExceptionInInitializerError
Event: 21.169 Loading class java/lang/ExceptionInInitializerError done

Classes unloaded (20 events):
Event: 21.083 Thread 0x0000018e7fab44c0 Unloading class 0x00000000314b1000 'java/lang/invoke/LambdaForm$MH+0x00000000314b1000'
Event: 21.083 Thread 0x0000018e7fab44c0 Unloading class 0x00000000314b0c00 'java/lang/invoke/LambdaForm$MH+0x00000000314b0c00'
Event: 21.083 Thread 0x0000018e7fab44c0 Unloading class 0x00000000314b0800 'java/lang/invoke/LambdaForm$BMH+0x00000000314b0800'
Event: 21.083 Thread 0x0000018e7fab44c0 Unloading class 0x000000003149d400 'java/lang/invoke/LambdaForm$MH+0x000000003149d400'
Event: 21.083 Thread 0x0000018e7fab44c0 Unloading class 0x000000003149cc00 'java/lang/invoke/LambdaForm$MH+0x000000003149cc00'
Event: 21.083 Thread 0x0000018e7fab44c0 Unloading class 0x000000003148d800 'java/lang/invoke/LambdaForm$MH+0x000000003148d800'
Event: 21.083 Thread 0x0000018e7fab44c0 Unloading class 0x000000003148d400 'java/lang/invoke/LambdaForm$MH+0x000000003148d400'
Event: 21.083 Thread 0x0000018e7fab44c0 Unloading class 0x0000000031480c00 'java/lang/invoke/LambdaForm$MH+0x0000000031480c00'
Event: 21.083 Thread 0x0000018e7fab44c0 Unloading class 0x0000000031480800 'java/lang/invoke/LambdaForm$MH+0x0000000031480800'
Event: 21.083 Thread 0x0000018e7fab44c0 Unloading class 0x000000003143cc00 'java/lang/invoke/LambdaForm$MH+0x000000003143cc00'
Event: 21.083 Thread 0x0000018e7fab44c0 Unloading class 0x0000000031420800 'java/lang/invoke/LambdaForm$MH+0x0000000031420800'
Event: 21.083 Thread 0x0000018e7fab44c0 Unloading class 0x0000000031420400 'java/lang/invoke/LambdaForm$MH+0x0000000031420400'
Event: 21.083 Thread 0x0000018e7fab44c0 Unloading class 0x0000000031400000 'java/lang/invoke/LambdaForm$DMH+0x0000000031400000'
Event: 21.083 Thread 0x0000018e7fab44c0 Unloading class 0x00000000313e1000 'java/lang/invoke/LambdaForm$MH+0x00000000313e1000'
Event: 21.083 Thread 0x0000018e7fab44c0 Unloading class 0x00000000313cd400 'java/lang/invoke/LambdaForm$MH+0x00000000313cd400'
Event: 21.083 Thread 0x0000018e7fab44c0 Unloading class 0x00000000313ccc00 'java/lang/invoke/LambdaForm$MH+0x00000000313ccc00'
Event: 21.083 Thread 0x0000018e7fab44c0 Unloading class 0x00000000313cc800 'java/lang/invoke/LambdaForm$MH+0x00000000313cc800'
Event: 21.083 Thread 0x0000018e7fab44c0 Unloading class 0x00000000313c6000 'java/lang/invoke/LambdaForm$MH+0x00000000313c6000'
Event: 21.083 Thread 0x0000018e7fab44c0 Unloading class 0x0000000031385000 'java/lang/invoke/LambdaForm$MH+0x0000000031385000'
Event: 21.083 Thread 0x0000018e7fab44c0 Unloading class 0x0000000031384c00 'java/lang/invoke/LambdaForm$MH+0x0000000031384c00'

Classes redefined (0 events):
No events

Internal exceptions (20 events):
Event: 18.697 Thread 0x0000018e7257d840 Exception <a 'java/lang/NoSuchMethodError'{0x000000008428f478}: 'java.lang.Object java.lang.invoke.DirectMethodHandle$Holder.newInvokeSpecial(java.lang.Object, java.lang.Object, java.lang.Object, java.lang.Object, java.lang.Object, java.lang.Object, java.lang.Object)'> (0x000000008428f478) 
thrown [s\open\src\hotspot\share\interpreter\linkResolver.cpp, line 804]
Event: 18.719 Thread 0x0000018e7257d840 Exception <a 'java/lang/NoSuchMethodError'{0x00000000842d5620}: 'void java.lang.invoke.DirectMethodHandle$Holder.invokeSpecial(java.lang.Object, java.lang.Object, int, java.lang.Object)'> (0x00000000842d5620) 
thrown [s\open\src\hotspot\share\interpreter\linkResolver.cpp, line 804]
Event: 18.785 Thread 0x0000018e7257d840 Exception <a 'java/lang/NoSuchMethodError'{0x0000000084b6b930}: 'int java.lang.invoke.DirectMethodHandle$Holder.invokeStatic(java.lang.Object, int, java.lang.Object)'> (0x0000000084b6b930) 
thrown [s\open\src\hotspot\share\interpreter\linkResolver.cpp, line 804]
Event: 18.797 Thread 0x0000018e7257d840 Exception <a 'java/lang/NoSuchMethodError'{0x0000000084be16c0}: 'java.lang.Object java.lang.invoke.DirectMethodHandle$Holder.newInvokeSpecial(java.lang.Object, java.lang.Object, java.lang.Object, java.lang.Object, java.lang.Object, java.lang.Object, java.lang.Object, java.lang.Object, java.lang.Object, java.lang.Object, java.lang.Object, java.lang.Object)'> (0x0000000084be16c0) 
thrown [s\open\src\hotspot\share\interpreter\linkResolver.cpp, line 804]
Event: 18.798 Thread 0x0000018e7257d840 Exception <a 'java/lang/NoSuchMethodError'{0x0000000084beb558}: 'java.lang.Object java.lang.invoke.Invokers$Holder.linkToTargetMethod(java.lang.Object, java.lang.Object, java.lang.Object, java.lang.Object, java.lang.Object, java.lang.Object, java.lang.Object, java.lang.Object, java.lang.Object, java.lang.Object, java.lang.Object, java.lang.Object)'> (0x0000000084beb558) 
thrown [s\open\src\hotspot\share\interpreter\linkResolver.cpp, line 804]
Event: 18.839 Thread 0x0000018e7257d840 Exception <a 'java/lang/IncompatibleClassChangeError'{0x0000000084af0a10}: Found class java.lang.Object, but interface was expected> (0x0000000084af0a10) 
thrown [s\open\src\hotspot\share\interpreter\linkResolver.cpp, line 871]
Event: 18.878 Thread 0x0000018e7257d840 Exception <a 'java/lang/IncompatibleClassChangeError'{0x00000000849bdc58}: Found class java.lang.Object, but interface was expected> (0x00000000849bdc58) 
thrown [s\open\src\hotspot\share\interpreter\linkResolver.cpp, line 871]
Event: 18.945 Thread 0x0000018e7257d840 Exception <a 'java/lang/NoSuchMethodError'{0x000000008476ee90}: 'java.lang.Object java.lang.invoke.DirectMethodHandle$Holder.newInvokeSpecial(java.lang.Object, java.lang.Object, int, java.lang.Object, int, java.lang.Object, java.lang.Object)'> (0x000000008476ee90) 
thrown [s\open\src\hotspot\share\interpreter\linkResolver.cpp, line 804]
Event: 19.424 Thread 0x0000018e7257d840 Exception <a 'java/lang/IncompatibleClassChangeError'{0x00000000848b91e8}: Found class java.lang.Object, but interface was expected> (0x00000000848b91e8) 
thrown [s\open\src\hotspot\share\interpreter\linkResolver.cpp, line 871]
Event: 19.514 Thread 0x0000018e7257d840 Exception <a 'java/lang/IncompatibleClassChangeError'{0x0000000084661060}: Found class java.lang.Object, but interface was expected> (0x0000000084661060) 
thrown [s\open\src\hotspot\share\interpreter\linkResolver.cpp, line 871]
Event: 20.161 Thread 0x0000018e7257d840 Exception <a 'java/lang/IncompatibleClassChangeError'{0x0000000084499950}: Found class java.lang.Object, but interface was expected> (0x0000000084499950) 
thrown [s\open\src\hotspot\share\interpreter\linkResolver.cpp, line 871]
Event: 20.308 Thread 0x0000018e7257d840 Exception <a 'java/lang/NoSuchMethodError'{0x0000000084935a50}: 'java.lang.Object java.lang.invoke.DirectMethodHandle$Holder.invokeInterface(java.lang.Object, java.lang.Object, java.lang.Object, java.lang.Object)'> (0x0000000084935a50) 
thrown [s\open\src\hotspot\share\interpreter\linkResolver.cpp, line 804]
Event: 20.574 Thread 0x0000018e7257d840 Exception <a 'java/lang/NoSuchMethodError'{0x00000000fff64e50}: 'void java.lang.invoke.Invokers$Holder.invokeExact_MT(java.lang.Object, java.lang.Object, java.lang.Object, java.lang.Object)'> (0x00000000fff64e50) 
thrown [s\open\src\hotspot\share\interpreter\linkResolver.cpp, line 804]
Event: 20.641 Thread 0x0000018e7257d840 Exception <a 'java/lang/NoSuchMethodError'{0x0000000084b632f8}: 'java.lang.Object java.lang.invoke.DirectMethodHandle$Holder.invokeVirtual(java.lang.Object, java.lang.Object, java.lang.Object, int)'> (0x0000000084b632f8) 
thrown [s\open\src\hotspot\share\interpreter\linkResolver.cpp, line 804]
Event: 20.713 Thread 0x0000018e7257d840 Exception <a 'java/lang/NoSuchMethodError'{0x0000000084968ec0}: 'java.lang.Object java.lang.invoke.DirectMethodHandle$Holder.invokeVirtual(java.lang.Object, java.lang.Object, int)'> (0x0000000084968ec0) 
thrown [s\open\src\hotspot\share\interpreter\linkResolver.cpp, line 804]
Event: 20.932 Thread 0x0000018e7257d840 Exception <a 'java/lang/IncompatibleClassChangeError'{0x000000008453fdc0}: Found class java.lang.Object, but interface was expected> (0x000000008453fdc0) 
thrown [s\open\src\hotspot\share\interpreter\linkResolver.cpp, line 871]
Event: 21.131 Thread 0x0000018e7257d840 Exception <a 'java/lang/NoSuchMethodError'{0x0000000084bc43b8}: 'int java.lang.invoke.DirectMethodHandle$Holder.invokeStaticInit(java.lang.Object, java.lang.Object, java.lang.Object, java.lang.Object)'> (0x0000000084bc43b8) 
thrown [s\open\src\hotspot\share\interpreter\linkResolver.cpp, line 804]
Event: 21.288 Thread 0x0000018e7257d840 Exception <a 'java/lang/IncompatibleClassChangeError'{0x000000008473a488}: Found class java.lang.Object, but interface was expected> (0x000000008473a488) 
thrown [s\open\src\hotspot\share\interpreter\linkResolver.cpp, line 871]
Event: 21.372 Thread 0x0000018e7257d840 Exception <a 'java/lang/NoSuchMethodError'{0x00000000845ea9f0}: 'java.lang.Object java.lang.invoke.DirectMethodHandle$Holder.newInvokeSpecial(java.lang.Object, java.lang.Object, int, java.lang.Object, java.lang.Object)'> (0x00000000845ea9f0) 
thrown [s\open\src\hotspot\share\interpreter\linkResolver.cpp, line 804]
Event: 21.373 Thread 0x0000018e7257d840 Exception <a 'java/lang/NoSuchMethodError'{0x00000000845faef8}: 'java.lang.Object java.lang.invoke.Invokers$Holder.linkToTargetMethod(java.lang.Object, int, java.lang.Object, java.lang.Object, java.lang.Object)'> (0x00000000845faef8) 
thrown [s\open\src\hotspot\share\interpreter\linkResolver.cpp, line 804]

VM Operations (20 events):
Event: 19.844 Executing non-safepoint VM operation: HandshakeAllThreads (Deoptimize) done
Event: 20.170 Executing safepoint VM operation: G1CollectForAllocation (G1 Evacuation Pause)
Event: 20.176 Executing safepoint VM operation: G1CollectForAllocation (G1 Evacuation Pause) done
Event: 20.544 Executing safepoint VM operation: G1CollectForAllocation (G1 Evacuation Pause)
Event: 20.552 Executing safepoint VM operation: G1CollectForAllocation (G1 Evacuation Pause) done
Event: 20.834 Executing non-safepoint VM operation: HandshakeAllThreads (Deoptimize)
Event: 20.834 Executing non-safepoint VM operation: HandshakeAllThreads (Deoptimize) done
Event: 20.835 Executing non-safepoint VM operation: HandshakeAllThreads (Deoptimize)
Event: 20.835 Executing non-safepoint VM operation: HandshakeAllThreads (Deoptimize) done
Event: 20.964 Executing non-safepoint VM operation: HandshakeAllThreads (Deoptimize)
Event: 20.964 Executing non-safepoint VM operation: HandshakeAllThreads (Deoptimize) done
Event: 21.015 Executing safepoint VM operation: G1CollectForAllocation (G1 Evacuation Pause)
Event: 21.020 Executing safepoint VM operation: G1CollectForAllocation (G1 Evacuation Pause) done
Event: 21.067 Executing non-safepoint VM operation: HandshakeAllThreads (Deoptimize)
Event: 21.067 Executing non-safepoint VM operation: HandshakeAllThreads (Deoptimize) done
Event: 21.082 Executing safepoint VM operation: G1PauseRemark
Event: 21.096 Executing safepoint VM operation: G1PauseRemark done
Event: 21.121 Executing safepoint VM operation: G1PauseCleanup
Event: 21.121 Executing safepoint VM operation: G1PauseCleanup done
Event: 21.373 Executing safepoint VM operation: G1CollectForAllocation (G1 Evacuation Pause)

Memory protections (0 events):
No events

Nmethod flushes (20 events):
Event: 18.104 Thread 0x0000018e7fab44c0 flushing  nmethod 0x0000018e7b51be08
Event: 18.104 Thread 0x0000018e7fab44c0 flushing  nmethod 0x0000018e7b4a5b88
Event: 18.104 Thread 0x0000018e7fab44c0 flushing  nmethod 0x0000018e7b4aec08
Event: 18.104 Thread 0x0000018e7fab44c0 flushing  nmethod 0x0000018e7b69ae08
Event: 18.104 Thread 0x0000018e7fab44c0 flushing  nmethod 0x0000018e7b8f4f08
Event: 18.104 Thread 0x0000018e7fab44c0 flushing  nmethod 0x0000018e7b8d9e08
Event: 18.104 Thread 0x0000018e7fab44c0 flushing  nmethod 0x0000018e7b78b108
Event: 18.104 Thread 0x0000018e7fab44c0 flushing  nmethod 0x0000018e7b4c0388
Event: 19.713 Thread 0x0000018e7fab44c0 flushing  nmethod 0x0000018e7b8e5d08
Event: 19.713 Thread 0x0000018e7fab44c0 flushing  nmethod 0x0000018e7b9c3808
Event: 19.713 Thread 0x0000018e7fab44c0 flushing  nmethod 0x0000018e7b8ecb88
Event: 19.713 Thread 0x0000018e7fab44c0 flushing  nmethod 0x0000018e7b8ece88
Event: 19.713 Thread 0x0000018e7fab44c0 flushing  nmethod 0x0000018e7b4daf88
Event: 19.713 Thread 0x0000018e7fab44c0 flushing  nmethod 0x0000018e7b9c5988
Event: 19.713 Thread 0x0000018e7fab44c0 flushing  nmethod 0x0000018e7b953f88
Event: 19.713 Thread 0x0000018e7fab44c0 flushing  nmethod 0x0000018e7b956288
Event: 21.095 Thread 0x0000018e7fab44c0 flushing  nmethod 0x0000018e7b590f88
Event: 21.095 Thread 0x0000018e7fab44c0 flushing  nmethod 0x0000018e7b872808
Event: 21.095 Thread 0x0000018e7fab44c0 flushing  nmethod 0x0000018e7b872b08
Event: 21.095 Thread 0x0000018e7fab44c0 flushing  nmethod 0x0000018e7b869108

Events (20 events):
Event: 0.209 Thread 0x0000018e7257d840 Thread added: 0x0000018e7fad0d00
Event: 0.209 Thread 0x0000018e7257d840 Thread added: 0x0000018e7fad54c0
Event: 0.209 Thread 0x0000018e7257d840 Thread added: 0x0000018e7fad5d20
Event: 0.681 Thread 0x0000018e7fad5d20 Thread added: 0x0000018e08038e60
Event: 0.779 Thread 0x0000018e7257d840 Thread added: 0x0000018e08079930
Event: 1.427 Thread 0x0000018e7257d840 Thread added: 0x0000018e0842e100
Event: 1.427 Thread 0x0000018e7257d840 Thread added: 0x0000018e0842e8b0
Event: 3.256 Thread 0x0000018e7fad5d20 Thread added: 0x0000018e08cd0850
Event: 4.003 Thread 0x0000018e7257d840 Thread added: 0x0000018e08df2d70
Event: 5.304 Thread 0x0000018e7257d840 Thread added: 0x0000018e09130d60
Event: 5.399 Thread 0x0000018e09130d60 Thread exited: 0x0000018e09130d60
Event: 6.101 Thread 0x0000018e08df2d70 Thread exited: 0x0000018e08df2d70
Event: 9.506 Thread 0x0000018e7257d840 Thread added: 0x0000018e09452550
Event: 9.509 Thread 0x0000018e09452550 Thread added: 0x0000018e09472d10
Event: 9.520 Thread 0x0000018e7257d840 Thread added: 0x0000018e09482a00
Event: 9.625 Thread 0x0000018e7257d840 Thread added: 0x0000018e094859d0
Event: 13.506 Thread 0x0000018e7257d840 Thread added: 0x0000018e08d11d00
Event: 13.620 Thread 0x0000018e08d11d00 Thread added: 0x0000018e0999fa60
Event: 17.886 Thread 0x0000018e08cd0850 Thread exited: 0x0000018e08cd0850
Event: 20.538 Thread 0x0000018e0999fa60 Thread exited: 0x0000018e0999fa60


Dynamic libraries:
0x00007ff617de0000 - 0x00007ff617df0000 	C:\Program Files\Java\jdk-26.0.1\bin\java.exe
0x00007ff8c0aa0000 - 0x00007ff8c0d06000 	C:\WINDOWS\SYSTEM32\ntdll.dll
0x00007ff8bfa30000 - 0x00007ff8bfaf9000 	C:\WINDOWS\System32\KERNEL32.DLL
0x00007ff8be190000 - 0x00007ff8be58f000 	C:\WINDOWS\System32\KERNELBASE.dll
0x00007ff8be040000 - 0x00007ff8be18c000 	C:\WINDOWS\System32\ucrtbase.dll
0x00007ff8b8b40000 - 0x00007ff8b8b5e000 	C:\Program Files\Java\jdk-26.0.1\bin\VCRUNTIME140.dll
0x00007ff8b8b20000 - 0x00007ff8b8b37000 	C:\Program Files\Java\jdk-26.0.1\bin\jli.dll
0x00007ff8be810000 - 0x00007ff8be9d6000 	C:\WINDOWS\System32\USER32.dll
0x00007ff8a2580000 - 0x00007ff8a2811000 	C:\WINDOWS\WinSxS\amd64_microsoft.windows.common-controls_6595b64144ccf1df_6.0.26100.8972_none_3e0da176e32f9d4b\COMCTL32.dll
0x00007ff8be7e0000 - 0x00007ff8be807000 	C:\WINDOWS\System32\win32u.dll
0x00007ff8c0720000 - 0x00007ff8c07c9000 	C:\WINDOWS\System32\msvcrt.dll
0x00007ff8bfa00000 - 0x00007ff8bfa2b000 	C:\WINDOWS\System32\GDI32.dll
0x00007ff8bde60000 - 0x00007ff8bdf89000 	C:\WINDOWS\System32\gdi32full.dll
0x00007ff8bdf90000 - 0x00007ff8be033000 	C:\WINDOWS\System32\msvcp_win.dll
0x00007ff8bea60000 - 0x00007ff8bea92000 	C:\WINDOWS\System32\IMM32.DLL
0x00007ff8b6fb0000 - 0x00007ff8b6fbc000 	C:\Program Files\Java\jdk-26.0.1\bin\vcruntime140_1.dll
0x00007ff8b5670000 - 0x00007ff8b56fd000 	C:\Program Files\Java\jdk-26.0.1\bin\msvcp140.dll
0x00007ff80ac30000 - 0x00007ff80bafe000 	C:\Program Files\Java\jdk-26.0.1\bin\server\jvm.dll
0x00007ff8c0600000 - 0x00007ff8c06bc000 	C:\WINDOWS\System32\ADVAPI32.dll
0x00007ff8bf5c0000 - 0x00007ff8bf66a000 	C:\WINDOWS\System32\sechost.dll
0x00007ff8bf7d0000 - 0x00007ff8bf8e8000 	C:\WINDOWS\System32\RPCRT4.dll
0x00007ff8c03e0000 - 0x00007ff8c0462000 	C:\WINDOWS\System32\WS2_32.dll
0x00007ff8a8560000 - 0x00007ff8a8596000 	C:\WINDOWS\SYSTEM32\WINMM.dll
0x00007ff8bdb70000 - 0x00007ff8bdbce000 	C:\WINDOWS\SYSTEM32\POWRPROF.dll
0x00007ff8b4360000 - 0x00007ff8b436b000 	C:\WINDOWS\SYSTEM32\VERSION.dll
0x00007ff8bdb50000 - 0x00007ff8bdb65000 	C:\WINDOWS\SYSTEM32\UMPDC.dll
0x00007ff8bca30000 - 0x00007ff8bca4b000 	C:\WINDOWS\SYSTEM32\kernel.appcore.dll
0x00007ff8b6a20000 - 0x00007ff8b6a2a000 	C:\Program Files\Java\jdk-26.0.1\bin\jimage.dll
0x00007ff8bb5a0000 - 0x00007ff8bb7e2000 	C:\WINDOWS\SYSTEM32\DBGHELP.DLL
0x00007ff8bf230000 - 0x00007ff8bf5b5000 	C:\WINDOWS\System32\combase.dll
0x00007ff8bfb70000 - 0x00007ff8bfc49000 	C:\WINDOWS\System32\OLEAUT32.dll
0x00007ff8a55b0000 - 0x00007ff8a55eb000 	C:\WINDOWS\SYSTEM32\dbgcore.DLL
0x00007ff8be730000 - 0x00007ff8be7dc000 	C:\WINDOWS\System32\bcryptPrimitives.dll
0x00007ff8b6a10000 - 0x00007ff8b6a20000 	C:\Program Files\Java\jdk-26.0.1\bin\instrument.dll
0x00007ff8b6000000 - 0x00007ff8b601f000 	C:\Program Files\Java\jdk-26.0.1\bin\java.dll
0x00007ff8beaa0000 - 0x00007ff8bec39000 	C:\WINDOWS\System32\ole32.dll
0x00007ff8bfc50000 - 0x00007ff8c03d8000 	C:\WINDOWS\System32\SHELL32.dll
0x00007ff8bb840000 - 0x00007ff8bc0db000 	C:\WINDOWS\SYSTEM32\windows.storage.dll
0x00007ff8c04f0000 - 0x00007ff8c05e9000 	C:\WINDOWS\System32\SHCORE.dll
0x00007ff8bfb00000 - 0x00007ff8bfb66000 	C:\WINDOWS\System32\shlwapi.dll
0x00007ff8bdc30000 - 0x00007ff8bdc59000 	C:\WINDOWS\SYSTEM32\profapi.dll
0x00007ff8a8800000 - 0x00007ff8a8817000 	C:\Program Files\Java\jdk-26.0.1\bin\zip.dll
0x00007ff8b58b0000 - 0x00007ff8b58c2000 	C:\Program Files\Java\jdk-26.0.1\bin\net.dll
0x00007ff8bcfa0000 - 0x00007ff8bd00c000 	C:\WINDOWS\system32\mswsock.dll
0x00007ff8b4e30000 - 0x00007ff8b4e46000 	C:\Program Files\Java\jdk-26.0.1\bin\nio.dll
0x00007ff8b6050000 - 0x00007ff8b6059000 	C:\Program Files\Java\jdk-26.0.1\bin\extnet.dll
0x00007ff8a21c0000 - 0x00007ff8a21ce000 	C:\Program Files\Java\jdk-26.0.1\bin\sunmscapi.dll
0x00007ff8be5a0000 - 0x00007ff8be71e000 	C:\WINDOWS\System32\CRYPT32.dll
0x00007ff8bd500000 - 0x00007ff8bd530000 	C:\WINDOWS\SYSTEM32\ncrypt.dll
0x00007ff8bd4b0000 - 0x00007ff8bd4ef000 	C:\WINDOWS\SYSTEM32\NTASN1.dll
0x00007ff8bd390000 - 0x00007ff8bd3ab000 	C:\WINDOWS\SYSTEM32\CRYPTSP.dll
0x00007ff8bc990000 - 0x00007ff8bc9c9000 	C:\WINDOWS\system32\rsaenh.dll
0x00007ff8bd040000 - 0x00007ff8bd072000 	C:\WINDOWS\SYSTEM32\USERENV.dll
0x00007ff8bdc00000 - 0x00007ff8bdc2a000 	C:\WINDOWS\SYSTEM32\bcrypt.dll
0x00007ff8bd370000 - 0x00007ff8bd37c000 	C:\WINDOWS\SYSTEM32\CRYPTBASE.dll
0x00007ff8bc3f0000 - 0x00007ff8bc423000 	C:\WINDOWS\SYSTEM32\IPHLPAPI.DLL
0x00007ff8c09b0000 - 0x00007ff8c09ba000 	C:\WINDOWS\System32\NSI.dll
0x00007ff8b5660000 - 0x00007ff8b566a000 	C:\Program Files\Java\jdk-26.0.1\bin\management.dll
0x00007ff8a2350000 - 0x00007ff8a235c000 	C:\Program Files\Java\jdk-26.0.1\bin\management_ext.dll
0x00007ff8c09c0000 - 0x00007ff8c09c8000 	C:\WINDOWS\System32\PSAPI.DLL
0x00007ff8bc4e0000 - 0x00007ff8bc638000 	C:\WINDOWS\SYSTEM32\DNSAPI.dll
0x00007ff8bcdd0000 - 0x00007ff8bcddd000 	C:\WINDOWS\SYSTEM32\DSPARSE.dll
0x00007ff8b4600000 - 0x00007ff8b460b000 	C:\Windows\System32\rasadhlp.dll
0x00007ff8b4990000 - 0x00007ff8b4a16000 	C:\WINDOWS\System32\fwpuclnt.dll

JVMTI agents:
C:\Program Files\JetBrains\IntelliJ IDEA 2026.2.1\lib\idea_rt.jar path:C:\Program Files\Java\jdk-26.0.1\bin\instrument.dll, loaded, initialized, instrumentlib options:50218

dbghelp: loaded successfully - version: 4.0.5 - missing functions: none
symbol engine: initialized successfully - sym options: 0x614 - pdb path: .;C:\Program Files\Java\jdk-26.0.1\bin;C:\WINDOWS\SYSTEM32;C:\WINDOWS\WinSxS\amd64_microsoft.windows.common-controls_6595b64144ccf1df_6.0.26100.8972_none_3e0da176e32f9d4b;C:\Program Files\Java\jdk-26.0.1\bin\server

VM Arguments:
jvm_args: -XX:TieredStopAtLevel=1 -Dspring.output.ansi.enabled=always -javaagent:C:\Program Files\JetBrains\IntelliJ IDEA 2026.2.1\lib\idea_rt.jar=50218 -Dfile.encoding=UTF-8 -Dsun.stdout.encoding=UTF-8 -Dsun.stderr.encoding=UTF-8 
java_command: com.LibraryDesk.LibraryDeskApplication
java_class_path (initial): C:\Users\Basit\.vscode\java\LibraryDesk\LibraryDesk\target\classes;C:\Users\Basit\.m2\repository\com\mysql\mysql-connector-j\9.7.0\mysql-connector-j-9.7.0.jar;C:\Users\Basit\.m2\repository\org\springframework\boot\spring-boot-starter-data-jpa\4.1.1\spring-boot-starter-data-jpa-4.1.1.jar;C:\Users\Basit\.m2\repository\org\springframework\boot\spring-boot-starter\4.1.1\spring-boot-starter-4.1.1.jar;C:\Users\Basit\.m2\repository\org\springframework\boot\spring-boot-starter-logging\4.1.1\spring-boot-starter-logging-4.1.1.jar;C:\Users\Basit\.m2\repository\ch\qos\logback\logback-classic\1.5.38\logback-classic-1.5.38.jar;C:\Users\Basit\.m2\repository\ch\qos\logback\logback-core\1.5.38\logback-core-1.5.38.jar;C:\Users\Basit\.m2\repository\org\apache\logging\log4j\log4j-to-slf4j\2.25.5\log4j-to-slf4j-2.25.5.jar;C:\Users\Basit\.m2\repository\org\apache\logging\log4j\log4j-api\2.25.5\log4j-api-2.25.5.jar;C:\Users\Basit\.m2\repository\org\slf4j\jul-to-slf4j\2.0.18\jul-to-slf4j-2.0.18.jar;C:\Users\Basit\.m2\repository\org\springframework\boot\spring-boot-autoconfigure\4.1.1\spring-boot-autoconfigure-4.1.1.jar;C:\Users\Basit\.m2\repository\jakarta\annotation\jakarta.annotation-api\3.0.0\jakarta.annotation-api-3.0.0.jar;C:\Users\Basit\.m2\repository\org\yaml\snakeyaml\2.6\snakeyaml-2.6.jar;C:\Users\Basit\.m2\repository\org\springframework\boot\spring-boot-starter-jdbc\4.1.1\spring-boot-starter-jdbc-4.1.1.jar;C:\Users\Basit\.m2\repository\com\zaxxer\HikariCP\7.0.2\HikariCP-7.0.2.jar;C:\Users\Basit\.m2\repository\org\springframework\boot\spring-boot-data-jpa\4.1.1\spring-boot-data-jpa-4.1.1.jar;C:\Users\Basit\.m2\repository\org\springframework\boot\spring-boot-data-commons\4.1.1\spring-boot-data-commons-4.1.1.jar;C:\Users\Basit\.m2\repository\org\springframework\boot\spring-boot-persistence\4.1.1\spring-boot-persistence-4.1.1.jar;C:\Users\Basit\.m2\repository\org\springframework\data\spring-data-commons\4.1.1\spring-data-commons-4.1.1.jar;C:\Users\Basit\.m2\repository\org\springframework\boot\spring-boot-hibernate\4.1.1\spring-boot-hibernate-4.1.1.jar;C:\Users\Basit\.m2\repository\org\springframework\boot\spring-boot-jpa\4.1.1\spring-boot-jpa-4.1.1.jar;C:\Users\Basit\.m2\repository\jakarta\persistence\jakarta.persistence-api\3.2.0\jakarta.persistence-api-3.2.0.jar;C:\Users\Basit\.m2\repository\org\hibernate\orm\hibernate-core\7.4.5.Final\hibernate-core-7.4.5.Final.jar;C:\Users\Basit\.m2\repository\jakarta\transaction\jakarta.transaction-api\2.0.1\jakarta.transaction-api-2.0.1.jar;C:\Users\Basit\.m2\repository\org\hibernate\models\hibernate-models\1.1.1\hibernate-models-1.1.1.jar;C:\Users\Basit\.m2\repository\org\glassfish\jaxb\jaxb-runtime\4.0.9\jaxb-runtime-4.0.9.jar;C:\Users\Basit\.m2\repository\org\glassfish\jaxb\jaxb-core\4.0.9\jaxb-core-4.0.9.jar;C:\Users\Basit\.m2\repository\org\eclipse\angus\angus-activation\2.0.3\angus-activation-2.0.3.jar;C:\Users\Basit\.m2\repository\org\glassfish\jaxb\txw2\4.0.9\txw2-4.0.9.jar;C:\Users\Basit\.m2\repository\com\sun\istack\istack-commons-runtime\4.1.2\istack-commons-runtime-4.1.2.jar;C:\Users\Basit\.m2\repository\jakarta\inject\jakarta.inject-api\2.0.1\jakarta.inject-api-2.0.1.jar;C:\Users\Basit\.m2\repository\org\springframework\spring-orm\7.0.9\spring-orm-7.0.9.jar;C:\Users\Basit\.m2\repository\org\springframework\data\spring-data-jpa\4.1.1\spring-data-jpa-4.1.1.jar;C:\Users\Basit\.m2\repository\org\springframework\spring-context\7.0.9\spring-context-7.0.9.jar;C:\Users\Basit\.m2\repository\org\springframework\spring-tx\7.0.9\spring-tx-7.0.9.jar;C:\Users\Basit\.m2\repository\org\springframework\spring-beans\7.0.9\spring-beans-7.0.9.jar;C:\Users\Basit\.m2\repository\org\antlr\antlr4-runtime\4.13.2\antlr4-runtime-4.13.2.jar;C:\Users\Basit\.m2\repository\org\springframework\spring-aspects\7.0.9\spring-aspects-7.0.9.jar;C:\Users\Basit\.m2\repository\org\aspectj\aspectjweaver\1.9.25.1\aspectjweaver-1.9.25.1.jar;C:\Users\Basit\.m2\repository\org\springframework\boot\spring-boot-jdbc\4.1.1\spring-boot-jdbc-4.1.1.jar;C:\Users\Basit\.m2\repository\org\springframework\boot\spring-boot\4.1.1\spring-boot-4.1.1.jar;C:\Users\Basit\.m2\repository\org\springframework\boot\spring-boot-sql\4.1.1\spring-boot-sql-4.1.1.jar;C:\Users\Basit\.m2\repository\org\springframework\boot\spring-boot-transaction\4.1.1\spring-boot-transaction-4.1.1.jar;C:\Users\Basit\.m2\repository\org\springframework\spring-jdbc\7.0.9\spring-jdbc-7.0.9.jar;C:\Users\Basit\.m2\repository\org\springframework\boot\spring-boot-starter-thymeleaf\4.1.1\spring-boot-starter-thymeleaf-4.1.1.jar;C:\Users\Basit\.m2\repository\org\springframework\boot\spring-boot-thymeleaf\4.1.1\spring-boot-thymeleaf-4.1.1.jar;C:\Users\Basit\.m2\repository\org\springframework\spring-web\7.0.9\spring-web-7.0.9.jar;C:\Users\Basit\.m2\repository\io\micrometer\micrometer-observation\1.17.1\micrometer-observation-1.17.1.jar;C:\Users\Basit\.m2\repository\io\micrometer\micrometer-commons\1.17.1\micrometer-commons-1.17.1.jar;C:\Users\Basit\.m2\repository\org\springframework\boot\spring-boot-starter-validation\4.1.1\spring-boot-starter-validation-4.1.1.jar;C:\Users\Basit\.m2\repository\org\springframework\boot\spring-boot-validation\4.1.1\spring-boot-validation-4.1.1.jar;C:\Users\Basit\.m2\repository\org\apache\tomcat\embed\tomcat-embed-el\11.0.24\tomcat-embed-el-11.0.24.jar;C:\Users\Basit\.m2\repository\org\hibernate\validator\hibernate-validator\9.1.3.Final\hibernate-validator-9.1.3.Final.jar;C:\Users\Basit\.m2\repository\jakarta\validation\jakarta.validation-api\3.1.1\jakarta.validation-api-3.1.1.jar;C:\Users\Basit\.m2\repository\org\jboss\logging\jboss-logging\3.6.3.Final\jboss-logging-3.6.3.Final.jar;C:\Users\Basit\.m2\repository\com\fasterxml\classmate\1.7.3\classmate-1.7.3.jar;C:\Users\Basit\.m2\repository\org\springframework\boot\spring-boot-starter-webmvc\4.1.1\spring-boot-starter-webmvc-4.1.1.jar;C:\Users\Basit\.m2\repository\org\springframework\boot\spring-boot-starter-jackson\4.1.1\spring-boot-starter-jackson-4.1.1.jar;C:\Users\Basit\.m2\repository\org\springframework\boot\spring-boot-jackson\4.1.1\spring-boot-jackson-4.1.1.jar;C:\Users\Basit\.m2\repository\tools\jackson\core\jackson-databind\3.1.5\jackson-databind-3.1.5.jar;C:\Users\Basit\.m2\repository\com\fasterxml\jackson\core\jackson-annotations\2.21\jackson-annotations-2.21.jar;C:\Users\Basit\.m2\repository\tools\jackson\core\jackson-core\3.1.5\jackson-core-3.1.5.jar;C:\Users\Basit\.m2\repository\org\springframework\boot\spring-boot-starter-tomcat\4.1.1\spring-boot-starter-tomcat-4.1.1.jar;C:\Users\Basit\.m2\repository\org\springframework\boot\spring-boot-starter-tomcat-runtime\4.1.1\spring-boot-starter-tomcat-runtime-4.1.1.jar;C:\Users\Basit\.m2\repository\org\apache\tomcat\embed\tomcat-embed-core\11.0.24\tomcat-embed-core-11.0.24.jar;C:\Users\Basit\.m2\repository\org\apache\tomcat\embed\tomcat-embed-websocket\11.0.24\tomcat-embed-websocket-11.0.24.jar;C:\Users\Basit\.m2\repository\org\springframework\boot\spring-boot-tomcat\4.1.1\spring-boot-tomcat-4.1.1.jar;C:\Users\Basit\.m2\repository\org\springframework\boot\spring-boot-http-converter\4.1.1\spring-boot-http-converter-4.1.1.jar;C:\Users\Basit\.m2\repository\org\springframework\boot\spring-boot-webmvc\4.1.1\spring-boot-webmvc-4.1.1.jar;C:\Users\Basit\.m2\repository\org\springframework\boot\spring-boot-servlet\4.1.1\spring-boot-servlet-4.1.1.jar;C:\Users\Basit\.m2\repository\org\springframework\spring-webmvc\7.0.9\spring-webmvc-7.0.9.jar;C:\Users\Basit\.m2\repository\org\springframework\spring-expression\7.0.9\spring-expression-7.0.9.jar;C:\Users\Basit\.m2\repository\org\thymeleaf\extras\thymeleaf-extras-springsecurity6\3.1.5.RELEASE\thymeleaf-extras-springsecurity6-3.1.5.RELEASE.jar;C:\Users\Basit\.m2\repository\org\thymeleaf\thymeleaf-spring6\3.1.5.RELEASE\thymeleaf-spring6-3.1.5.RELEASE.jar;C:\Users\Basit\.m2\repository\org\thymeleaf\thymeleaf\3.1.5.RELEASE\thymeleaf-3.1.5.RELEASE.jar;C:\Users\Basit\.m2\repository\org\attoparser\attoparser\2.0.7.RELEASE\attoparser-2.0.7.RELEASE.jar;C:\Users\Basit\.m2\repository\org\unbescape\unbescape\1.1.6.RELEASE\unbescape-1.1.6.RELEASE.jar;C:\Users\Basit\.m2\repository\org\slf4j\slf4j-api\2.0.18\slf4j-api-2.0.18.jar;C:\Users\Basit\.m2\repository\org\springframework\spring-aop\7.0.9\spring-aop-7.0.9.jar;C:\Users\Basit\.m2\repository\jakarta\xml\bind\jakarta.xml.bind-api\4.0.5\jakarta.xml.bind-api-4.0.5.jar;C:\Users\Basit\.m2\repository\jakarta\activation\jakarta.activation-api\2.1.4\jakarta.activation-api-2.1.4.jar;C:\Users\Basit\.m2\repository\net\bytebuddy\byte-buddy\1.18.11\byte-buddy-1.18.11.jar;C:\Users\Basit\.m2\repository\org\springframework\spring-core\7.0.9\spring-core-7.0.9.jar;C:\Users\Basit\.m2\repository\commons-logging\commons-logging\1.3.6\commons-logging-1.3.6.jar;C:\Users\Basit\.m2\repository\org\jspecify\jspecify\1.0.1\jspecify-1.0.1.jar;C:\Users\Basit\.m2\repository\org\springframework\boot\spring-boot-web-server\4.1.1\spring-boot-web-server-4.1.1.jar
Launcher Type: SUN_STANDARD

[Global flags]
     bool AOTAdapterCaching                        = false                                  {diagnostic} {ergonomic}
     bool AOTInvokeDynamicLinking                  = false                                  {diagnostic} {ergonomic}
     bool AOTRecordTraining                        = false                                  {diagnostic} {ergonomic}
     bool AOTReplayTraining                        = false                                  {diagnostic} {ergonomic}
     bool AOTStubCaching                           = false                                  {diagnostic} {ergonomic}
     intx CICompilerCount                          = 4                                         {product} {ergonomic}
     uint ConcGCThreads                            = 2                                         {product} {ergonomic}
     uint G1ConcRefinementThreads                  = 8                                         {product} {ergonomic}
     uint G1EagerReclaimRemSetThreshold            = 10                                   {experimental} {ergonomic}
   size_t G1HeapRegionSize                         = 1048576                                   {product} {ergonomic}
     uint G1RemSetArrayOfCardsEntries              = 10                                   {experimental} {ergonomic}
     uint G1RemSetHowlMaxNumBuckets                = 8                                    {experimental} {ergonomic}
     uint G1RemSetHowlNumBuckets                   = 4                                    {experimental} {ergonomic}
   size_t InitialHeapSize                          = 8388608                                   {product} {ergonomic}
     bool IntelJccErratumMitigation                = true                              {ARCH diagnostic} {ergonomic}
   size_t MarkStackSize                            = 4194304                                   {product} {ergonomic}
   size_t MarkStackSizeMax                         = 536870912                                 {product} {ergonomic}
   size_t MaxHeapSize                              = 2107637760                                {product} {ergonomic}
   size_t MaxNewSize                               = 1264582656                                {product} {ergonomic}
 uint64_t MaxRAM                                   = 8425529344                                {product} {ergonomic}
   size_t MinHeapDeltaBytes                        = 1048576                                   {product} {ergonomic}
   size_t MinHeapSize                              = 8388608                                   {product} {ergonomic}
   size_t NonNMethodCodeHeapSize                   = 4096                                   {pd product} {ergonomic}
   size_t NonProfiledCodeHeapSize                  = 0                                      {pd product} {ergonomic}
     bool ProfileInterpreter                       = false                                  {pd product} {command line}
   size_t ProfiledCodeHeapSize                     = 0                                      {pd product} {ergonomic}
   size_t SoftMaxHeapSize                          = 2107637760                             {manageable} {ergonomic}
     intx TieredStopAtLevel                        = 1                                         {product} {command line}
     bool UseCompressedOops                        = true                           {product lp64_product} {ergonomic}
     bool UseCondCardMark                          = true                                      {product} {ergonomic}
     bool UseFastUnorderedTimeStamps               = true                                 {experimental} {ergonomic}
     bool UseG1GC                                  = true                                      {product} {ergonomic}
     bool UseLargePagesIndividualAllocation        = false                                  {pd product} {ergonomic}
      int X86ICacheSync                            = 2                                 {ARCH diagnostic} {ergonomic}

Logging:
Log output configuration:
 #0: stdout all=warning uptime,level,tags foldmultilines=false
 #1: stderr all=off uptime,level,tags foldmultilines=false

Release file:
IMPLEMENTOR="Oracle Corporation" 
JAVA_RUNTIME_VERSION="26.0.1+8-34" 
JAVA_VERSION="26.0.1" 
JAVA_VERSION_DATE="2026-04-21" 
LIBC="default" 
MODULES="java.base java.compiler java.datatransfer java.xml java.prefs java.desktop java.instrument java.logging java.management java.security.sasl java.naming java.rmi java.management.rmi java.net.http java.scripting java.security.jgss java.transaction.xa java.sql java.sql.rowset java.xml.crypto java.se java.smartcardio jdk.accessibility jdk.internal.jvmstat jdk.attach jdk.charsets jdk.internal.opt jdk.zipfs jdk.compiler jdk.crypto.cryptoki jdk.crypto.ec jdk.crypto.mscapi jdk.dynalink jdk.internal.ed jdk.editpad jdk.internal.vm.ci jdk.graal.compiler jdk.graal.compiler.management jdk.hotspot.agent jdk.httpserver jdk.incubator.vector jdk.internal.le jdk.internal.md jdk.jartool jdk.javadoc jdk.jcmd jdk.management jdk.management.agent jdk.jconsole jdk.jdeps jdk.jdwp.agent jdk.jdi jdk.jfr jdk.jlink jdk.jpackage jdk.jshell jdk.jstatd jdk.localedata jdk.management.jfr jdk.naming.dns jdk.naming.rmi jdk.net jdk.nio.mapmode jdk.sctp jdk.security.auth jdk.security.jgss jdk.unsupported jdk.unsupported.desktop jdk.xml.dom" 
OS_ARCH="x86_64" 
OS_NAME="Windows" 
SOURCE=".:git:8fcde8268d22 open:git:fcc00fc4aee7" 

Environment Variables:
PATH=C:\Program Files\Common Files\Oracle\Java\javapath;C:\WINDOWS\system32;C:\WINDOWS;C:\WINDOWS\System32\Wbem;C:\WINDOWS\System32\WindowsPowerShell\v1.0\;C:\WINDOWS\System32\OpenSSH\;C:\Program Files (x86)\Intel\Intel(R) Management Engine Components\DAL;C:\Program Files\Intel\Intel(R) Management Engine Components\DAL;C:\Program Files (x86)\Microchip\MPLAB C32 Suite\bin;C:\Program Files\Polyspace\R2021a\bin;C:\Program Files\Git\cmd;C:\Program Files\MySQL\MySQL Shell 8.0\bin\;C:\Users\Basit\.local\bin;C:\Users\Basit\AppData\Local\Microsoft\WindowsApps;C:\Users\Basit\AppData\Local\Programs\Microsoft VS Code\bin;C:\Users\Basit\AppData\Local\Programs\cursor\resources\app\bin;C:\Users\Basit\AppData\Local\Python\bin;
USERNAME=Basit
OS=Windows_NT
PROCESSOR_IDENTIFIER=Intel64 Family 6 Model 142 Stepping 10, GenuineIntel
TMP=C:\Users\Basit\AppData\Local\Temp
TEMP=C:\Users\Basit\AppData\Local\Temp




Compilation memory statistics disabled.

Periodic native trim disabled

---------------  S Y S T E M  ---------------

OS:
 Windows 11 , 64 bit Build 26100 (10.0.26100.9168)
OS uptime: 0 days 9:52 hours
Hyper-V role detected

CPU: total 8 (initial active 8) (4 cores per cpu, 2 threads per core) family 6 model 142 stepping 10 microcode 0xf6, cx8, cmov, fxsr, ht, mmx, 3dnowpref, sse, sse2, sse3, ssse3, sse4.1, sse4.2, popcnt, lzcnt, tsc, tscinvbit, avx, avx2, aes, erms, clmul, bmi1, bmi2, rtm, adx, fma, vzeroupper, clflush, clflushopt, hv, rdtscp, f16c
Processor Information for processor 0
  Max Mhz: 1896, Current Mhz: 1696, Mhz Limit: 1687
Processor Information for processor 1
  Max Mhz: 1896, Current Mhz: 1496, Mhz Limit: 1687
Processor Information for processor 2
  Max Mhz: 1896, Current Mhz: 1496, Mhz Limit: 1687
Processor Information for processor 3
  Max Mhz: 1896, Current Mhz: 1696, Mhz Limit: 1687
Processor Information for processor 4
  Max Mhz: 1896, Current Mhz: 1496, Mhz Limit: 1687
Processor Information for processor 5
  Max Mhz: 1896, Current Mhz: 1496, Mhz Limit: 1687
Processor Information for processor 6
  Max Mhz: 1896, Current Mhz: 1496, Mhz Limit: 1687
Processor Information for processor 7
  Max Mhz: 1896, Current Mhz: 1496, Mhz Limit: 1687

Memory: 4k page, system-wide physical 8035M (287M free)
TotalPageFile size 10083M (AvailPageFile size 0M)
current process WorkingSet (physical memory assigned to process): 189M, peak: 190M
current process commit charge ("private bytes"): 225M, peak: 310M

vm_info: Java HotSpot(TM) 64-Bit Server VM (26.0.1+8-34) for windows-amd64 JRE (26.0.1+8-34), built on 2026-03-10T17:24:10Z with MS VC++ 17.13 (VS2022)

END.
