#
# There is insufficient memory for the Java Runtime Environment to continue.
# Native memory allocation (mmap) failed to map 180355072 bytes. Error detail: G1 virtual space
# Possible reasons:
#   The system is out of physical RAM or swap space
#   This process is running with CompressedOops enabled, and the Java Heap may be blocking the growth of the native heap
# Possible solutions:
#   Reduce memory load on the system
#   Increase physical memory or swap space
#   Check if swap backing store is full
#   Decrease Java heap size (-Xmx/-Xms)
#   Decrease number of Java threads
#   Decrease Java thread stack sizes (-Xss)
#   Set larger code cache with -XX:ReservedCodeCacheSize=
#   JVM is running with Unscaled Compressed Oops mode in which the Java heap is
#     placed in the first 4GB address space. The Java Heap base address is the
#     maximum limit for the native heap growth. Please use -XX:HeapBaseMinAddress
#     to set the Java Heap base and to place the Java Heap above 4GB virtual address.
# This output file may be truncated or incomplete.
#
#  Out of Memory Error (os_windows.cpp:3583), pid=5020, tid=16144
#
# JRE version: Java(TM) SE Runtime Environment (26.0.1+8) (build 26.0.1+8-34)
# Java VM: Java HotSpot(TM) 64-Bit Server VM (26.0.1+8-34, mixed mode, emulated-client, sharing, tiered, compressed oops, compressed class ptrs, g1 gc, windows-amd64)
# No core dump will be written. Minidumps are not enabled by default on client versions of Windows
#

---------------  S U M M A R Y ------------

Command Line: -XX:TieredStopAtLevel=1 -Dspring.output.ansi.enabled=always -javaagent:C:\Program Files\JetBrains\IntelliJ IDEA 2026.2.1\lib\idea_rt.jar=56562 -Dfile.encoding=UTF-8 -Dsun.stdout.encoding=UTF-8 -Dsun.stderr.encoding=UTF-8 com.LibraryDesk.LibraryDeskApplication

Host: Intel(R) Core(TM) i5-8350U CPU @ 1.70GHz, 8 cores, 7G,  Windows 11 , 64 bit Build 26100 (10.0.26100.9168)
Time: Fri Sep 11 19:53:55 2026 Pakistan Standard Time elapsed time: 10.482891 seconds (0d 0h 0m 10s)

---------------  T H R E A D  ---------------

Current thread (0x00000137a662d860):  VMThread "VM Thread"          [id=16144, stack(0x0000001f1e300000,0x0000001f1e400000) (1024K)]

Stack: [0x0000001f1e300000,0x0000001f1e400000]
Native frames: (J=compiled Java code, j=interpreted, Vv=VM code, C=native code)
V  [jvm.dll+0x7d5879]  (no source info available)
V  [jvm.dll+0x7a37dd]  (no source info available)
V  [jvm.dll+0x9b0c10]  (no source info available)
V  [jvm.dll+0x9b3061]  (no source info available)
V  [jvm.dll+0x9b3773]  (no source info available)
V  [jvm.dll+0x30df76]  (no source info available)
V  [jvm.dll+0x7d4d45]  (no source info available)
V  [jvm.dll+0x7c7f07]  (no source info available)
V  [jvm.dll+0x4087e8]  (no source info available)
V  [jvm.dll+0x410b56]  (no source info available)
V  [jvm.dll+0x3fcef4]  (no source info available)
V  [jvm.dll+0x3fd1e5]  (no source info available)
V  [jvm.dll+0x3d3b6f]  (no source info available)
V  [jvm.dll+0x3d6ddc]  (no source info available)
V  [jvm.dll+0x4223ec]  (no source info available)
V  [jvm.dll+0x420d33]  (no source info available)
V  [jvm.dll+0x3d3308]  (no source info available)
V  [jvm.dll+0x4200f3]  (no source info available)
V  [jvm.dll+0x9b9c21]  (no source info available)
V  [jvm.dll+0x9babeb]  (no source info available)
V  [jvm.dll+0x9bb0fc]  (no source info available)
V  [jvm.dll+0x9bb579]  (no source info available)
V  [jvm.dll+0x9bb823]  (no source info available)
V  [jvm.dll+0x94f649]  (no source info available)
V  [jvm.dll+0x7d7358]  (no source info available)
C  [ucrtbase.dll+0x2cd30]  (no source info available)
C  [KERNEL32.DLL+0x2ccb7]  (no source info available)
C  [ntdll.dll+0xaad6c]  (no source info available)

VM_Operation (0x0000001f1fefd5c8): G1CollectForAllocation, mode: safepoint, requested by thread 0x00000137ac54c7c0


---------------  P R O C E S S  ---------------

Threads class SMR info:
_java_thread_list=0x00000137abf77e90, length=19, elements={
0x0000013792f6f920, 0x00000137a663f3d0, 0x00000137a663fe20, 0x00000137a66420c0,
0x00000137a6643c80, 0x00000137a6646840, 0x00000137a6653140, 0x00000137a6654b90,
0x00000137a66fe5d0, 0x00000137a674a790, 0x00000137a6787640, 0x00000137a6afce40,
0x00000137ab0480d0, 0x00000137ac361fa0, 0x00000137ac362750, 0x00000137ac364390,
0x00000137a67970d0, 0x00000137ab2d05e0, 0x00000137ac54c7c0
}

Java Threads: ( => current thread )
  0x0000013792f6f920 JavaThread "main"                              [_thread_blocked, id=13108, stack(0x0000001f1db00000,0x0000001f1dc00000) (1024K)]
  0x00000137a663f3d0 JavaThread "Reference Handler"          daemon [_thread_blocked, id=1608, stack(0x0000001f1e400000,0x0000001f1e500000) (1024K)]
  0x00000137a663fe20 JavaThread "Finalizer"                  daemon [_thread_blocked, id=3192, stack(0x0000001f1e500000,0x0000001f1e600000) (1024K)]
  0x00000137a66420c0 JavaThread "Signal Dispatcher"          daemon [_thread_blocked, id=16492, stack(0x0000001f1e600000,0x0000001f1e700000) (1024K)]
  0x00000137a6643c80 JavaThread "Attach Listener"            daemon [_thread_blocked, id=12824, stack(0x0000001f1e700000,0x0000001f1e800000) (1024K)]
  0x00000137a6646840 JavaThread "Service Thread"             daemon [_thread_blocked, id=13096, stack(0x0000001f1e800000,0x0000001f1e900000) (1024K)]
  0x00000137a6653140 JavaThread "Monitor Deflation Thread"   daemon [_thread_blocked, id=14564, stack(0x0000001f1e900000,0x0000001f1ea00000) (1024K)]
  0x00000137a6654b90 JavaThread "C1 CompilerThread0"         daemon [_thread_blocked, id=10500, stack(0x0000001f1ea00000,0x0000001f1eb00000) (1024K)]
  0x00000137a66fe5d0 JavaThread "C1 CompilerThread1"         daemon [_thread_blocked, id=1636, stack(0x0000001f1eb00000,0x0000001f1ec00000) (1024K)]
  0x00000137a674a790 JavaThread "C1 CompilerThread2"         daemon [_thread_blocked, id=7896, stack(0x0000001f1ec00000,0x0000001f1ed00000) (1024K)]
  0x00000137a6787640 JavaThread "Common-Cleaner"             daemon [_thread_blocked, id=5392, stack(0x0000001f1ed00000,0x0000001f1ee00000) (1024K)]
  0x00000137a6afce40 JavaThread "Monitor Ctrl-Break"         daemon [_thread_in_native, id=2640, stack(0x0000001f1f000000,0x0000001f1f100000) (1024K)]
  0x00000137ab0480d0 JavaThread "Notification Thread"        daemon [_thread_blocked, id=4704, stack(0x0000001f1f100000,0x0000001f1f200000) (1024K)]
  0x00000137ac361fa0 JavaThread "Catalina-utility-1"                [_thread_blocked, id=15796, stack(0x0000001f1f600000,0x0000001f1f700000) (1024K)]
  0x00000137ac362750 JavaThread "Catalina-utility-2"                [_thread_blocked, id=3604, stack(0x0000001f1f900000,0x0000001f1fa00000) (1024K)]
  0x00000137ac364390 JavaThread "container-0"                       [_thread_blocked, id=14416, stack(0x0000001f1fa00000,0x0000001f1fb00000) (1024K)]
  0x00000137a67970d0 JavaThread "mysql-cj-abandoned-connection-cleanup" daemon [_thread_blocked, id=7148, stack(0x0000001f1fb00000,0x0000001f1fc00000) (1024K)]
  0x00000137ab2d05e0 JavaThread "HikariPool-1:housekeeper"   daemon [_thread_blocked, id=10880, stack(0x0000001f1fd00000,0x0000001f1fe00000) (1024K)]
  0x00000137ac54c7c0 JavaThread "HikariPool-1:connection-adder" daemon [_thread_blocked, id=2784, stack(0x0000001f1fe00000,0x0000001f1ff00000) (1024K)]
Total: 19

Other Threads:
=>0x00000137a662d860 VMThread "VM Thread"                           [id=16144, stack(0x0000001f1e300000,0x0000001f1e400000) (1024K)]
  0x00000137a661d8d0 WatcherThread "VM Periodic Task Thread"        [id=14088, stack(0x0000001f1e200000,0x0000001f1e300000) (1024K)]
  0x0000013795278410 WorkerThread "GC Thread#0"                     [id=15176, stack(0x0000001f1dc00000,0x0000001f1dd00000) (1024K)]
  0x00000137a69cba80 WorkerThread "GC Thread#1"                     [id=592, stack(0x0000001f1ee00000,0x0000001f1ef00000) (1024K)]
  0x00000137ab851500 WorkerThread "GC Thread#2"                     [id=9352, stack(0x0000001f1f200000,0x0000001f1f300000) (1024K)]
  0x00000137ab92ca00 WorkerThread "GC Thread#3"                     [id=11860, stack(0x0000001f1f300000,0x0000001f1f400000) (1024K)]
  0x00000137ab92ce20 WorkerThread "GC Thread#4"                     [id=11928, stack(0x0000001f1f400000,0x0000001f1f500000) (1024K)]
  0x00000137aba2aca0 WorkerThread "GC Thread#5"                     [id=16248, stack(0x0000001f1f500000,0x0000001f1f600000) (1024K)]
  0x00000137abb9fa90 WorkerThread "GC Thread#6"                     [id=17384, stack(0x0000001f1f700000,0x0000001f1f800000) (1024K)]
  0x00000137abc86130 WorkerThread "GC Thread#7"                     [id=16036, stack(0x0000001f1f800000,0x0000001f1f900000) (1024K)]
  0x0000013795291ca0 ConcurrentGCThread "G1 Main Marker"            [id=2844, stack(0x0000001f1dd00000,0x0000001f1de00000) (1024K)]
  0x0000013795292fd0 WorkerThread "G1 Conc#0"                       [id=5540, stack(0x0000001f1de00000,0x0000001f1df00000) (1024K)]
  0x00000137a69d22e0 WorkerThread "G1 Conc#1"                       [id=11168, stack(0x0000001f1ef00000,0x0000001f1f000000) (1024K)]
  0x00000137952d4ac0 WorkerThread "G1 Refinement Workers#0"         [id=3396, stack(0x0000001f1e000000,0x0000001f1e100000) (1024K)]
  0x00000137952d1ff0 ConcurrentGCThread "G1 Refine Control"         [id=3996, stack(0x0000001f1df00000,0x0000001f1e000000) (1024K)]
  0x00000137952dd440 ConcurrentGCThread "G1 Service"                [id=17568, stack(0x0000001f1e100000,0x0000001f1e200000) (1024K)]
Total: 16

Threads with active compile tasks:
Total: 0

VM state: at safepoint (normal execution)

VM Mutex/Monitor currently owned by a thread:  ([mutex/lock_event])
[0x00007ff896f1ed08] Threads_lock - owner thread: 0x00000137a662d860
[0x00007ff896f1ef88] Heap_lock - owner thread: 0x00000137ac54c7c0

Heap address: 0x0000000082600000, size: 2010 MB, Compressed Oops mode: 32-bit

CDS archive(s) mapped at: [0x000000000e000000-0x000000000ede0000-0x000000000ede0000), size 14548992, SharedBaseAddress: 0x000000000e000000, ArchiveRelocationMode: 1.
Compressed class space mapped at: 0x000000000f000000-0x000000004f000000, reserved size: 1073741824
UseCompressedClassPointers 1, UseCompactObjectHeaders 0
Narrow klass pointer bits 32, Max shift 3
Narrow klass base: 0x000000000e000000, Narrow klass shift: 0
Encoding Range: [0x000000000e000000 - 0x000000010e000000), (4294967296 bytes)
Klass Range:    [0x000000000e000000 - 0x000000004f000000), (1090519040 bytes)
Klass ID Range:  [8 - 1090519033) (1090519025)
Protection zone: [0x000000000e000000 - 0x000000000e010000), (65536 bytes)

GC Precious Log:
 CardTable entry size: 512
 Card Set container configuration: InlinePtr #cards 5 size 8 Array Of Cards #cards 10 size 36 Howl #buckets 4 coarsen threshold 1843 Howl Bitmap #cards 512 size 80 coarsen threshold 460 Card regions per heap region 1 cards per card region 2048
 CPUs: 8 total, 8 available
 Memory: 8035M
 Large Page Support: Disabled
 NUMA Support: Disabled
 Compressed Oops: Enabled (32-bit)
 Heap Region Size: 1M
 Heap Min Capacity: 8M
 Heap Initial Capacity: 8M
 Heap Max Capacity: 2010M
 Pre-touch: Disabled
 Parallel Workers: 8
 Concurrent Workers: 2
 Concurrent Refinement Workers: 8
 Periodic GC: Disabled

Heap:
 garbage-first heap   total reserved 2058240K, committed 88064K, used 25655K [0x0000000082600000, 0x0000000100000000)
  region size 1M, 0 eden (0M), 7 survivor (7M), 18 old (18M), 1 humongous (1M), 60 free (60M)

Heap Regions: E=young(eden), S=young(survivor), O=old, HS=humongous(starts), HC=humongous(continues), CS=collection set, F=free, TAMS=top-at-mark-start, PB=parsable bottom
|    0|0x0000000082600000, 0x0000000082700000, 0x0000000082700000|100%|HS|  |TAMS 0x0000000082600000| PB 0x0000000082600000| Complete  |  0
|    1|0x0000000082700000, 0x0000000082800000, 0x0000000082800000|100%| O|  |TAMS 0x0000000082700000| PB 0x0000000082700000| Untracked |  0
|    2|0x0000000082800000, 0x0000000082900000, 0x0000000082900000|100%| O|  |TAMS 0x0000000082800000| PB 0x0000000082800000| Untracked |  0
|    3|0x0000000082900000, 0x0000000082a00000, 0x0000000082a00000|100%| O|  |TAMS 0x0000000082900000| PB 0x0000000082900000| Untracked |  0
|    4|0x0000000082a00000, 0x0000000082b00000, 0x0000000082b00000|100%| O|  |TAMS 0x0000000082a00000| PB 0x0000000082a00000| Untracked |  0
|    5|0x0000000082b00000, 0x0000000082c00000, 0x0000000082c00000|100%| O|  |TAMS 0x0000000082b00000| PB 0x0000000082b00000| Untracked |  0
|    6|0x0000000082c00000, 0x0000000082d00000, 0x0000000082d00000|100%| O|  |TAMS 0x0000000082c00000| PB 0x0000000082c00000| Untracked |  0
|    7|0x0000000082d00000, 0x0000000082e00000, 0x0000000082e00000|100%| O|  |TAMS 0x0000000082d00000| PB 0x0000000082d00000| Untracked |  0
|    8|0x0000000082e00000, 0x0000000082f00000, 0x0000000082f00000|100%| O|  |TAMS 0x0000000082e00000| PB 0x0000000082e00000| Untracked |  0
|    9|0x0000000082f00000, 0x0000000083000000, 0x0000000083000000|100%| O|  |TAMS 0x0000000082f00000| PB 0x0000000082f00000| Untracked |  0
|   10|0x0000000083000000, 0x0000000083100000, 0x0000000083100000|100%| O|  |TAMS 0x0000000083000000| PB 0x0000000083000000| Untracked |  0
|   11|0x0000000083100000, 0x0000000083200000, 0x0000000083200000|100%| O|  |TAMS 0x0000000083100000| PB 0x0000000083100000| Untracked |  0
|   12|0x0000000083200000, 0x0000000083300000, 0x0000000083300000|100%| O|  |TAMS 0x0000000083200000| PB 0x0000000083200000| Untracked |  0
|   13|0x0000000083300000, 0x0000000083400000, 0x0000000083400000|100%| O|  |TAMS 0x0000000083300000| PB 0x0000000083300000| Untracked |  0
|   14|0x0000000083400000, 0x0000000083500000, 0x0000000083500000|100%| O|  |TAMS 0x0000000083400000| PB 0x0000000083400000| Untracked |  0
|   15|0x0000000083500000, 0x0000000083600000, 0x0000000083600000|100%| O|  |TAMS 0x0000000083500000| PB 0x0000000083500000| Untracked |  0
|   16|0x0000000083600000, 0x0000000083654ee8, 0x0000000083700000| 33%| O|  |TAMS 0x0000000083600000| PB 0x0000000083600000| Untracked |  0
|   17|0x0000000083700000, 0x0000000083700000, 0x0000000083800000|  0%| F|  |TAMS 0x0000000083700000| PB 0x0000000083700000| Untracked |  0
|   18|0x0000000083800000, 0x0000000083800000, 0x0000000083900000|  0%| F|  |TAMS 0x0000000083800000| PB 0x0000000083800000| Untracked |  0
|   19|0x0000000083900000, 0x0000000083900000, 0x0000000083a00000|  0%| F|  |TAMS 0x0000000083900000| PB 0x0000000083900000| Untracked |  0
|   20|0x0000000083a00000, 0x0000000083a00000, 0x0000000083b00000|  0%| F|  |TAMS 0x0000000083a00000| PB 0x0000000083a00000| Untracked |  0
|   21|0x0000000083b00000, 0x0000000083b00000, 0x0000000083c00000|  0%| F|  |TAMS 0x0000000083b00000| PB 0x0000000083b00000| Untracked |  0
|   22|0x0000000083c00000, 0x0000000083c00000, 0x0000000083d00000|  0%| F|  |TAMS 0x0000000083c00000| PB 0x0000000083c00000| Untracked |  0
|   23|0x0000000083d00000, 0x0000000083d00000, 0x0000000083e00000|  0%| F|  |TAMS 0x0000000083d00000| PB 0x0000000083d00000| Untracked |  0
|   24|0x0000000083e00000, 0x0000000083e00000, 0x0000000083f00000|  0%| F|  |TAMS 0x0000000083e00000| PB 0x0000000083e00000| Untracked |  0
|   25|0x0000000083f00000, 0x0000000083f00000, 0x0000000084000000|  0%| F|  |TAMS 0x0000000083f00000| PB 0x0000000083f00000| Untracked |  0
|   26|0x0000000084000000, 0x00000000840b9050, 0x0000000084100000| 72%| S|CS|TAMS 0x0000000084000000| PB 0x0000000084000000| Complete  |  0
|   27|0x0000000084100000, 0x0000000084200000, 0x0000000084200000|100%| S|CS|TAMS 0x0000000084100000| PB 0x0000000084100000| Complete  |  0
|   28|0x0000000084200000, 0x0000000084300000, 0x0000000084300000|100%| S|CS|TAMS 0x0000000084200000| PB 0x0000000084200000| Complete  |  0
|   29|0x0000000084300000, 0x0000000084400000, 0x0000000084400000|100%| S|CS|TAMS 0x0000000084300000| PB 0x0000000084300000| Complete  |  0
|   30|0x0000000084400000, 0x0000000084500000, 0x0000000084500000|100%| S|CS|TAMS 0x0000000084400000| PB 0x0000000084400000| Complete  |  0
|   31|0x0000000084500000, 0x0000000084600000, 0x0000000084600000|100%| S|CS|TAMS 0x0000000084500000| PB 0x0000000084500000| Complete  |  0
|   32|0x0000000084600000, 0x0000000084700000, 0x0000000084700000|100%| S|CS|TAMS 0x0000000084600000| PB 0x0000000084600000| Complete  |  0
|   33|0x0000000084700000, 0x0000000084700000, 0x0000000084800000|  0%| F|  |TAMS 0x0000000084700000| PB 0x0000000084700000| Untracked |  0
|   34|0x0000000084800000, 0x0000000084800000, 0x0000000084900000|  0%| F|  |TAMS 0x0000000084800000| PB 0x0000000084800000| Untracked |  0
|   35|0x0000000084900000, 0x0000000084900000, 0x0000000084a00000|  0%| F|  |TAMS 0x0000000084900000| PB 0x0000000084900000| Untracked |  0
|   36|0x0000000084a00000, 0x0000000084a00000, 0x0000000084b00000|  0%| F|  |TAMS 0x0000000084a00000| PB 0x0000000084a00000| Untracked |  0
|   37|0x0000000084b00000, 0x0000000084b00000, 0x0000000084c00000|  0%| F|  |TAMS 0x0000000084b00000| PB 0x0000000084b00000| Untracked |  0
|   38|0x0000000084c00000, 0x0000000084c00000, 0x0000000084d00000|  0%| F|  |TAMS 0x0000000084c00000| PB 0x0000000084c00000| Untracked |  0
|   39|0x0000000084d00000, 0x0000000084d00000, 0x0000000084e00000|  0%| F|  |TAMS 0x0000000084d00000| PB 0x0000000084d00000| Untracked |  0
|   40|0x0000000084e00000, 0x0000000084e00000, 0x0000000084f00000|  0%| F|  |TAMS 0x0000000084e00000| PB 0x0000000084e00000| Untracked |  0
|   41|0x0000000084f00000, 0x0000000084f00000, 0x0000000085000000|  0%| F|  |TAMS 0x0000000084f00000| PB 0x0000000084f00000| Untracked |  0
|   42|0x0000000085000000, 0x0000000085000000, 0x0000000085100000|  0%| F|  |TAMS 0x0000000085000000| PB 0x0000000085000000| Untracked |  0
|   43|0x0000000085100000, 0x0000000085100000, 0x0000000085200000|  0%| F|  |TAMS 0x0000000085100000| PB 0x0000000085100000| Untracked |  0
|   44|0x0000000085200000, 0x0000000085200000, 0x0000000085300000|  0%| F|  |TAMS 0x0000000085200000| PB 0x0000000085200000| Untracked |  0
|   45|0x0000000085300000, 0x0000000085300000, 0x0000000085400000|  0%| F|  |TAMS 0x0000000085300000| PB 0x0000000085300000| Untracked |  0
|   46|0x0000000085400000, 0x0000000085400000, 0x0000000085500000|  0%| F|  |TAMS 0x0000000085400000| PB 0x0000000085400000| Untracked |  0
|   47|0x0000000085500000, 0x0000000085500000, 0x0000000085600000|  0%| F|  |TAMS 0x0000000085500000| PB 0x0000000085500000| Untracked |  0
|   48|0x0000000085600000, 0x0000000085600000, 0x0000000085700000|  0%| F|  |TAMS 0x0000000085600000| PB 0x0000000085600000| Untracked |  0
|   49|0x0000000085700000, 0x0000000085700000, 0x0000000085800000|  0%| F|  |TAMS 0x0000000085700000| PB 0x0000000085700000| Untracked |  0
|   50|0x0000000085800000, 0x0000000085800000, 0x0000000085900000|  0%| F|  |TAMS 0x0000000085800000| PB 0x0000000085800000| Untracked |  0
|   51|0x0000000085900000, 0x0000000085900000, 0x0000000085a00000|  0%| F|  |TAMS 0x0000000085900000| PB 0x0000000085900000| Untracked |  0
|   52|0x0000000085a00000, 0x0000000085a00000, 0x0000000085b00000|  0%| F|  |TAMS 0x0000000085a00000| PB 0x0000000085a00000| Untracked |  0
|   53|0x0000000085b00000, 0x0000000085b00000, 0x0000000085c00000|  0%| F|  |TAMS 0x0000000085b00000| PB 0x0000000085b00000| Untracked |  0
|   54|0x0000000085c00000, 0x0000000085c00000, 0x0000000085d00000|  0%| F|  |TAMS 0x0000000085c00000| PB 0x0000000085c00000| Untracked |  0
|   55|0x0000000085d00000, 0x0000000085d00000, 0x0000000085e00000|  0%| F|  |TAMS 0x0000000085d00000| PB 0x0000000085d00000| Untracked |  0
|   56|0x0000000085e00000, 0x0000000085e00000, 0x0000000085f00000|  0%| F|  |TAMS 0x0000000085e00000| PB 0x0000000085e00000| Untracked |  0
|   57|0x0000000085f00000, 0x0000000085f00000, 0x0000000086000000|  0%| F|  |TAMS 0x0000000085f00000| PB 0x0000000085f00000| Untracked |  0
|   58|0x0000000086000000, 0x0000000086000000, 0x0000000086100000|  0%| F|  |TAMS 0x0000000086000000| PB 0x0000000086000000| Untracked |  0
|   59|0x0000000086100000, 0x0000000086100000, 0x0000000086200000|  0%| F|  |TAMS 0x0000000086100000| PB 0x0000000086100000| Untracked |  0
|   60|0x0000000086200000, 0x0000000086200000, 0x0000000086300000|  0%| F|  |TAMS 0x0000000086200000| PB 0x0000000086200000| Untracked |  0
|   61|0x0000000086300000, 0x0000000086300000, 0x0000000086400000|  0%| F|  |TAMS 0x0000000086300000| PB 0x0000000086300000| Untracked |  0
|   62|0x0000000086400000, 0x0000000086400000, 0x0000000086500000|  0%| F|  |TAMS 0x0000000086400000| PB 0x0000000086400000| Untracked |  0
|   63|0x0000000086500000, 0x0000000086500000, 0x0000000086600000|  0%| F|  |TAMS 0x0000000086500000| PB 0x0000000086500000| Untracked |  0
|   64|0x0000000086600000, 0x0000000086600000, 0x0000000086700000|  0%| F|  |TAMS 0x0000000086600000| PB 0x0000000086600000| Untracked |  0
|   65|0x0000000086700000, 0x0000000086700000, 0x0000000086800000|  0%| F|  |TAMS 0x0000000086700000| PB 0x0000000086700000| Untracked |  0
|   66|0x0000000086800000, 0x0000000086800000, 0x0000000086900000|  0%| F|  |TAMS 0x0000000086800000| PB 0x0000000086800000| Untracked |  0
|   67|0x0000000086900000, 0x0000000086900000, 0x0000000086a00000|  0%| F|  |TAMS 0x0000000086900000| PB 0x0000000086900000| Untracked |  0
|   68|0x0000000086a00000, 0x0000000086a00000, 0x0000000086b00000|  0%| F|  |TAMS 0x0000000086a00000| PB 0x0000000086a00000| Untracked |  0
|   69|0x0000000086b00000, 0x0000000086b00000, 0x0000000086c00000|  0%| F|  |TAMS 0x0000000086b00000| PB 0x0000000086b00000| Untracked |  0
|   70|0x0000000086c00000, 0x0000000086c00000, 0x0000000086d00000|  0%| F|  |TAMS 0x0000000086c00000| PB 0x0000000086c00000| Untracked |  0
|   71|0x0000000086d00000, 0x0000000086d00000, 0x0000000086e00000|  0%| F|  |TAMS 0x0000000086d00000| PB 0x0000000086d00000| Untracked |  0
|   72|0x0000000086e00000, 0x0000000086e00000, 0x0000000086f00000|  0%| F|  |TAMS 0x0000000086e00000| PB 0x0000000086e00000| Untracked |  0
|   73|0x0000000086f00000, 0x0000000086f00000, 0x0000000087000000|  0%| F|  |TAMS 0x0000000086f00000| PB 0x0000000086f00000| Untracked |  0
|   74|0x0000000087000000, 0x0000000087000000, 0x0000000087100000|  0%| F|  |TAMS 0x0000000087000000| PB 0x0000000087000000| Untracked |  0
|   75|0x0000000087100000, 0x0000000087100000, 0x0000000087200000|  0%| F|  |TAMS 0x0000000087100000| PB 0x0000000087100000| Untracked |  0
|   76|0x0000000087200000, 0x0000000087200000, 0x0000000087300000|  0%| F|  |TAMS 0x0000000087200000| PB 0x0000000087200000| Untracked |  0
|   77|0x0000000087300000, 0x0000000087300000, 0x0000000087400000|  0%| F|  |TAMS 0x0000000087300000| PB 0x0000000087300000| Untracked |  0
|   78|0x0000000087400000, 0x0000000087400000, 0x0000000087500000|  0%| F|  |TAMS 0x0000000087400000| PB 0x0000000087400000| Untracked |  0
|   79|0x0000000087500000, 0x0000000087500000, 0x0000000087600000|  0%| F|  |TAMS 0x0000000087500000| PB 0x0000000087500000| Untracked |  0
|   80|0x0000000087600000, 0x0000000087600000, 0x0000000087700000|  0%| F|  |TAMS 0x0000000087600000| PB 0x0000000087600000| Untracked |  0
|   81|0x0000000087700000, 0x0000000087700000, 0x0000000087800000|  0%| F|  |TAMS 0x0000000087700000| PB 0x0000000087700000| Untracked |  0
|   82|0x0000000087800000, 0x0000000087800000, 0x0000000087900000|  0%| F|  |TAMS 0x0000000087800000| PB 0x0000000087800000| Untracked |  0
| 2007|0x00000000ffd00000, 0x00000000ffe00000, 0x00000000ffe00000|100%| O|  |TAMS 0x00000000ffd00000| PB 0x00000000ffd00000| Untracked |  0
| 2008|0x00000000ffe00000, 0x00000000fff00000, 0x00000000fff00000|100%| O|  |TAMS 0x00000000ffe00000| PB 0x00000000ffe00000| Untracked |  0
| 2009|0x00000000fff00000, 0x00000000fff00000, 0x0000000100000000|  0%| F|  |TAMS 0x00000000fff00000| PB 0x00000000fff00000| Untracked |  0

Card table byte_map: [0x00000137a18d0000,0x00000137a1cc0000] _byte_map_base: 0x00000137a14bd000
Refinement table byte_map: [0x00000137a14e0000,0x00000137a18d0000] _byte_map_base: 0x00000137a10cd000

Marking Bits: (CMBitMap*) 0x0000013795278b90
 Bits: [0x00000137a1cc0000, 0x00000137a3c28000)

Polling page: 0x00000137931b0000

Metaspace:
Metaspace        used 50721K, committed 51200K, reserved 1114112K
 class space     used 7423K, committed 7616K, reserved 1048576K

Usage:
  Non-class:     42.28 MB used.
      Class:      7.25 MB used.
       Both:     49.53 MB used.

Virtual space:
  Non-class space:       64.00 MB reserved,      42.56 MB ( 67%) committed,  1 nodes.
      Class space:        1.00 GB reserved,       7.44 MB ( <1%) committed,  1 nodes.
             Both:        1.06 GB reserved,      50.00 MB (  5%) committed. 

Chunk freelists:
   Non-Class:  4.73 MB
       Class:  8.59 MB
        Both:  13.33 MB

MaxMetaspaceSize: unlimited
CompressedClassSpaceSize: 1.00 GB
Initial GC threshold: 21.00 MB
Current GC threshold: 58.75 MB
CDS: on
 - commit_granule_bytes: 65536.
 - commit_granule_words: 8192.
 - virtual_space_node_default_size: 8388608.
 - enlarge_chunks_in_place: 1.
UseCompressedClassPointers 1, UseCompactObjectHeaders 0
Narrow klass pointer bits 32, Max shift 3
Narrow klass base: 0x000000000e000000, Narrow klass shift: 0
Encoding Range: [0x000000000e000000 - 0x000000010e000000), (4294967296 bytes)
Klass Range:    [0x000000000e000000 - 0x000000004f000000), (1090519040 bytes)
Klass ID Range:  [8 - 1090519033) (1090519025)
Protection zone: [0x000000000e000000 - 0x000000000e010000), (65536 bytes)


Internal statistics:

num_allocs_failed_limit: 6.
num_arena_births: 530.
num_arena_deaths: 0.
num_vsnodes_births: 2.
num_vsnodes_deaths: 0.
num_space_committed: 800.
num_space_uncommitted: 0.
num_chunks_returned_to_freelist: 6.
num_chunks_taken_from_freelist: 2216.
num_chunk_merges: 6.
num_chunk_splits: 1650.
num_chunks_enlarged: 1357.
num_inconsistent_stats: 0.

CodeCache: size=49152Kb used=7795Kb max_used=7795Kb free=41356Kb
 bounds [0x000001379ded0000, 0x000001379e670000, 0x00000137a0ed0000]
 total_blobs=5557, nmethods=4894, adapters=586, full_count=0
Compilation: enabled, stopped_count=0, restarted_count=0

Compilation events (20 events):
Event: 9.312 Thread 0x00000137a66fe5d0 4934       1       java.util.LinkedList::node (65 bytes)
Event: 9.312 Thread 0x00000137a674a790 nmethod 4933 0x000001379e667b08 code [0x000001379e667c00, 0x000001379e667cb8]
Event: 9.312 Thread 0x00000137a66fe5d0 nmethod 4934 0x000001379e667e08 code [0x000001379e667f00, 0x000001379e668048]
Event: 9.312 Thread 0x00000137a6654b90 nmethod 4930 0x000001379e668108 code [0x000001379e668200, 0x000001379e668700]
Event: 9.320 Thread 0x00000137a674a790 4935       1       sun.security.ec.ECOperations::setSum (555 bytes)
Event: 9.323 Thread 0x00000137a674a790 nmethod 4935 0x000001379e668788 code [0x000001379e668880, 0x000001379e66a048]
Event: 9.325 Thread 0x00000137a66fe5d0 4937   !   1       java.security.Provider$Service::hasKeyAttributes (195 bytes)
Event: 9.325 Thread 0x00000137a6654b90 4938       1       java.security.Provider$Service::supportsKeyFormat (66 bytes)
Event: 9.325 Thread 0x00000137a674a790 4936       1       java.security.Provider$Service::supportsParameter (132 bytes)
Event: 9.325 Thread 0x00000137a6654b90 nmethod 4938 0x000001379e66a088 code [0x000001379e66a180, 0x000001379e66a398]
Event: 9.325 Thread 0x00000137a6654b90 4939       1       sun.security.ssl.SSLSocketInputRecord::read (92 bytes)
Event: 9.326 Thread 0x00000137a6654b90 nmethod 4939 0x000001379e66a408 code [0x000001379e66a500, 0x000001379e66a690]
Event: 9.326 Thread 0x00000137a6654b90 4940       1       sun.security.ssl.Plaintext::<init> (43 bytes)
Event: 9.326 Thread 0x00000137a674a790 nmethod 4936 0x000001379e66a708 code [0x000001379e66a800, 0x000001379e66afd0]
Event: 9.326 Thread 0x00000137a6654b90 nmethod 4940 0x000001379e66b008 code [0x000001379e66b100, 0x000001379e66b240]
Event: 9.327 Thread 0x00000137a66fe5d0 nmethod 4937 0x000001379e66b308 code [0x000001379e66b400, 0x000001379e66c050]
Event: 9.328 Thread 0x00000137a66fe5d0 4941       1       java.security.MessageDigest::getInstance (155 bytes)
Event: 9.329 Thread 0x00000137a66fe5d0 nmethod 4941 0x000001379e66c088 code [0x000001379e66c180, 0x000001379e66c8b0]
Event: 9.329 Thread 0x00000137a66fe5d0 4942       1       sun.security.ssl.Authenticator::sequenceNumber (10 bytes)
Event: 9.329 Thread 0x00000137a66fe5d0 nmethod 4942 0x000001379e66c908 code [0x000001379e66ca00, 0x000001379e66ccf8]

GC Heap Usage History (20 events):
Event: 0.570 {heap After GC invocations=4 (full 0):
 garbage-first heap   total reserved 2058240K, committed 10240K, used 6262K [0x0000000082600000, 0x0000000100000000)
  region size 1M, 0 eden (0M), 1 survivor (1M), 6 old (6M), 1 humongous (1M), 2 free (2M)
}
Event: 0.651 {heap Before GC invocations=4 (full 0):
 garbage-first heap   total reserved 2058240K, committed 10240K, used 7286K [0x0000000082600000, 0x0000000100000000)
  region size 1M, 1 eden (1M), 1 survivor (1M), 6 old (6M), 1 humongous (1M), 1 free (1M)
}
Event: 0.654 {heap After GC invocations=5 (full 0):
 garbage-first heap   total reserved 2058240K, committed 33792K, used 6373K [0x0000000082600000, 0x0000000100000000)
  region size 1M, 0 eden (0M), 1 survivor (1M), 6 old (6M), 1 humongous (1M), 25 free (25M)
}
Event: 1.237 {heap Before GC invocations=5 (full 0):
 garbage-first heap   total reserved 2058240K, committed 33792K, used 14565K [0x0000000082600000, 0x0000000100000000)
  region size 1M, 9 eden (9M), 1 survivor (1M), 6 old (6M), 1 humongous (1M), 16 free (16M)
}
Event: 1.243 {heap After GC invocations=6 (full 0):
 garbage-first heap   total reserved 2058240K, committed 33792K, used 7493K [0x0000000082600000, 0x0000000100000000)
  region size 1M, 0 eden (0M), 2 survivor (2M), 6 old (6M), 1 humongous (1M), 24 free (24M)
}
Event: 1.638 {heap Before GC invocations=6 (full 0):
 garbage-first heap   total reserved 2058240K, committed 33792K, used 14661K [0x0000000082600000, 0x0000000100000000)
  region size 1M, 8 eden (8M), 2 survivor (2M), 6 old (6M), 1 humongous (1M), 16 free (16M)
}
Event: 1.644 {heap After GC invocations=7 (full 0):
 garbage-first heap   total reserved 2058240K, committed 33792K, used 8466K [0x0000000082600000, 0x0000000100000000)
  region size 1M, 0 eden (0M), 1 survivor (1M), 7 old (7M), 1 humongous (1M), 24 free (24M)
}
Event: 2.035 {heap Before GC invocations=7 (full 0):
 garbage-first heap   total reserved 2058240K, committed 33792K, used 18706K [0x0000000082600000, 0x0000000100000000)
  region size 1M, 10 eden (10M), 1 survivor (1M), 7 old (7M), 1 humongous (1M), 14 free (14M)
}
Event: 2.041 {heap After GC invocations=8 (full 0):
 garbage-first heap   total reserved 2058240K, committed 33792K, used 9219K [0x0000000082600000, 0x0000000100000000)
  region size 1M, 0 eden (0M), 2 survivor (2M), 7 old (7M), 1 humongous (1M), 23 free (23M)
}
Event: 2.385 {heap Before GC invocations=8 (full 0):
 garbage-first heap   total reserved 2058240K, committed 33792K, used 22531K [0x0000000082600000, 0x0000000100000000)
  region size 1M, 13 eden (13M), 2 survivor (2M), 7 old (7M), 1 humongous (1M), 10 free (10M)
}
Event: 2.391 {heap After GC invocations=9 (full 0):
 garbage-first heap   total reserved 2058240K, committed 33792K, used 10074K [0x0000000082600000, 0x0000000100000000)
  region size 1M, 0 eden (0M), 2 survivor (2M), 8 old (8M), 1 humongous (1M), 22 free (22M)
}
Event: 2.644 {heap Before GC invocations=9 (full 0):
 garbage-first heap   total reserved 2058240K, committed 33792K, used 23386K [0x0000000082600000, 0x0000000100000000)
  region size 1M, 13 eden (13M), 2 survivor (2M), 8 old (8M), 1 humongous (1M), 9 free (9M)
}
Event: 2.649 {heap After GC invocations=10 (full 0):
 garbage-first heap   total reserved 2058240K, committed 88064K, used 10867K [0x0000000082600000, 0x0000000100000000)
  region size 1M, 0 eden (0M), 2 survivor (2M), 8 old (8M), 1 humongous (1M), 75 free (75M)
}
Event: 3.382 {heap Before GC invocations=10 (full 0):
 garbage-first heap   total reserved 2058240K, committed 88064K, used 47731K [0x0000000082600000, 0x0000000100000000)
  region size 1M, 38 eden (38M), 2 survivor (2M), 8 old (8M), 1 humongous (1M), 37 free (37M)
}
Event: 3.400 {heap After GC invocations=11 (full 0):
 garbage-first heap   total reserved 2058240K, committed 88064K, used 14610K [0x0000000082600000, 0x0000000100000000)
  region size 1M, 0 eden (0M), 6 survivor (6M), 8 old (8M), 1 humongous (1M), 71 free (71M)
}
Event: 5.268 {heap Before GC invocations=12 (full 0):
 garbage-first heap   total reserved 2058240K, committed 88064K, used 60690K [0x0000000082600000, 0x0000000100000000)
  region size 1M, 45 eden (45M), 6 survivor (6M), 8 old (8M), 1 humongous (1M), 26 free (26M)
}
Event: 5.323 {heap After GC invocations=13 (full 0):
 garbage-first heap   total reserved 2058240K, committed 88064K, used 18561K [0x0000000082600000, 0x0000000100000000)
  region size 1M, 0 eden (0M), 7 survivor (7M), 11 old (11M), 1 humongous (1M), 67 free (67M)
}
Event: 6.868 {heap Before GC invocations=13 (full 0):
 garbage-first heap   total reserved 2058240K, committed 88064K, used 52353K [0x0000000082600000, 0x0000000100000000)
  region size 1M, 34 eden (34M), 7 survivor (7M), 11 old (11M), 1 humongous (1M), 33 free (33M)
}
Event: 6.882 {heap After GC invocations=14 (full 0):
 garbage-first heap   total reserved 2058240K, committed 88064K, used 21263K [0x0000000082600000, 0x0000000100000000)
  region size 1M, 0 eden (0M), 7 survivor (7M), 14 old (14M), 1 humongous (1M), 64 free (64M)
}
Event: 9.330 {heap Before GC invocations=15 (full 0):
 garbage-first heap   total reserved 2058240K, committed 88064K, used 66319K [0x0000000082600000, 0x0000000100000000)
  region size 1M, 44 eden (44M), 7 survivor (7M), 14 old (14M), 1 humongous (1M), 20 free (20M)
}

Metaspace Usage History (20 events):
Event: 0.570 {metaspace After GC invocations=4 (full 0):
 Metaspace       used 308K, committed 512K, reserved 1114112K
  class space    used 13K, committed 128K, reserved 1048576K
}
Event: 0.651 {metaspace Before GC invocations=4 (full 0):
 Metaspace       used 906K, committed 1024K, reserved 1114112K
  class space    used 85K, committed 128K, reserved 1048576K
}
Event: 0.654 {metaspace After GC invocations=5 (full 0):
 Metaspace       used 906K, committed 1024K, reserved 1114112K
  class space    used 85K, committed 128K, reserved 1048576K
}
Event: 1.237 {metaspace Before GC invocations=5 (full 0):
 Metaspace       used 3933K, committed 4032K, reserved 1114112K
  class space    used 486K, committed 512K, reserved 1048576K
}
Event: 1.243 {metaspace After GC invocations=6 (full 0):
 Metaspace       used 3933K, committed 4032K, reserved 1114112K
  class space    used 486K, committed 512K, reserved 1048576K
}
Event: 1.638 {metaspace Before GC invocations=6 (full 0):
 Metaspace       used 6676K, committed 6848K, reserved 1114112K
  class space    used 869K, committed 960K, reserved 1048576K
}
Event: 1.644 {metaspace After GC invocations=7 (full 0):
 Metaspace       used 6676K, committed 6848K, reserved 1114112K
  class space    used 869K, committed 960K, reserved 1048576K
}
Event: 2.035 {metaspace Before GC invocations=7 (full 0):
 Metaspace       used 8353K, committed 8640K, reserved 1114112K
  class space    used 1156K, committed 1280K, reserved 1048576K
}
Event: 2.041 {metaspace After GC invocations=8 (full 0):
 Metaspace       used 8353K, committed 8640K, reserved 1114112K
  class space    used 1156K, committed 1280K, reserved 1048576K
}
Event: 2.385 {metaspace Before GC invocations=8 (full 0):
 Metaspace       used 11659K, committed 11904K, reserved 1114112K
  class space    used 1695K, committed 1792K, reserved 1048576K
}
Event: 2.391 {metaspace After GC invocations=9 (full 0):
 Metaspace       used 11659K, committed 11904K, reserved 1114112K
  class space    used 1695K, committed 1792K, reserved 1048576K
}
Event: 2.644 {metaspace Before GC invocations=9 (full 0):
 Metaspace       used 15108K, committed 15424K, reserved 1114112K
  class space    used 2218K, committed 2368K, reserved 1048576K
}
Event: 2.649 {metaspace After GC invocations=10 (full 0):
 Metaspace       used 15108K, committed 15424K, reserved 1114112K
  class space    used 2218K, committed 2368K, reserved 1048576K
}
Event: 3.383 {metaspace Before GC invocations=10 (full 0):
 Metaspace       used 21171K, committed 21504K, reserved 1114112K
  class space    used 3028K, committed 3200K, reserved 1048576K
}
Event: 3.400 {metaspace After GC invocations=11 (full 0):
 Metaspace       used 21171K, committed 21504K, reserved 1114112K
  class space    used 3028K, committed 3200K, reserved 1048576K
}
Event: 5.268 {metaspace Before GC invocations=12 (full 0):
 Metaspace       used 27644K, committed 28032K, reserved 1114112K
  class space    used 4048K, committed 4224K, reserved 1048576K
}
Event: 5.323 {metaspace After GC invocations=13 (full 0):
 Metaspace       used 27644K, committed 28032K, reserved 1114112K
  class space    used 4048K, committed 4224K, reserved 1048576K
}
Event: 6.868 {metaspace Before GC invocations=13 (full 0):
 Metaspace       used 35602K, committed 35968K, reserved 1114112K
  class space    used 5347K, committed 5504K, reserved 1048576K
}
Event: 6.882 {metaspace After GC invocations=14 (full 0):
 Metaspace       used 35602K, committed 35968K, reserved 1114112K
  class space    used 5347K, committed 5504K, reserved 1048576K
}
Event: 9.330 {metaspace Before GC invocations=15 (full 0):
 Metaspace       used 50721K, committed 51200K, reserved 1114112K
  class space    used 7423K, committed 7616K, reserved 1048576K
}

Dll operation events (20 events):
Event: 0.254 Attempting to load shared library C:\Program Files\Java\jdk-26.0.1\bin\zip.dll
Event: 0.255 Loaded shared library C:\Program Files\Java\jdk-26.0.1\bin\zip.dll
Event: 0.262 Attempting to load shared library C:\Program Files\Java\jdk-26.0.1\bin\instrument.dll
Event: 0.262 Loaded shared library C:\Program Files\Java\jdk-26.0.1\bin\instrument.dll
Event: 0.269 Attempting to load shared library C:\Program Files\Java\jdk-26.0.1\bin\net.dll
Event: 0.270 Loaded shared library C:\Program Files\Java\jdk-26.0.1\bin\net.dll
Event: 0.274 Attempting to load shared library C:\Program Files\Java\jdk-26.0.1\bin\nio.dll
Event: 0.274 Loaded shared library C:\Program Files\Java\jdk-26.0.1\bin\nio.dll
Event: 0.288 Attempting to load shared library C:\Program Files\Java\jdk-26.0.1\bin\zip.dll
Event: 0.288 Loaded shared library C:\Program Files\Java\jdk-26.0.1\bin\zip.dll
Event: 0.615 Attempting to load shared library C:\Program Files\Java\jdk-26.0.1\bin\extnet.dll
Event: 0.616 Loaded shared library C:\Program Files\Java\jdk-26.0.1\bin\extnet.dll
Event: 0.659 Attempting to load shared library C:\Program Files\Java\jdk-26.0.1\bin\jimage.dll
Event: 0.659 Loaded shared library C:\Program Files\Java\jdk-26.0.1\bin\jimage.dll
Event: 3.064 Attempting to load shared library C:\Program Files\Java\jdk-26.0.1\bin\sunmscapi.dll
Event: 3.068 Loaded shared library C:\Program Files\Java\jdk-26.0.1\bin\sunmscapi.dll
Event: 5.450 Attempting to load shared library C:\Program Files\Java\jdk-26.0.1\bin\management.dll
Event: 5.451 Loaded shared library C:\Program Files\Java\jdk-26.0.1\bin\management.dll
Event: 5.453 Attempting to load shared library C:\Program Files\Java\jdk-26.0.1\bin\management_ext.dll
Event: 5.454 Loaded shared library C:\Program Files\Java\jdk-26.0.1\bin\management_ext.dll

Deoptimization events (8 events):
Event: 1.796 Thread 0x0000013792f6f920 DEOPT PACKING pc=0x000001379e23152c sp=0x0000001f1dbfcb40
Event: 1.796 Thread 0x0000013792f6f920 DEOPT UNPACKING pc=0x000001379df21a02 sp=0x0000001f1dbfc038 mode 0
Event: 5.657 Thread 0x00000137ac361fa0 DEOPT PACKING pc=0x000001379e282551 sp=0x0000001f1f6fef50
Event: 5.657 Thread 0x00000137ac361fa0 DEOPT UNPACKING pc=0x000001379df21a02 sp=0x0000001f1f6fe3a8 mode 3
Event: 5.657 Thread 0x00000137ac362750 DEOPT PACKING pc=0x000001379e2a75d6 sp=0x0000001f1f9fef20
Event: 5.657 Thread 0x00000137ac362750 DEOPT UNPACKING pc=0x000001379df21a02 sp=0x0000001f1f9fe3b8 mode 3
Event: 7.972 Thread 0x0000013792f6f920 DEOPT PACKING pc=0x000001379e35b44c sp=0x0000001f1dbfa1e0
Event: 7.972 Thread 0x0000013792f6f920 DEOPT UNPACKING pc=0x000001379df21a02 sp=0x0000001f1dbf9710 mode 0

Classes loaded (20 events):
Event: 8.652 Loading class java/util/concurrent/atomic/AtomicReferenceFieldUpdater
Event: 8.652 Loading class java/util/concurrent/atomic/AtomicReferenceFieldUpdater done
Event: 8.652 Loading class java/util/concurrent/atomic/AtomicReferenceFieldUpdater$AtomicReferenceFieldUpdaterImpl
Event: 8.652 Loading class java/util/concurrent/atomic/AtomicReferenceFieldUpdater$AtomicReferenceFieldUpdaterImpl done
Event: 8.670 Loading class java/util/TimerTask
Event: 8.671 Loading class java/util/TimerTask done
Event: 8.863 Loading class java/io/CharArrayWriter
Event: 8.863 Loading class java/io/CharArrayWriter done
Event: 8.863 Loading class java/lang/StringIndexOutOfBoundsException
Event: 8.863 Loading class java/lang/StringIndexOutOfBoundsException done
Event: 8.898 Loading class jdk/internal/reflect/MethodHandleIntegerFieldAccessorImpl
Event: 8.899 Loading class jdk/internal/reflect/MethodHandleIntegerFieldAccessorImpl done
Event: 9.263 Loading class java/util/stream/ReduceOps$5
Event: 9.263 Loading class java/util/stream/ReduceOps$5 done
Event: 9.263 Loading class java/util/stream/ReduceOps$CountingSink$OfRef
Event: 9.263 Loading class java/util/stream/ReduceOps$CountingSink
Event: 9.263 Loading class java/util/stream/ReduceOps$CountingSink done
Event: 9.263 Loading class java/util/stream/ReduceOps$CountingSink$OfRef done
Event: 9.269 Loading class jdk/internal/ValueBased
Event: 9.269 Loading class jdk/internal/ValueBased done

Classes unloaded (0 events):
No events

Classes redefined (0 events):
No events

Internal exceptions (20 events):
Event: 5.076 Thread 0x0000013792f6f920 Exception <a 'java/lang/NoSuchMethodError'{0x0000000084927218}: 'java.lang.Object java.lang.invoke.DirectMethodHandle$Holder.invokeStaticInit(java.lang.Object, java.lang.Object, int, int, int, int)'> (0x0000000084927218) 
thrown [s\open\src\hotspot\share\interpreter\linkResolver.cpp, line 804]
Event: 5.406 Thread 0x0000013792f6f920 Exception <a 'java/lang/NoSuchMethodError'{0x00000000fffdef30}: 'int java.lang.invoke.DirectMethodHandle$Holder.invokeVirtual(java.lang.Object, java.lang.Object, java.lang.Object, java.lang.Object)'> (0x00000000fffdef30) 
thrown [s\open\src\hotspot\share\interpreter\linkResolver.cpp, line 804]
Event: 5.481 Thread 0x0000013792f6f920 Exception <a 'java/io/FileNotFoundException'{0x0000000087705f18}> (0x0000000087705f18) 
thrown [s\open\src\hotspot\share\prims\jni.cpp, line 514]
Event: 5.553 Thread 0x0000013792f6f920 Exception <a 'java/lang/NoSuchMethodError'{0x00000000876fd258}: 'int java.lang.invoke.DirectMethodHandle$Holder.invokeInterface(java.lang.Object, java.lang.Object, java.lang.Object, java.lang.Object)'> (0x00000000876fd258) 
thrown [s\open\src\hotspot\share\interpreter\linkResolver.cpp, line 804]
Event: 5.632 Thread 0x0000013792f6f920 Exception <a 'java/lang/NoSuchMethodError'{0x000000008734ab58}: 'long java.lang.invoke.DirectMethodHandle$Holder.invokeVirtual(java.lang.Object, java.lang.Object)'> (0x000000008734ab58) 
thrown [s\open\src\hotspot\share\interpreter\linkResolver.cpp, line 804]
Event: 5.689 Thread 0x0000013792f6f920 Exception <a 'java/lang/NoSuchMethodError'{0x0000000087125ca8}: 'void java.lang.invoke.DirectMethodHandle$Holder.invokeVirtual(java.lang.Object, java.lang.Object, long)'> (0x0000000087125ca8) 
thrown [s\open\src\hotspot\share\interpreter\linkResolver.cpp, line 804]
Event: 5.791 Thread 0x0000013792f6f920 Exception <a 'java/lang/NoSuchMethodError'{0x0000000086e09e18}: 'java.lang.Object java.lang.invoke.DirectMethodHandle$Holder.newInvokeSpecial(java.lang.Object, java.lang.Object, java.lang.Object, java.lang.Object, java.lang.Object, java.lang.Object, java.lang.Object, java.lang.Object, java.lang.Object, java.lang.Object, java.lang.Object)'> (0x0000000086e09e18) 
thrown [s\open\src\hotspot\share\interpreter\linkResolver.cpp, line 804]
Event: 5.999 Thread 0x0000013792f6f920 Exception <a 'java/lang/NoSuchMethodError'{0x0000000086af7040}: 'void java.lang.invoke.DelegatingMethodHandle$Holder.reinvoke_L(java.lang.Object, java.lang.Object, java.lang.Object, java.lang.Object, int, java.lang.Object, java.lang.Object, java.lang.Object)'> (0x0000000086af7040) 
thrown [s\open\src\hotspot\share\interpreter\linkResolver.cpp, line 804]
Event: 6.003 Thread 0x0000013792f6f920 Exception <a 'java/lang/NoSuchMethodError'{0x000000008694b680}: 'java.lang.Object java.lang.invoke.DirectMethodHandle$Holder.invokeStatic(java.lang.Object, java.lang.Object, java.lang.Object, java.lang.Object, java.lang.Object, java.lang.Object, java.lang.Object, java.lang.Object, java.lang.Object, java.lang.Object)'> (0x000000008694b680) 
thrown [s\open\src\hotspot\share\interpreter\linkResolver.cpp, line 804]
Event: 6.948 Thread 0x0000013792f6f920 Exception <a 'java/lang/IncompatibleClassChangeError'{0x00000000ffff97e8}: Found class java.lang.Object, but interface was expected> (0x00000000ffff97e8) 
thrown [s\open\src\hotspot\share\interpreter\linkResolver.cpp, line 871]
Event: 7.982 Thread 0x0000013792f6f920 Exception <a 'sun/nio/fs/WindowsException'{0x00000000864bff68}> (0x00000000864bff68) 
thrown [s\open\src\hotspot\share\prims\jni.cpp, line 514]
Event: 8.138 Thread 0x0000013792f6f920 Exception <a 'java/lang/NoSuchMethodError'{0x00000000863bfab8}: 'java.lang.Object java.lang.invoke.DirectMethodHandle$Holder.invokeStaticInit(java.lang.Object, int)'> (0x00000000863bfab8) 
thrown [s\open\src\hotspot\share\interpreter\linkResolver.cpp, line 804]
Event: 8.426 Thread 0x0000013792f6f920 Exception <a 'java/lang/NoSuchMethodError'{0x000000008626a858}: 'java.lang.Object java.lang.invoke.Invokers$Holder.invoke_MT(java.lang.Object, java.lang.Object, java.lang.Object, java.lang.Object, java.lang.Object, java.lang.Object)'> (0x000000008626a858) 
thrown [s\open\src\hotspot\share\interpreter\linkResolver.cpp, line 804]
Event: 8.865 Thread 0x0000013792f6f920 Exception <a 'java/lang/NoSuchMethodError'{0x0000000085bd0750}: 'java.lang.Object java.lang.invoke.DirectMethodHandle$Holder.invokeStaticInit(java.lang.Object, java.lang.Object, java.lang.Object, java.lang.Object)'> (0x0000000085bd0750) 
thrown [s\open\src\hotspot\share\interpreter\linkResolver.cpp, line 804]
Event: 8.900 Thread 0x0000013792f6f920 Exception <a 'java/lang/NoSuchMethodError'{0x0000000085af4f48}: 'int java.lang.invoke.Invokers$Holder.invokeExact_MT(java.lang.Object, java.lang.Object)'> (0x0000000085af4f48) 
thrown [s\open\src\hotspot\share\interpreter\linkResolver.cpp, line 804]
Event: 8.953 Thread 0x0000013792f6f920 Exception <a 'java/lang/NoSuchMethodError'{0x000000008582fd28}: 'java.lang.Object java.lang.invoke.DirectMethodHandle$Holder.invokeSpecial(java.lang.Object, java.lang.Object, int, java.lang.Object, int)'> (0x000000008582fd28) 
thrown [s\open\src\hotspot\share\interpreter\linkResolver.cpp, line 804]
Event: 8.954 Thread 0x0000013792f6f920 Exception <a 'java/lang/NoSuchMethodError'{0x0000000085838570}: 'java.lang.Object java.lang.invoke.DirectMethodHandle$Holder.invokeSpecial(java.lang.Object, java.lang.Object, java.lang.Object, int, java.lang.Object, int)'> (0x0000000085838570) 
thrown [s\open\src\hotspot\share\interpreter\linkResolver.cpp, line 804]
Event: 8.954 Thread 0x0000013792f6f920 Exception <a 'java/lang/NoSuchMethodError'{0x00000000858407e0}: 'java.lang.Object java.lang.invoke.DelegatingMethodHandle$Holder.reinvoke_L(java.lang.Object, java.lang.Object, int, java.lang.Object, int)'> (0x00000000858407e0) 
thrown [s\open\src\hotspot\share\interpreter\linkResolver.cpp, line 804]
Event: 8.971 Thread 0x0000013792f6f920 Exception <a 'java/lang/NoSuchMethodError'{0x00000000858e6e68}: 'java.lang.Object java.lang.invoke.DirectMethodHandle$Holder.newInvokeSpecial(java.lang.Object, java.lang.Object, java.lang.Object, java.lang.Object, java.lang.Object, int, java.lang.Object)'> (0x00000000858e6e68) 
thrown [s\open\src\hotspot\share\interpreter\linkResolver.cpp, line 804]
Event: 8.972 Thread 0x0000013792f6f920 Exception <a 'java/lang/NoSuchMethodError'{0x00000000858efb50}: 'java.lang.Object java.lang.invoke.DirectMethodHandle$Holder.invokeSpecial(java.lang.Object, java.lang.Object, java.lang.Object, java.lang.Object, java.lang.Object, java.lang.Object, int, java.lang.Object)'> (0x00000000858efb50) 
thrown [s\open\src\hotspot\share\interpreter\linkResolver.cpp, line 804]

VM Operations (20 events):
Event: 5.646 Executing non-safepoint VM operation: HandshakeAllThreads (Deoptimize) done
Event: 6.868 Executing safepoint VM operation: CollectForMetadataAllocation (Metadata GC Threshold)
Event: 6.882 Executing safepoint VM operation: CollectForMetadataAllocation (Metadata GC Threshold) done
Event: 6.914 Executing safepoint VM operation: G1PauseRemark
Event: 6.919 Executing safepoint VM operation: G1PauseRemark done
Event: 6.930 Executing safepoint VM operation: G1PauseCleanup
Event: 6.930 Executing safepoint VM operation: G1PauseCleanup done
Event: 7.962 Executing non-safepoint VM operation: HandshakeAllThreads (Deoptimize)
Event: 7.962 Executing non-safepoint VM operation: HandshakeAllThreads (Deoptimize) done
Event: 7.972 Executing non-safepoint VM operation: HandshakeAllThreads (Deoptimize)
Event: 7.972 Executing non-safepoint VM operation: HandshakeAllThreads (Deoptimize) done
Event: 7.984 Executing non-safepoint VM operation: HandshakeAllThreads (Deoptimize)
Event: 7.984 Executing non-safepoint VM operation: HandshakeAllThreads (Deoptimize) done
Event: 7.993 Executing non-safepoint VM operation: HandshakeAllThreads (Deoptimize)
Event: 7.993 Executing non-safepoint VM operation: HandshakeAllThreads (Deoptimize) done
Event: 8.483 Executing non-safepoint VM operation: HandshakeAllThreads (Deoptimize)
Event: 8.483 Executing non-safepoint VM operation: HandshakeAllThreads (Deoptimize) done
Event: 8.900 Executing non-safepoint VM operation: HandshakeAllThreads (Deoptimize)
Event: 8.900 Executing non-safepoint VM operation: HandshakeAllThreads (Deoptimize) done
Event: 9.330 Executing safepoint VM operation: G1CollectForAllocation (G1 Evacuation Pause)

Memory protections (0 events):
No events

Nmethod flushes (20 events):
Event: 6.917 Thread 0x00000137a662d860 flushing  nmethod 0x000001379e115508
Event: 6.917 Thread 0x00000137a662d860 flushing  nmethod 0x000001379e137388
Event: 6.917 Thread 0x00000137a662d860 flushing  nmethod 0x000001379e242108
Event: 6.917 Thread 0x00000137a662d860 flushing  nmethod 0x000001379e289e08
Event: 6.917 Thread 0x00000137a662d860 flushing  nmethod 0x000001379e2ae188
Event: 6.917 Thread 0x00000137a662d860 flushing  nmethod 0x000001379e32bf08
Event: 6.917 Thread 0x00000137a662d860 flushing  nmethod 0x000001379e330288
Event: 6.917 Thread 0x00000137a662d860 flushing  nmethod 0x000001379e16b608
Event: 6.917 Thread 0x00000137a662d860 flushing  nmethod 0x000001379e16b988
Event: 6.917 Thread 0x00000137a662d860 flushing  nmethod 0x000001379e194908
Event: 6.917 Thread 0x00000137a662d860 flushing  nmethod 0x000001379e1ce908
Event: 6.918 Thread 0x00000137a662d860 flushing  nmethod 0x000001379e1cfa88
Event: 6.918 Thread 0x00000137a662d860 flushing  nmethod 0x000001379e20da08
Event: 6.918 Thread 0x00000137a662d860 flushing  nmethod 0x000001379e270788
Event: 6.918 Thread 0x00000137a662d860 flushing  nmethod 0x000001379e272d88
Event: 6.918 Thread 0x00000137a662d860 flushing  nmethod 0x000001379e40f288
Event: 6.918 Thread 0x00000137a662d860 flushing  nmethod 0x000001379e412408
Event: 6.918 Thread 0x00000137a662d860 flushing  nmethod 0x000001379e429408
Event: 6.918 Thread 0x00000137a662d860 flushing  nmethod 0x000001379e429c08
Event: 6.918 Thread 0x00000137a662d860 flushing  nmethod 0x000001379e44d508

Events (20 events):
Event: 0.081 Thread 0x0000013792f6f920 Thread added: 0x00000137a66420c0
Event: 0.081 Thread 0x0000013792f6f920 Thread added: 0x00000137a6643c80
Event: 0.081 Thread 0x0000013792f6f920 Thread added: 0x00000137a6646840
Event: 0.081 Thread 0x0000013792f6f920 Thread added: 0x00000137a6653140
Event: 0.081 Thread 0x0000013792f6f920 Thread added: 0x00000137a6654b90
Event: 0.229 Thread 0x00000137a6654b90 Thread added: 0x00000137a66fe5d0
Event: 0.231 Thread 0x00000137a66fe5d0 Thread added: 0x00000137a674a790
Event: 0.267 Thread 0x0000013792f6f920 Thread added: 0x00000137a6787640
Event: 0.581 Thread 0x0000013792f6f920 Thread added: 0x00000137a6afce40
Event: 0.581 Thread 0x0000013792f6f920 Thread added: 0x00000137ab0480d0
Event: 2.119 Thread 0x0000013792f6f920 Thread added: 0x00000137aba55e60
Event: 2.698 Thread 0x0000013792f6f920 Thread added: 0x00000137abd86d40
Event: 2.741 Thread 0x00000137abd86d40 Thread exited: 0x00000137abd86d40
Event: 3.143 Thread 0x00000137aba55e60 Thread exited: 0x00000137aba55e60
Event: 5.654 Thread 0x0000013792f6f920 Thread added: 0x00000137ac361fa0
Event: 5.656 Thread 0x00000137ac361fa0 Thread added: 0x00000137ac362750
Event: 5.666 Thread 0x0000013792f6f920 Thread added: 0x00000137ac364390
Event: 5.737 Thread 0x0000013792f6f920 Thread added: 0x00000137a67970d0
Event: 8.648 Thread 0x0000013792f6f920 Thread added: 0x00000137ab2d05e0
Event: 8.753 Thread 0x00000137ab2d05e0 Thread added: 0x00000137ac54c7c0


Dynamic libraries:
0x00007ff732ed0000 - 0x00007ff732ee0000 	C:\Program Files\Java\jdk-26.0.1\bin\java.exe
0x00007ff91c6e0000 - 0x00007ff91c946000 	C:\WINDOWS\SYSTEM32\ntdll.dll
0x00007ff91b000000 - 0x00007ff91b0c9000 	C:\WINDOWS\System32\KERNEL32.DLL
0x00007ff919950000 - 0x00007ff919d4f000 	C:\WINDOWS\System32\KERNELBASE.dll
0x00007ff919d60000 - 0x00007ff919eac000 	C:\WINDOWS\System32\ucrtbase.dll
0x00007ff90e740000 - 0x00007ff90e757000 	C:\Program Files\Java\jdk-26.0.1\bin\jli.dll
0x00007ff903740000 - 0x00007ff90375e000 	C:\Program Files\Java\jdk-26.0.1\bin\VCRUNTIME140.dll
0x00007ff91a8c0000 - 0x00007ff91aa86000 	C:\WINDOWS\System32\USER32.dll
0x00007ff900370000 - 0x00007ff900601000 	C:\WINDOWS\WinSxS\amd64_microsoft.windows.common-controls_6595b64144ccf1df_6.0.26100.8972_none_3e0da176e32f9d4b\COMCTL32.dll
0x00007ff91a020000 - 0x00007ff91a047000 	C:\WINDOWS\System32\win32u.dll
0x00007ff91aba0000 - 0x00007ff91ac49000 	C:\WINDOWS\System32\msvcrt.dll
0x00007ff91afd0000 - 0x00007ff91affb000 	C:\WINDOWS\System32\GDI32.dll
0x00007ff91a270000 - 0x00007ff91a399000 	C:\WINDOWS\System32\gdi32full.dll
0x00007ff919f70000 - 0x00007ff91a013000 	C:\WINDOWS\System32\msvcp_win.dll
0x00007ff91a7a0000 - 0x00007ff91a7d2000 	C:\WINDOWS\System32\IMM32.DLL
0x00007ff911350000 - 0x00007ff91135c000 	C:\Program Files\Java\jdk-26.0.1\bin\vcruntime140_1.dll
0x00007ff8da760000 - 0x00007ff8da7ed000 	C:\Program Files\Java\jdk-26.0.1\bin\msvcp140.dll
0x00007ff896140000 - 0x00007ff89700e000 	C:\Program Files\Java\jdk-26.0.1\bin\server\jvm.dll
0x00007ff91b0d0000 - 0x00007ff91b18c000 	C:\WINDOWS\System32\ADVAPI32.dll
0x00007ff91ae40000 - 0x00007ff91aeea000 	C:\WINDOWS\System32\sechost.dll
0x00007ff91ac60000 - 0x00007ff91ad78000 	C:\WINDOWS\System32\RPCRT4.dll
0x00007ff91c610000 - 0x00007ff91c692000 	C:\WINDOWS\System32\WS2_32.dll
0x00007ff9197b0000 - 0x00007ff91980e000 	C:\WINDOWS\SYSTEM32\POWRPROF.dll
0x00007ff90ff50000 - 0x00007ff90ff5b000 	C:\WINDOWS\SYSTEM32\VERSION.dll
0x00007ff9015a0000 - 0x00007ff9015d6000 	C:\WINDOWS\SYSTEM32\WINMM.dll
0x00007ff919790000 - 0x00007ff9197a5000 	C:\WINDOWS\SYSTEM32\UMPDC.dll
0x00007ff918670000 - 0x00007ff91868b000 	C:\WINDOWS\SYSTEM32\kernel.appcore.dll
0x00007ff910f50000 - 0x00007ff910f5a000 	C:\Program Files\Java\jdk-26.0.1\bin\jimage.dll
0x00007ff9171e0000 - 0x00007ff917422000 	C:\WINDOWS\SYSTEM32\DBGHELP.DLL
0x00007ff91b1b0000 - 0x00007ff91b535000 	C:\WINDOWS\System32\combase.dll
0x00007ff91aef0000 - 0x00007ff91afc9000 	C:\WINDOWS\System32\OLEAUT32.dll
0x00007ff900940000 - 0x00007ff90097b000 	C:\WINDOWS\SYSTEM32\dbgcore.DLL
0x00007ff91a3a0000 - 0x00007ff91a44c000 	C:\WINDOWS\System32\bcryptPrimitives.dll
0x00007ff90e780000 - 0x00007ff90e790000 	C:\Program Files\Java\jdk-26.0.1\bin\instrument.dll
0x00007ff902670000 - 0x00007ff90268f000 	C:\Program Files\Java\jdk-26.0.1\bin\java.dll
0x00007ff91bef0000 - 0x00007ff91c089000 	C:\WINDOWS\System32\ole32.dll
0x00007ff91b540000 - 0x00007ff91bcc8000 	C:\WINDOWS\System32\SHELL32.dll
0x00007ff917480000 - 0x00007ff917d1b000 	C:\WINDOWS\SYSTEM32\windows.storage.dll
0x00007ff91a6a0000 - 0x00007ff91a799000 	C:\WINDOWS\System32\SHCORE.dll
0x00007ff91c090000 - 0x00007ff91c0f6000 	C:\WINDOWS\System32\shlwapi.dll
0x00007ff919870000 - 0x00007ff919899000 	C:\WINDOWS\SYSTEM32\profapi.dll
0x00007ff8fd950000 - 0x00007ff8fd967000 	C:\Program Files\Java\jdk-26.0.1\bin\zip.dll
0x00007ff901a70000 - 0x00007ff901a82000 	C:\Program Files\Java\jdk-26.0.1\bin\net.dll
0x00007ff918be0000 - 0x00007ff918c4c000 	C:\WINDOWS\system32\mswsock.dll
0x00007ff8fea80000 - 0x00007ff8fea96000 	C:\Program Files\Java\jdk-26.0.1\bin\nio.dll
0x00007ff902660000 - 0x00007ff902669000 	C:\Program Files\Java\jdk-26.0.1\bin\extnet.dll
0x00007ff903360000 - 0x00007ff90336e000 	C:\Program Files\Java\jdk-26.0.1\bin\sunmscapi.dll
0x00007ff91a050000 - 0x00007ff91a1ce000 	C:\WINDOWS\System32\CRYPT32.dll
0x00007ff919140000 - 0x00007ff919170000 	C:\WINDOWS\SYSTEM32\ncrypt.dll
0x00007ff9190f0000 - 0x00007ff91912f000 	C:\WINDOWS\SYSTEM32\NTASN1.dll
0x00007ff918fd0000 - 0x00007ff918feb000 	C:\WINDOWS\SYSTEM32\CRYPTSP.dll
0x00007ff9185d0000 - 0x00007ff918609000 	C:\WINDOWS\system32\rsaenh.dll
0x00007ff918c80000 - 0x00007ff918cb2000 	C:\WINDOWS\SYSTEM32\USERENV.dll
0x00007ff919840000 - 0x00007ff91986a000 	C:\WINDOWS\SYSTEM32\bcrypt.dll
0x00007ff918fb0000 - 0x00007ff918fbc000 	C:\WINDOWS\SYSTEM32\CRYPTBASE.dll
0x00007ff918030000 - 0x00007ff918063000 	C:\WINDOWS\SYSTEM32\IPHLPAPI.DLL
0x00007ff91a530000 - 0x00007ff91a53a000 	C:\WINDOWS\System32\NSI.dll
0x00007ff90c390000 - 0x00007ff90c39a000 	C:\Program Files\Java\jdk-26.0.1\bin\management.dll
0x00007ff90c280000 - 0x00007ff90c28c000 	C:\Program Files\Java\jdk-26.0.1\bin\management_ext.dll
0x00007ff91ac50000 - 0x00007ff91ac58000 	C:\WINDOWS\System32\PSAPI.DLL
0x00007ff918120000 - 0x00007ff918278000 	C:\WINDOWS\SYSTEM32\DNSAPI.dll
0x00007ff918a10000 - 0x00007ff918a1d000 	C:\WINDOWS\SYSTEM32\DSPARSE.dll
0x00007ff910130000 - 0x00007ff91013b000 	C:\Windows\System32\rasadhlp.dll
0x00007ff910930000 - 0x00007ff9109b6000 	C:\WINDOWS\System32\fwpuclnt.dll

JVMTI agents:
C:\Program Files\JetBrains\IntelliJ IDEA 2026.2.1\lib\idea_rt.jar path:C:\Program Files\Java\jdk-26.0.1\bin\instrument.dll, loaded, initialized, instrumentlib options:56562

dbghelp: loaded successfully - version: 4.0.5 - missing functions: none
symbol engine: initialized successfully - sym options: 0x614 - pdb path: .;C:\Program Files\Java\jdk-26.0.1\bin;C:\WINDOWS\SYSTEM32;C:\WINDOWS\WinSxS\amd64_microsoft.windows.common-controls_6595b64144ccf1df_6.0.26100.8972_none_3e0da176e32f9d4b;C:\Program Files\Java\jdk-26.0.1\bin\server

VM Arguments:
jvm_args: -XX:TieredStopAtLevel=1 -Dspring.output.ansi.enabled=always -javaagent:C:\Program Files\JetBrains\IntelliJ IDEA 2026.2.1\lib\idea_rt.jar=56562 -Dfile.encoding=UTF-8 -Dsun.stdout.encoding=UTF-8 -Dsun.stderr.encoding=UTF-8 
java_command: com.LibraryDesk.LibraryDeskApplication
java_class_path (initial): C:\Users\Basit\.vscode\java\LibraryDesk\LibraryDesk\target\classes;C:\Users\Basit\.m2\repository\com\mysql\mysql-connector-j\9.7.0\mysql-connector-j-9.7.0.jar;C:\Users\Basit\.m2\repository\org\springframework\boot\spring-boot-starter-data-jpa\4.1.1\spring-boot-starter-data-jpa-4.1.1.jar;C:\Users\Basit\.m2\repository\org\springframework\boot\spring-boot-starter\4.1.1\spring-boot-starter-4.1.1.jar;C:\Users\Basit\.m2\repository\org\springframework\boot\spring-boot-starter-logging\4.1.1\spring-boot-starter-logging-4.1.1.jar;C:\Users\Basit\.m2\repository\ch\qos\logback\logback-classic\1.5.38\logback-classic-1.5.38.jar;C:\Users\Basit\.m2\repository\ch\qos\logback\logback-core\1.5.38\logback-core-1.5.38.jar;C:\Users\Basit\.m2\repository\org\apache\logging\log4j\log4j-to-slf4j\2.25.5\log4j-to-slf4j-2.25.5.jar;C:\Users\Basit\.m2\repository\org\apache\logging\log4j\log4j-api\2.25.5\log4j-api-2.25.5.jar;C:\Users\Basit\.m2\repository\org\slf4j\jul-to-slf4j\2.0.18\jul-to-slf4j-2.0.18.jar;C:\Users\Basit\.m2\repository\org\springframework\boot\spring-boot-autoconfigure\4.1.1\spring-boot-autoconfigure-4.1.1.jar;C:\Users\Basit\.m2\repository\jakarta\annotation\jakarta.annotation-api\3.0.0\jakarta.annotation-api-3.0.0.jar;C:\Users\Basit\.m2\repository\org\yaml\snakeyaml\2.6\snakeyaml-2.6.jar;C:\Users\Basit\.m2\repository\org\springframework\boot\spring-boot-starter-jdbc\4.1.1\spring-boot-starter-jdbc-4.1.1.jar;C:\Users\Basit\.m2\repository\com\zaxxer\HikariCP\7.0.2\HikariCP-7.0.2.jar;C:\Users\Basit\.m2\repository\org\springframework\boot\spring-boot-data-jpa\4.1.1\spring-boot-data-jpa-4.1.1.jar;C:\Users\Basit\.m2\repository\org\springframework\boot\spring-boot-data-commons\4.1.1\spring-boot-data-commons-4.1.1.jar;C:\Users\Basit\.m2\repository\org\springframework\boot\spring-boot-persistence\4.1.1\spring-boot-persistence-4.1.1.jar;C:\Users\Basit\.m2\repository\org\springframework\data\spring-data-commons\4.1.1\spring-data-commons-4.1.1.jar;C:\Users\Basit\.m2\repository\org\springframework\boot\spring-boot-hibernate\4.1.1\spring-boot-hibernate-4.1.1.jar;C:\Users\Basit\.m2\repository\org\springframework\boot\spring-boot-jpa\4.1.1\spring-boot-jpa-4.1.1.jar;C:\Users\Basit\.m2\repository\jakarta\persistence\jakarta.persistence-api\3.2.0\jakarta.persistence-api-3.2.0.jar;C:\Users\Basit\.m2\repository\org\hibernate\orm\hibernate-core\7.4.5.Final\hibernate-core-7.4.5.Final.jar;C:\Users\Basit\.m2\repository\jakarta\transaction\jakarta.transaction-api\2.0.1\jakarta.transaction-api-2.0.1.jar;C:\Users\Basit\.m2\repository\org\hibernate\models\hibernate-models\1.1.1\hibernate-models-1.1.1.jar;C:\Users\Basit\.m2\repository\org\glassfish\jaxb\jaxb-runtime\4.0.9\jaxb-runtime-4.0.9.jar;C:\Users\Basit\.m2\repository\org\glassfish\jaxb\jaxb-core\4.0.9\jaxb-core-4.0.9.jar;C:\Users\Basit\.m2\repository\org\eclipse\angus\angus-activation\2.0.3\angus-activation-2.0.3.jar;C:\Users\Basit\.m2\repository\org\glassfish\jaxb\txw2\4.0.9\txw2-4.0.9.jar;C:\Users\Basit\.m2\repository\com\sun\istack\istack-commons-runtime\4.1.2\istack-commons-runtime-4.1.2.jar;C:\Users\Basit\.m2\repository\jakarta\inject\jakarta.inject-api\2.0.1\jakarta.inject-api-2.0.1.jar;C:\Users\Basit\.m2\repository\org\springframework\spring-orm\7.0.9\spring-orm-7.0.9.jar;C:\Users\Basit\.m2\repository\org\springframework\data\spring-data-jpa\4.1.1\spring-data-jpa-4.1.1.jar;C:\Users\Basit\.m2\repository\org\springframework\spring-context\7.0.9\spring-context-7.0.9.jar;C:\Users\Basit\.m2\repository\org\springframework\spring-tx\7.0.9\spring-tx-7.0.9.jar;C:\Users\Basit\.m2\repository\org\springframework\spring-beans\7.0.9\spring-beans-7.0.9.jar;C:\Users\Basit\.m2\repository\org\antlr\antlr4-runtime\4.13.2\antlr4-runtime-4.13.2.jar;C:\Users\Basit\.m2\repository\org\springframework\spring-aspects\7.0.9\spring-aspects-7.0.9.jar;C:\Users\Basit\.m2\repository\org\aspectj\aspectjweaver\1.9.25.1\aspectjweaver-1.9.25.1.jar;C:\Users\Basit\.m2\repository\org\springframework\boot\spring-boot-jdbc\4.1.1\spring-boot-jdbc-4.1.1.jar;C:\Users\Basit\.m2\repository\org\springframework\boot\spring-boot\4.1.1\spring-boot-4.1.1.jar;C:\Users\Basit\.m2\repository\org\springframework\boot\spring-boot-sql\4.1.1\spring-boot-sql-4.1.1.jar;C:\Users\Basit\.m2\repository\org\springframework\boot\spring-boot-transaction\4.1.1\spring-boot-transaction-4.1.1.jar;C:\Users\Basit\.m2\repository\org\springframework\spring-jdbc\7.0.9\spring-jdbc-7.0.9.jar;C:\Users\Basit\.m2\repository\org\springframework\boot\spring-boot-starter-thymeleaf\4.1.1\spring-boot-starter-thymeleaf-4.1.1.jar;C:\Users\Basit\.m2\repository\org\springframework\boot\spring-boot-thymeleaf\4.1.1\spring-boot-thymeleaf-4.1.1.jar;C:\Users\Basit\.m2\repository\org\springframework\spring-web\7.0.9\spring-web-7.0.9.jar;C:\Users\Basit\.m2\repository\io\micrometer\micrometer-observation\1.17.1\micrometer-observation-1.17.1.jar;C:\Users\Basit\.m2\repository\io\micrometer\micrometer-commons\1.17.1\micrometer-commons-1.17.1.jar;C:\Users\Basit\.m2\repository\org\springframework\boot\spring-boot-starter-validation\4.1.1\spring-boot-starter-validation-4.1.1.jar;C:\Users\Basit\.m2\repository\org\springframework\boot\spring-boot-validation\4.1.1\spring-boot-validation-4.1.1.jar;C:\Users\Basit\.m2\repository\org\apache\tomcat\embed\tomcat-embed-el\11.0.24\tomcat-embed-el-11.0.24.jar;C:\Users\Basit\.m2\repository\org\hibernate\validator\hibernate-validator\9.1.3.Final\hibernate-validator-9.1.3.Final.jar;C:\Users\Basit\.m2\repository\jakarta\validation\jakarta.validation-api\3.1.1\jakarta.validation-api-3.1.1.jar;C:\Users\Basit\.m2\repository\org\jboss\logging\jboss-logging\3.6.3.Final\jboss-logging-3.6.3.Final.jar;C:\Users\Basit\.m2\repository\com\fasterxml\classmate\1.7.3\classmate-1.7.3.jar;C:\Users\Basit\.m2\repository\org\springframework\boot\spring-boot-starter-webmvc\4.1.1\spring-boot-starter-webmvc-4.1.1.jar;C:\Users\Basit\.m2\repository\org\springframework\boot\spring-boot-starter-jackson\4.1.1\spring-boot-starter-jackson-4.1.1.jar;C:\Users\Basit\.m2\repository\org\springframework\boot\spring-boot-jackson\4.1.1\spring-boot-jackson-4.1.1.jar;C:\Users\Basit\.m2\repository\tools\jackson\core\jackson-databind\3.1.5\jackson-databind-3.1.5.jar;C:\Users\Basit\.m2\repository\com\fasterxml\jackson\core\jackson-annotations\2.21\jackson-annotations-2.21.jar;C:\Users\Basit\.m2\repository\tools\jackson\core\jackson-core\3.1.5\jackson-core-3.1.5.jar;C:\Users\Basit\.m2\repository\org\springframework\boot\spring-boot-starter-tomcat\4.1.1\spring-boot-starter-tomcat-4.1.1.jar;C:\Users\Basit\.m2\repository\org\springframework\boot\spring-boot-starter-tomcat-runtime\4.1.1\spring-boot-starter-tomcat-runtime-4.1.1.jar;C:\Users\Basit\.m2\repository\org\apache\tomcat\embed\tomcat-embed-core\11.0.24\tomcat-embed-core-11.0.24.jar;C:\Users\Basit\.m2\repository\org\apache\tomcat\embed\tomcat-embed-websocket\11.0.24\tomcat-embed-websocket-11.0.24.jar;C:\Users\Basit\.m2\repository\org\springframework\boot\spring-boot-tomcat\4.1.1\spring-boot-tomcat-4.1.1.jar;C:\Users\Basit\.m2\repository\org\springframework\boot\spring-boot-http-converter\4.1.1\spring-boot-http-converter-4.1.1.jar;C:\Users\Basit\.m2\repository\org\springframework\boot\spring-boot-webmvc\4.1.1\spring-boot-webmvc-4.1.1.jar;C:\Users\Basit\.m2\repository\org\springframework\boot\spring-boot-servlet\4.1.1\spring-boot-servlet-4.1.1.jar;C:\Users\Basit\.m2\repository\org\springframework\spring-webmvc\7.0.9\spring-webmvc-7.0.9.jar;C:\Users\Basit\.m2\repository\org\springframework\spring-expression\7.0.9\spring-expression-7.0.9.jar;C:\Users\Basit\.m2\repository\org\thymeleaf\extras\thymeleaf-extras-springsecurity6\3.1.5.RELEASE\thymeleaf-extras-springsecurity6-3.1.5.RELEASE.jar;C:\Users\Basit\.m2\repository\org\thymeleaf\thymeleaf-spring6\3.1.5.RELEASE\thymeleaf-spring6-3.1.5.RELEASE.jar;C:\Users\Basit\.m2\repository\org\thymeleaf\thymeleaf\3.1.5.RELEASE\thymeleaf-3.1.5.RELEASE.jar;C:\Users\Basit\.m2\repository\org\attoparser\attoparser\2.0.7.RELEASE\attoparser-2.0.7.RELEASE.jar;C:\Users\Basit\.m2\repository\org\unbescape\unbescape\1.1.6.RELEASE\unbescape-1.1.6.RELEASE.jar;C:\Users\Basit\.m2\repository\org\slf4j\slf4j-api\2.0.18\slf4j-api-2.0.18.jar;C:\Users\Basit\.m2\repository\org\springframework\spring-aop\7.0.9\spring-aop-7.0.9.jar;C:\Users\Basit\.m2\repository\jakarta\xml\bind\jakarta.xml.bind-api\4.0.5\jakarta.xml.bind-api-4.0.5.jar;C:\Users\Basit\.m2\repository\jakarta\activation\jakarta.activation-api\2.1.4\jakarta.activation-api-2.1.4.jar;C:\Users\Basit\.m2\repository\net\bytebuddy\byte-buddy\1.18.11\byte-buddy-1.18.11.jar;C:\Users\Basit\.m2\repository\org\springframework\spring-core\7.0.9\spring-core-7.0.9.jar;C:\Users\Basit\.m2\repository\commons-logging\commons-logging\1.3.6\commons-logging-1.3.6.jar;C:\Users\Basit\.m2\repository\org\jspecify\jspecify\1.0.1\jspecify-1.0.1.jar;C:\Users\Basit\.m2\repository\org\springframework\boot\spring-boot-web-server\4.1.1\spring-boot-web-server-4.1.1.jar
Launcher Type: SUN_STANDARD

[Global flags]
     bool AOTAdapterCaching                        = false                                  {diagnostic} {ergonomic}
     bool AOTInvokeDynamicLinking                  = false                                  {diagnostic} {ergonomic}
     bool AOTRecordTraining                        = false                                  {diagnostic} {ergonomic}
     bool AOTReplayTraining                        = false                                  {diagnostic} {ergonomic}
     bool AOTStubCaching                           = false                                  {diagnostic} {ergonomic}
     intx CICompilerCount                          = 4                                         {product} {ergonomic}
     uint ConcGCThreads                            = 2                                         {product} {ergonomic}
     uint G1ConcRefinementThreads                  = 8                                         {product} {ergonomic}
     uint G1EagerReclaimRemSetThreshold            = 10                                   {experimental} {ergonomic}
   size_t G1HeapRegionSize                         = 1048576                                   {product} {ergonomic}
     uint G1RemSetArrayOfCardsEntries              = 10                                   {experimental} {ergonomic}
     uint G1RemSetHowlMaxNumBuckets                = 8                                    {experimental} {ergonomic}
     uint G1RemSetHowlNumBuckets                   = 4                                    {experimental} {ergonomic}
   size_t InitialHeapSize                          = 8388608                                   {product} {ergonomic}
     bool IntelJccErratumMitigation                = true                              {ARCH diagnostic} {ergonomic}
   size_t MarkStackSize                            = 4194304                                   {product} {ergonomic}
   size_t MarkStackSizeMax                         = 536870912                                 {product} {ergonomic}
   size_t MaxHeapSize                              = 2107637760                                {product} {ergonomic}
   size_t MaxNewSize                               = 1264582656                                {product} {ergonomic}
 uint64_t MaxRAM                                   = 8425529344                                {product} {ergonomic}
   size_t MinHeapDeltaBytes                        = 1048576                                   {product} {ergonomic}
   size_t MinHeapSize                              = 8388608                                   {product} {ergonomic}
   size_t NonNMethodCodeHeapSize                   = 4096                                   {pd product} {ergonomic}
   size_t NonProfiledCodeHeapSize                  = 0                                      {pd product} {ergonomic}
     bool ProfileInterpreter                       = false                                  {pd product} {command line}
   size_t ProfiledCodeHeapSize                     = 0                                      {pd product} {ergonomic}
   size_t SoftMaxHeapSize                          = 2107637760                             {manageable} {ergonomic}
     intx TieredStopAtLevel                        = 1                                         {product} {command line}
     bool UseCompressedOops                        = true                           {product lp64_product} {ergonomic}
     bool UseCondCardMark                          = true                                      {product} {ergonomic}
     bool UseFastUnorderedTimeStamps               = true                                 {experimental} {ergonomic}
     bool UseG1GC                                  = true                                      {product} {ergonomic}
     bool UseLargePagesIndividualAllocation        = false                                  {pd product} {ergonomic}
      int X86ICacheSync                            = 2                                 {ARCH diagnostic} {ergonomic}

Logging:
Log output configuration:
 #0: stdout all=warning uptime,level,tags foldmultilines=false
 #1: stderr all=off uptime,level,tags foldmultilines=false

Release file:
IMPLEMENTOR="Oracle Corporation" 
JAVA_RUNTIME_VERSION="26.0.1+8-34" 
JAVA_VERSION="26.0.1" 
JAVA_VERSION_DATE="2026-04-21" 
LIBC="default" 
MODULES="java.base java.compiler java.datatransfer java.xml java.prefs java.desktop java.instrument java.logging java.management java.security.sasl java.naming java.rmi java.management.rmi java.net.http java.scripting java.security.jgss java.transaction.xa java.sql java.sql.rowset java.xml.crypto java.se java.smartcardio jdk.accessibility jdk.internal.jvmstat jdk.attach jdk.charsets jdk.internal.opt jdk.zipfs jdk.compiler jdk.crypto.cryptoki jdk.crypto.ec jdk.crypto.mscapi jdk.dynalink jdk.internal.ed jdk.editpad jdk.internal.vm.ci jdk.graal.compiler jdk.graal.compiler.management jdk.hotspot.agent jdk.httpserver jdk.incubator.vector jdk.internal.le jdk.internal.md jdk.jartool jdk.javadoc jdk.jcmd jdk.management jdk.management.agent jdk.jconsole jdk.jdeps jdk.jdwp.agent jdk.jdi jdk.jfr jdk.jlink jdk.jpackage jdk.jshell jdk.jstatd jdk.localedata jdk.management.jfr jdk.naming.dns jdk.naming.rmi jdk.net jdk.nio.mapmode jdk.sctp jdk.security.auth jdk.security.jgss jdk.unsupported jdk.unsupported.desktop jdk.xml.dom" 
OS_ARCH="x86_64" 
OS_NAME="Windows" 
SOURCE=".:git:8fcde8268d22 open:git:fcc00fc4aee7" 

Environment Variables:
PATH=C:\Program Files\Common Files\Oracle\Java\javapath;C:\WINDOWS\system32;C:\WINDOWS;C:\WINDOWS\System32\Wbem;C:\WINDOWS\System32\WindowsPowerShell\v1.0\;C:\WINDOWS\System32\OpenSSH\;C:\Program Files (x86)\Intel\Intel(R) Management Engine Components\DAL;C:\Program Files\Intel\Intel(R) Management Engine Components\DAL;C:\Program Files (x86)\Microchip\MPLAB C32 Suite\bin;C:\Program Files\Polyspace\R2021a\bin;C:\Program Files\Git\cmd;C:\Program Files\MySQL\MySQL Shell 8.0\bin\;C:\Users\Basit\.local\bin;C:\Users\Basit\AppData\Local\Microsoft\WindowsApps;C:\Users\Basit\AppData\Local\Programs\Microsoft VS Code\bin;C:\Users\Basit\AppData\Local\Programs\cursor\resources\app\bin;C:\Users\Basit\AppData\Local\Python\bin;
USERNAME=Basit
OS=Windows_NT
PROCESSOR_IDENTIFIER=Intel64 Family 6 Model 142 Stepping 10, GenuineIntel
TMP=C:\Users\Basit\AppData\Local\Temp
TEMP=C:\Users\Basit\AppData\Local\Temp




Compilation memory statistics disabled.

Periodic native trim disabled

---------------  S Y S T E M  ---------------

OS:
 Windows 11 , 64 bit Build 26100 (10.0.26100.9168)
OS uptime: 0 days 4:51 hours
Hyper-V role detected

CPU: total 8 (initial active 8) (4 cores per cpu, 2 threads per core) family 6 model 142 stepping 10 microcode 0xf6, cx8, cmov, fxsr, ht, mmx, 3dnowpref, sse, sse2, sse3, ssse3, sse4.1, sse4.2, popcnt, lzcnt, tsc, tscinvbit, avx, avx2, aes, erms, clmul, bmi1, bmi2, rtm, adx, fma, vzeroupper, clflush, clflushopt, hv, rdtscp, f16c
Processor Information for processor 0
  Max Mhz: 1896, Current Mhz: 1496, Mhz Limit: 1687
Processor Information for processor 1
  Max Mhz: 1896, Current Mhz: 1696, Mhz Limit: 1687
Processor Information for processor 2
  Max Mhz: 1896, Current Mhz: 1496, Mhz Limit: 1687
Processor Information for processor 3
  Max Mhz: 1896, Current Mhz: 1696, Mhz Limit: 1687
Processor Information for processor 4
  Max Mhz: 1896, Current Mhz: 1496, Mhz Limit: 1687
Processor Information for processor 5
  Max Mhz: 1896, Current Mhz: 1496, Mhz Limit: 1687
Processor Information for processor 6
  Max Mhz: 1896, Current Mhz: 1696, Mhz Limit: 1687
Processor Information for processor 7
  Max Mhz: 1896, Current Mhz: 1496, Mhz Limit: 1687

Memory: 4k page, system-wide physical 8035M (993M free)
TotalPageFile size 10083M (AvailPageFile size 54M)
current process WorkingSet (physical memory assigned to process): 208M, peak: 208M
current process commit charge ("private bytes"): 245M, peak: 417M

vm_info: Java HotSpot(TM) 64-Bit Server VM (26.0.1+8-34) for windows-amd64 JRE (26.0.1+8-34), built on 2026-03-10T17:24:10Z with MS VC++ 17.13 (VS2022)

END.
