#
# There is insufficient memory for the Java Runtime Environment to continue.
# Native memory allocation (mmap) failed to map 165675008 bytes. Error detail: G1 virtual space
# Possible reasons:
#   The system is out of physical RAM or swap space
#   This process is running with CompressedOops enabled, and the Java Heap may be blocking the growth of the native heap
# Possible solutions:
#   Reduce memory load on the system
#   Increase physical memory or swap space
#   Check if swap backing store is full
#   Decrease Java heap size (-Xmx/-Xms)
#   Decrease number of Java threads
#   Decrease Java thread stack sizes (-Xss)
#   Set larger code cache with -XX:ReservedCodeCacheSize=
#   JVM is running with Unscaled Compressed Oops mode in which the Java heap is
#     placed in the first 4GB address space. The Java Heap base address is the
#     maximum limit for the native heap growth. Please use -XX:HeapBaseMinAddress
#     to set the Java Heap base and to place the Java Heap above 4GB virtual address.
# This output file may be truncated or incomplete.
#
#  Out of Memory Error (os_windows.cpp:3583), pid=2464, tid=17372
#
# JRE version: Java(TM) SE Runtime Environment (26.0.1+8) (build 26.0.1+8-34)
# Java VM: Java HotSpot(TM) 64-Bit Server VM (26.0.1+8-34, mixed mode, emulated-client, sharing, tiered, compressed oops, compressed class ptrs, g1 gc, windows-amd64)
# No core dump will be written. Minidumps are not enabled by default on client versions of Windows
#

---------------  S U M M A R Y ------------

Command Line: -XX:TieredStopAtLevel=1 -Dspring.output.ansi.enabled=always -javaagent:C:\Program Files\JetBrains\IntelliJ IDEA 2026.2.1\lib\idea_rt.jar=56532 -Dfile.encoding=UTF-8 -Dsun.stdout.encoding=UTF-8 -Dsun.stderr.encoding=UTF-8 com.LibraryDesk.LibraryDeskApplication

Host: Intel(R) Core(TM) i5-8350U CPU @ 1.70GHz, 8 cores, 7G,  Windows 11 , 64 bit Build 26100 (10.0.26100.9168)
Time: Fri Sep 11 01:05:09 2026 Pakistan Standard Time elapsed time: 6.711295 seconds (0d 0h 0m 6s)

---------------  T H R E A D  ---------------

Current thread (0x000001cf4393e0b0):  VMThread "VM Thread"          [id=17372, stack(0x000000550fd00000,0x000000550fe00000) (1024K)]

Stack: [0x000000550fd00000,0x000000550fe00000]
Native frames: (J=compiled Java code, j=interpreted, Vv=VM code, C=native code)
V  [jvm.dll+0x7d5879]  (no source info available)
V  [jvm.dll+0x7a37dd]  (no source info available)
V  [jvm.dll+0x9b0c10]  (no source info available)
V  [jvm.dll+0x9b3061]  (no source info available)
V  [jvm.dll+0x9b3773]  (no source info available)
V  [jvm.dll+0x30df76]  (no source info available)
V  [jvm.dll+0x7d4d45]  (no source info available)
V  [jvm.dll+0x7c7f07]  (no source info available)
V  [jvm.dll+0x4087e8]  (no source info available)
V  [jvm.dll+0x410b56]  (no source info available)
V  [jvm.dll+0x3fcef4]  (no source info available)
V  [jvm.dll+0x3fd1e5]  (no source info available)
V  [jvm.dll+0x3d3b6f]  (no source info available)
V  [jvm.dll+0x3d6ddc]  (no source info available)
V  [jvm.dll+0x4223ec]  (no source info available)
V  [jvm.dll+0x420d33]  (no source info available)
V  [jvm.dll+0x3d3308]  (no source info available)
V  [jvm.dll+0x4200f3]  (no source info available)
V  [jvm.dll+0x9b9c21]  (no source info available)
V  [jvm.dll+0x9babeb]  (no source info available)
V  [jvm.dll+0x9bb0fc]  (no source info available)
V  [jvm.dll+0x9bb579]  (no source info available)
V  [jvm.dll+0x9bb823]  (no source info available)
V  [jvm.dll+0x94f649]  (no source info available)
V  [jvm.dll+0x7d7358]  (no source info available)
C  [ucrtbase.dll+0x2cd30]  (no source info available)
C  [KERNEL32.DLL+0x2ccb7]  (no source info available)
C  [ntdll.dll+0xaad6c]  (no source info available)

VM_Operation (0x000000550f5fbe88): G1CollectForAllocation, mode: safepoint, requested by thread 0x000001cf432bb4a0


---------------  P R O C E S S  ---------------

Threads class SMR info:
_java_thread_list=0x000001cf5bb156f0, length=15, elements={
0x000001cf432bb4a0, 0x000001cf56b05fa0, 0x000001cf56b0b580, 0x000001cf56b0cf40,
0x000001cf56b0eb00, 0x000001cf56b12230, 0x000001cf56b169f0, 0x000001cf56b171a0,
0x000001cf56c40140, 0x000001cf56e75250, 0x000001cf56e71330, 0x000001cf5b752920,
0x000001cf5ba08700, 0x000001cf5bb0e0b0, 0x000001cf5bb1ac50
}

Java Threads: ( => current thread )
  0x000001cf432bb4a0 JavaThread "main"                              [_thread_blocked, id=8016, stack(0x000000550f500000,0x000000550f600000) (1024K)]
  0x000001cf56b05fa0 JavaThread "Reference Handler"          daemon [_thread_blocked, id=9556, stack(0x000000550fe00000,0x000000550ff00000) (1024K)]
  0x000001cf56b0b580 JavaThread "Finalizer"                  daemon [_thread_blocked, id=9908, stack(0x000000550ff00000,0x0000005510000000) (1024K)]
  0x000001cf56b0cf40 JavaThread "Signal Dispatcher"          daemon [_thread_blocked, id=4412, stack(0x0000005510000000,0x0000005510100000) (1024K)]
  0x000001cf56b0eb00 JavaThread "Attach Listener"            daemon [_thread_blocked, id=17464, stack(0x0000005510100000,0x0000005510200000) (1024K)]
  0x000001cf56b12230 JavaThread "Service Thread"             daemon [_thread_blocked, id=13920, stack(0x0000005510200000,0x0000005510300000) (1024K)]
  0x000001cf56b169f0 JavaThread "Monitor Deflation Thread"   daemon [_thread_blocked, id=6468, stack(0x0000005510300000,0x0000005510400000) (1024K)]
  0x000001cf56b171a0 JavaThread "C1 CompilerThread0"         daemon [_thread_blocked, id=9488, stack(0x0000005510400000,0x0000005510500000) (1024K)]
  0x000001cf56c40140 JavaThread "Common-Cleaner"             daemon [_thread_blocked, id=1880, stack(0x0000005510500000,0x0000005510600000) (1024K)]
  0x000001cf56e75250 JavaThread "Monitor Ctrl-Break"         daemon [_thread_in_native, id=16168, stack(0x0000005510600000,0x0000005510700000) (1024K)]
  0x000001cf56e71330 JavaThread "Notification Thread"        daemon [_thread_blocked, id=7200, stack(0x0000005510700000,0x0000005510800000) (1024K)]
  0x000001cf5b752920 JavaThread "background-preinit"                [_thread_blocked, id=5672, stack(0x0000005510d00000,0x0000005510e00000) (1024K)]
  0x000001cf5ba08700 JavaThread "C1 CompilerThread1"         daemon [_thread_blocked, id=13180, stack(0x0000005510f00000,0x0000005511000000) (1024K)]
  0x000001cf5bb0e0b0 JavaThread "C1 CompilerThread2"         daemon [_thread_blocked, id=5816, stack(0x0000005511200000,0x0000005511300000) (1024K)]
  0x000001cf5bb1ac50 JavaThread "C1 CompilerThread3"         daemon [_thread_blocked, id=2020, stack(0x0000005511300000,0x0000005511400000) (1024K)]
Total: 15

Other Threads:
=>0x000001cf4393e0b0 VMThread "VM Thread"                           [id=17372, stack(0x000000550fd00000,0x000000550fe00000) (1024K)]
  0x000001cf56aed990 WatcherThread "VM Periodic Task Thread"        [id=10236, stack(0x000000550fc00000,0x000000550fd00000) (1024K)]
  0x000001cf438d3cd0 WorkerThread "GC Thread#0"                     [id=12148, stack(0x000000550f600000,0x000000550f700000) (1024K)]
  0x000001cf43940330 WorkerThread "GC Thread#1"                     [id=14328, stack(0x0000005510800000,0x0000005510900000) (1024K)]
  0x000001cf4393cf70 WorkerThread "GC Thread#2"                     [id=17072, stack(0x0000005510a00000,0x0000005510b00000) (1024K)]
  0x000001cf4393d810 WorkerThread "GC Thread#3"                     [id=5748, stack(0x0000005510b00000,0x0000005510c00000) (1024K)]
  0x000001cf4393d3c0 WorkerThread "GC Thread#4"                     [id=16412, stack(0x0000005510c00000,0x0000005510d00000) (1024K)]
  0x000001cf4393dc60 WorkerThread "GC Thread#5"                     [id=6608, stack(0x0000005510e00000,0x0000005510f00000) (1024K)]
  0x000001cf4393e950 WorkerThread "GC Thread#6"                     [id=13332, stack(0x0000005511000000,0x0000005511100000) (1024K)]
  0x000001cf4393fee0 WorkerThread "GC Thread#7"                     [id=16108, stack(0x0000005511100000,0x0000005511200000) (1024K)]
  0x000001cf438ec670 ConcurrentGCThread "G1 Main Marker"            [id=15676, stack(0x000000550f700000,0x000000550f800000) (1024K)]
  0x000001cf438ed1f0 WorkerThread "G1 Conc#0"                       [id=17712, stack(0x000000550f800000,0x000000550f900000) (1024K)]
  0x000001cf4393f640 WorkerThread "G1 Conc#1"                       [id=17212, stack(0x0000005510900000,0x0000005510a00000) (1024K)]
  0x000001cf439300e0 WorkerThread "G1 Refinement Workers#0"         [id=13736, stack(0x000000550fa00000,0x000000550fb00000) (1024K)]
  0x000001cf4392e9b0 ConcurrentGCThread "G1 Refine Control"         [id=6236, stack(0x000000550f900000,0x000000550fa00000) (1024K)]
  0x000001cf43934a70 ConcurrentGCThread "G1 Service"                [id=9108, stack(0x000000550fb00000,0x000000550fc00000) (1024K)]
Total: 16

Threads with active compile tasks:
C1 CompilerThread0  6809 2566       1       java.lang.invoke.MethodTypeForm::<init> (322 bytes)
C1 CompilerThread3  6809 2568       1       jdk.internal.classfile.impl.StackMapDecoder::writeTypeInfo (149 bytes)
Total: 2

VM state: at safepoint (normal execution)

VM Mutex/Monitor currently owned by a thread:  ([mutex/lock_event])
[0x00007ffb3309ed08] Threads_lock - owner thread: 0x000001cf4393e0b0
[0x00007ffb3309ef88] Heap_lock - owner thread: 0x000001cf432bb4a0

Heap address: 0x0000000082600000, size: 2010 MB, Compressed Oops mode: 32-bit

CDS archive(s) mapped at: [0x000000002b000000-0x000000002bde0000-0x000000002bde0000), size 14548992, SharedBaseAddress: 0x000000002b000000, ArchiveRelocationMode: 1.
Compressed class space mapped at: 0x000000002c000000-0x000000006c000000, reserved size: 1073741824
UseCompressedClassPointers 1, UseCompactObjectHeaders 0
Narrow klass pointer bits 32, Max shift 3
Narrow klass base: 0x000000002b000000, Narrow klass shift: 0
Encoding Range: [0x000000002b000000 - 0x000000012b000000), (4294967296 bytes)
Klass Range:    [0x000000002b000000 - 0x000000006c000000), (1090519040 bytes)
Klass ID Range:  [8 - 1090519033) (1090519025)
Protection zone: [0x000000002b000000 - 0x000000002b010000), (65536 bytes)

GC Precious Log:
 CardTable entry size: 512
 Card Set container configuration: InlinePtr #cards 5 size 8 Array Of Cards #cards 10 size 36 Howl #buckets 4 coarsen threshold 1843 Howl Bitmap #cards 512 size 80 coarsen threshold 460 Card regions per heap region 1 cards per card region 2048
 CPUs: 8 total, 8 available
 Memory: 8035M
 Large Page Support: Disabled
 NUMA Support: Disabled
 Compressed Oops: Enabled (32-bit)
 Heap Region Size: 1M
 Heap Min Capacity: 8M
 Heap Initial Capacity: 8M
 Heap Max Capacity: 2010M
 Pre-touch: Disabled
 Parallel Workers: 8
 Concurrent Workers: 2
 Concurrent Refinement Workers: 8
 Periodic GC: Disabled

Heap:
 garbage-first heap   total reserved 2058240K, committed 80896K, used 9959K [0x0000000082600000, 0x0000000100000000)
  region size 1M, 0 eden (0M), 1 survivor (1M), 9 old (9M), 0 humongous (0M), 69 free (69M)

Heap Regions: E=young(eden), S=young(survivor), O=old, HS=humongous(starts), HC=humongous(continues), CS=collection set, F=free, TAMS=top-at-mark-start, PB=parsable bottom
|    0|0x0000000082600000, 0x0000000082700000, 0x0000000082700000|100%| O|  |TAMS 0x0000000082600000| PB 0x0000000082600000| Untracked |  0
|    1|0x0000000082700000, 0x0000000082800000, 0x0000000082800000|100%| O|  |TAMS 0x0000000082700000| PB 0x0000000082700000| Untracked |  0
|    2|0x0000000082800000, 0x0000000082900000, 0x0000000082900000|100%| O|  |TAMS 0x0000000082800000| PB 0x0000000082800000| Untracked |  0
|    3|0x0000000082900000, 0x0000000082a00000, 0x0000000082a00000|100%| O|  |TAMS 0x0000000082900000| PB 0x0000000082900000| Untracked |  0
|    4|0x0000000082a00000, 0x0000000082b00000, 0x0000000082b00000|100%| O|  |TAMS 0x0000000082a00000| PB 0x0000000082a00000| Untracked |  0
|    5|0x0000000082b00000, 0x0000000082c00000, 0x0000000082c00000|100%| O|  |TAMS 0x0000000082b00000| PB 0x0000000082b00000| Untracked |  0
|    6|0x0000000082c00000, 0x0000000082d00000, 0x0000000082d00000|100%| O|  |TAMS 0x0000000082c00000| PB 0x0000000082c00000| Untracked |  0
|    7|0x0000000082d00000, 0x0000000082df5d20, 0x0000000082e00000| 96%| O|  |TAMS 0x0000000082d00000| PB 0x0000000082d00000| Untracked |  0
|    8|0x0000000082e00000, 0x0000000082e00000, 0x0000000082f00000|  0%| F|  |TAMS 0x0000000082e00000| PB 0x0000000082e00000| Untracked |  0
|    9|0x0000000082f00000, 0x0000000082f00000, 0x0000000083000000|  0%| F|  |TAMS 0x0000000082f00000| PB 0x0000000082f00000| Untracked |  0
|   10|0x0000000083000000, 0x0000000083000000, 0x0000000083100000|  0%| F|  |TAMS 0x0000000083000000| PB 0x0000000083000000| Untracked |  0
|   11|0x0000000083100000, 0x0000000083100000, 0x0000000083200000|  0%| F|  |TAMS 0x0000000083100000| PB 0x0000000083100000| Untracked |  0
|   12|0x0000000083200000, 0x0000000083200000, 0x0000000083300000|  0%| F|  |TAMS 0x0000000083200000| PB 0x0000000083200000| Untracked |  0
|   13|0x0000000083300000, 0x0000000083300000, 0x0000000083400000|  0%| F|  |TAMS 0x0000000083300000| PB 0x0000000083300000| Untracked |  0
|   14|0x0000000083400000, 0x0000000083400000, 0x0000000083500000|  0%| F|  |TAMS 0x0000000083400000| PB 0x0000000083400000| Untracked |  0
|   15|0x0000000083500000, 0x0000000083500000, 0x0000000083600000|  0%| F|  |TAMS 0x0000000083500000| PB 0x0000000083500000| Untracked |  0
|   16|0x0000000083600000, 0x0000000083600000, 0x0000000083700000|  0%| F|  |TAMS 0x0000000083600000| PB 0x0000000083600000| Untracked |  0
|   17|0x0000000083700000, 0x0000000083700000, 0x0000000083800000|  0%| F|  |TAMS 0x0000000083700000| PB 0x0000000083700000| Untracked |  0
|   18|0x0000000083800000, 0x0000000083800000, 0x0000000083900000|  0%| F|  |TAMS 0x0000000083800000| PB 0x0000000083800000| Untracked |  0
|   19|0x0000000083900000, 0x0000000083900000, 0x0000000083a00000|  0%| F|  |TAMS 0x0000000083900000| PB 0x0000000083900000| Untracked |  0
|   20|0x0000000083a00000, 0x0000000083a00000, 0x0000000083b00000|  0%| F|  |TAMS 0x0000000083a00000| PB 0x0000000083a00000| Untracked |  0
|   21|0x0000000083b00000, 0x0000000083b00000, 0x0000000083c00000|  0%| F|  |TAMS 0x0000000083b00000| PB 0x0000000083b00000| Untracked |  0
|   22|0x0000000083c00000, 0x0000000083c00000, 0x0000000083d00000|  0%| F|  |TAMS 0x0000000083c00000| PB 0x0000000083c00000| Untracked |  0
|   23|0x0000000083d00000, 0x0000000083d00000, 0x0000000083e00000|  0%| F|  |TAMS 0x0000000083d00000| PB 0x0000000083d00000| Untracked |  0
|   24|0x0000000083e00000, 0x0000000083e00000, 0x0000000083f00000|  0%| F|  |TAMS 0x0000000083e00000| PB 0x0000000083e00000| Untracked |  0
|   25|0x0000000083f00000, 0x0000000083f00000, 0x0000000084000000|  0%| F|  |TAMS 0x0000000083f00000| PB 0x0000000083f00000| Untracked |  0
|   26|0x0000000084000000, 0x0000000084000000, 0x0000000084100000|  0%| F|  |TAMS 0x0000000084000000| PB 0x0000000084000000| Untracked |  0
|   27|0x0000000084100000, 0x0000000084100000, 0x0000000084200000|  0%| F|  |TAMS 0x0000000084100000| PB 0x0000000084100000| Untracked |  0
|   28|0x0000000084200000, 0x0000000084200000, 0x0000000084300000|  0%| F|  |TAMS 0x0000000084200000| PB 0x0000000084200000| Untracked |  0
|   29|0x0000000084300000, 0x0000000084300000, 0x0000000084400000|  0%| F|  |TAMS 0x0000000084300000| PB 0x0000000084300000| Untracked |  0
|   30|0x0000000084400000, 0x0000000084400000, 0x0000000084500000|  0%| F|  |TAMS 0x0000000084400000| PB 0x0000000084400000| Untracked |  0
|   31|0x0000000084500000, 0x0000000084500000, 0x0000000084600000|  0%| F|  |TAMS 0x0000000084500000| PB 0x0000000084500000| Untracked |  0
|   32|0x0000000084600000, 0x0000000084600000, 0x0000000084700000|  0%| F|  |TAMS 0x0000000084600000| PB 0x0000000084600000| Untracked |  0
|   33|0x0000000084700000, 0x0000000084700000, 0x0000000084800000|  0%| F|  |TAMS 0x0000000084700000| PB 0x0000000084700000| Untracked |  0
|   34|0x0000000084800000, 0x0000000084800000, 0x0000000084900000|  0%| F|  |TAMS 0x0000000084800000| PB 0x0000000084800000| Untracked |  0
|   35|0x0000000084900000, 0x0000000084900000, 0x0000000084a00000|  0%| F|  |TAMS 0x0000000084900000| PB 0x0000000084900000| Untracked |  0
|   36|0x0000000084a00000, 0x0000000084a00000, 0x0000000084b00000|  0%| F|  |TAMS 0x0000000084a00000| PB 0x0000000084a00000| Untracked |  0
|   37|0x0000000084b00000, 0x0000000084b00000, 0x0000000084c00000|  0%| F|  |TAMS 0x0000000084b00000| PB 0x0000000084b00000| Untracked |  0
|   38|0x0000000084c00000, 0x0000000084c00000, 0x0000000084d00000|  0%| F|  |TAMS 0x0000000084c00000| PB 0x0000000084c00000| Untracked |  0
|   39|0x0000000084d00000, 0x0000000084d00000, 0x0000000084e00000|  0%| F|  |TAMS 0x0000000084d00000| PB 0x0000000084d00000| Untracked |  0
|   40|0x0000000084e00000, 0x0000000084e00000, 0x0000000084f00000|  0%| F|  |TAMS 0x0000000084e00000| PB 0x0000000084e00000| Untracked |  0
|   41|0x0000000084f00000, 0x0000000084f00000, 0x0000000085000000|  0%| F|  |TAMS 0x0000000084f00000| PB 0x0000000084f00000| Untracked |  0
|   42|0x0000000085000000, 0x0000000085000000, 0x0000000085100000|  0%| F|  |TAMS 0x0000000085000000| PB 0x0000000085000000| Untracked |  0
|   43|0x0000000085100000, 0x0000000085100000, 0x0000000085200000|  0%| F|  |TAMS 0x0000000085100000| PB 0x0000000085100000| Untracked |  0
|   44|0x0000000085200000, 0x0000000085200000, 0x0000000085300000|  0%| F|  |TAMS 0x0000000085200000| PB 0x0000000085200000| Untracked |  0
|   45|0x0000000085300000, 0x0000000085300000, 0x0000000085400000|  0%| F|  |TAMS 0x0000000085300000| PB 0x0000000085300000| Untracked |  0
|   46|0x0000000085400000, 0x0000000085400000, 0x0000000085500000|  0%| F|  |TAMS 0x0000000085400000| PB 0x0000000085400000| Untracked |  0
|   47|0x0000000085500000, 0x0000000085500000, 0x0000000085600000|  0%| F|  |TAMS 0x0000000085500000| PB 0x0000000085500000| Untracked |  0
|   48|0x0000000085600000, 0x0000000085600000, 0x0000000085700000|  0%| F|  |TAMS 0x0000000085600000| PB 0x0000000085600000| Untracked |  0
|   49|0x0000000085700000, 0x0000000085700000, 0x0000000085800000|  0%| F|  |TAMS 0x0000000085700000| PB 0x0000000085700000| Untracked |  0
|   50|0x0000000085800000, 0x0000000085800000, 0x0000000085900000|  0%| F|  |TAMS 0x0000000085800000| PB 0x0000000085800000| Untracked |  0
|   51|0x0000000085900000, 0x0000000085900000, 0x0000000085a00000|  0%| F|  |TAMS 0x0000000085900000| PB 0x0000000085900000| Untracked |  0
|   52|0x0000000085a00000, 0x0000000085a00000, 0x0000000085b00000|  0%| F|  |TAMS 0x0000000085a00000| PB 0x0000000085a00000| Untracked |  0
|   53|0x0000000085b00000, 0x0000000085b00000, 0x0000000085c00000|  0%| F|  |TAMS 0x0000000085b00000| PB 0x0000000085b00000| Untracked |  0
|   54|0x0000000085c00000, 0x0000000085c00000, 0x0000000085d00000|  0%| F|  |TAMS 0x0000000085c00000| PB 0x0000000085c00000| Untracked |  0
|   55|0x0000000085d00000, 0x0000000085d00000, 0x0000000085e00000|  0%| F|  |TAMS 0x0000000085d00000| PB 0x0000000085d00000| Untracked |  0
|   56|0x0000000085e00000, 0x0000000085e00000, 0x0000000085f00000|  0%| F|  |TAMS 0x0000000085e00000| PB 0x0000000085e00000| Untracked |  0
|   57|0x0000000085f00000, 0x0000000085f00000, 0x0000000086000000|  0%| F|  |TAMS 0x0000000085f00000| PB 0x0000000085f00000| Untracked |  0
|   58|0x0000000086000000, 0x0000000086000000, 0x0000000086100000|  0%| F|  |TAMS 0x0000000086000000| PB 0x0000000086000000| Untracked |  0
|   59|0x0000000086100000, 0x0000000086100000, 0x0000000086200000|  0%| F|  |TAMS 0x0000000086100000| PB 0x0000000086100000| Untracked |  0
|   60|0x0000000086200000, 0x0000000086200000, 0x0000000086300000|  0%| F|  |TAMS 0x0000000086200000| PB 0x0000000086200000| Untracked |  0
|   61|0x0000000086300000, 0x0000000086300000, 0x0000000086400000|  0%| F|  |TAMS 0x0000000086300000| PB 0x0000000086300000| Untracked |  0
|   62|0x0000000086400000, 0x0000000086400000, 0x0000000086500000|  0%| F|  |TAMS 0x0000000086400000| PB 0x0000000086400000| Untracked |  0
|   63|0x0000000086500000, 0x0000000086500000, 0x0000000086600000|  0%| F|  |TAMS 0x0000000086500000| PB 0x0000000086500000| Untracked |  0
|   64|0x0000000086600000, 0x0000000086600000, 0x0000000086700000|  0%| F|  |TAMS 0x0000000086600000| PB 0x0000000086600000| Untracked |  0
|   65|0x0000000086700000, 0x0000000086700000, 0x0000000086800000|  0%| F|  |TAMS 0x0000000086700000| PB 0x0000000086700000| Untracked |  0
|   66|0x0000000086800000, 0x0000000086800000, 0x0000000086900000|  0%| F|  |TAMS 0x0000000086800000| PB 0x0000000086800000| Untracked |  0
|   67|0x0000000086900000, 0x0000000086900000, 0x0000000086a00000|  0%| F|  |TAMS 0x0000000086900000| PB 0x0000000086900000| Untracked |  0
|   68|0x0000000086a00000, 0x0000000086a00000, 0x0000000086b00000|  0%| F|  |TAMS 0x0000000086a00000| PB 0x0000000086a00000| Untracked |  0
|   69|0x0000000086b00000, 0x0000000086b00000, 0x0000000086c00000|  0%| F|  |TAMS 0x0000000086b00000| PB 0x0000000086b00000| Untracked |  0
|   70|0x0000000086c00000, 0x0000000086c00000, 0x0000000086d00000|  0%| F|  |TAMS 0x0000000086c00000| PB 0x0000000086c00000| Untracked |  0
|   71|0x0000000086d00000, 0x0000000086d00000, 0x0000000086e00000|  0%| F|  |TAMS 0x0000000086d00000| PB 0x0000000086d00000| Untracked |  0
|   72|0x0000000086e00000, 0x0000000086e00000, 0x0000000086f00000|  0%| F|  |TAMS 0x0000000086e00000| PB 0x0000000086e00000| Untracked |  0
|   73|0x0000000086f00000, 0x0000000086fc4050, 0x0000000087000000| 76%| S|CS|TAMS 0x0000000086f00000| PB 0x0000000086f00000| Complete  |  0
|   74|0x0000000087000000, 0x0000000087000000, 0x0000000087100000|  0%| F|  |TAMS 0x0000000087000000| PB 0x0000000087000000| Untracked |  0
|   75|0x0000000087100000, 0x0000000087100000, 0x0000000087200000|  0%| F|  |TAMS 0x0000000087100000| PB 0x0000000087100000| Untracked |  0
|   76|0x0000000087200000, 0x0000000087200000, 0x0000000087300000|  0%| F|  |TAMS 0x0000000087200000| PB 0x0000000087200000| Untracked |  0
| 2008|0x00000000ffe00000, 0x00000000fff00000, 0x00000000fff00000|100%| O|  |TAMS 0x00000000ffe00000| PB 0x00000000ffe00000| Untracked |  0
| 2009|0x00000000fff00000, 0x00000000fff00000, 0x0000000100000000|  0%| F|  |TAMS 0x00000000fff00000| PB 0x00000000fff00000| Untracked |  0

Card table byte_map: [0x000001cf51970000,0x000001cf51d60000] _byte_map_base: 0x000001cf5155d000
Refinement table byte_map: [0x000001cf51d60000,0x000001cf52150000] _byte_map_base: 0x000001cf5194d000

Marking Bits: (CMBitMap*) 0x000001cf438d4450
 Bits: [0x000001cf52150000, 0x000001cf540b8000)

Polling page: 0x000001cf43960000

Metaspace:
Metaspace        used 18937K, committed 19264K, reserved 1114112K
 class space     used 2721K, committed 2880K, reserved 1048576K

Usage:
  Non-class:     15.84 MB used.
      Class:      2.66 MB used.
       Both:     18.49 MB used.

Virtual space:
  Non-class space:       64.00 MB reserved,      16.00 MB ( 25%) committed,  1 nodes.
      Class space:        1.00 GB reserved,       2.81 MB ( <1%) committed,  1 nodes.
             Both:        1.06 GB reserved,      18.81 MB (  2%) committed. 

Chunk freelists:
   Non-Class:  15.65 MB
       Class:  13.04 MB
        Both:  28.70 MB

MaxMetaspaceSize: unlimited
CompressedClassSpaceSize: 1.00 GB
Initial GC threshold: 21.00 MB
Current GC threshold: 21.00 MB
CDS: on
 - commit_granule_bytes: 65536.
 - commit_granule_words: 8192.
 - virtual_space_node_default_size: 8388608.
 - enlarge_chunks_in_place: 1.
UseCompressedClassPointers 1, UseCompactObjectHeaders 0
Narrow klass pointer bits 32, Max shift 3
Narrow klass base: 0x000000002b000000, Narrow klass shift: 0
Encoding Range: [0x000000002b000000 - 0x000000012b000000), (4294967296 bytes)
Klass Range:    [0x000000002b000000 - 0x000000006c000000), (1090519040 bytes)
Klass ID Range:  [8 - 1090519033) (1090519025)
Protection zone: [0x000000002b000000 - 0x000000002b010000), (65536 bytes)


Internal statistics:

num_allocs_failed_limit: 0.
num_arena_births: 234.
num_arena_deaths: 0.
num_vsnodes_births: 2.
num_vsnodes_deaths: 0.
num_space_committed: 301.
num_space_uncommitted: 0.
num_chunks_returned_to_freelist: 0.
num_chunks_taken_from_freelist: 863.
num_chunk_merges: 0.
num_chunk_splits: 623.
num_chunks_enlarged: 504.
num_inconsistent_stats: 0.

CodeCache: size=49152Kb used=5681Kb max_used=5681Kb free=43470Kb
 bounds [0x000001cf4dc90000, 0x000001cf4e220000, 0x000001cf50c90000]
 total_blobs=3092, nmethods=2568, adapters=446, full_count=0
Compilation: enabled, stopped_count=0, restarted_count=0

Compilation events (20 events):
Event: 4.655 Thread 0x000001cf5ba08700 nmethod 2551 0x000001cf4e217508 code [0x000001cf4e217600, 0x000001cf4e217958]
Event: 4.655 Thread 0x000001cf5bb0e0b0 2559       1       jdk.internal.classfile.impl.AnnotationReader::readElementValue (609 bytes)
Event: 4.655 Thread 0x000001cf5bb1ac50 nmethod 2558 0x000001cf4e217988 code [0x000001cf4e217a80, 0x000001cf4e217cc0]
Event: 4.656 Thread 0x000001cf56b171a0 2560       1       java.lang.invoke.LambdaForm$MH/0x000000002c058c00::invoke (35 bytes)
Event: 4.656 Thread 0x000001cf5ba08700 2561       1       java.nio.ByteBuffer::position (6 bytes)
Event: 4.656 Thread 0x000001cf5bb1ac50 2562       1       java.lang.invoke.DirectMethodHandle$Holder::newInvokeSpecial (28 bytes)
Event: 4.657 Thread 0x000001cf56b171a0 nmethod 2560 0x000001cf4e217d08 code [0x000001cf4e217e00, 0x000001cf4e217f98]
Event: 4.657 Thread 0x000001cf5ba08700 nmethod 2561 0x000001cf4e218008 code [0x000001cf4e218100, 0x000001cf4e2181e8]
Event: 4.657 Thread 0x000001cf5bb1ac50 nmethod 2562 0x000001cf4e218308 code [0x000001cf4e218400, 0x000001cf4e2185a0]
Event: 4.658 Thread 0x000001cf5bb1ac50 2563       1       java.util.LinkedHashMap::afterNodeAccess (266 bytes)
Event: 4.658 Thread 0x000001cf56b171a0 2564       1       java.lang.PublicMethods$MethodList::length (24 bytes)
Event: 4.658 Thread 0x000001cf56b171a0 nmethod 2564 0x000001cf4e218608 code [0x000001cf4e218700, 0x000001cf4e2187d8]
Event: 4.658 Thread 0x000001cf5bb0e0b0 nmethod 2559 0x000001cf4e218908 code [0x000001cf4e218a00, 0x000001cf4e21b108]
Event: 4.658 Thread 0x000001cf5ba08700 2565       1       java.util.ImmutableCollections$List12::<init> (21 bytes)
Event: 4.658 Thread 0x000001cf5bb1ac50 nmethod 2563 0x000001cf4e21b188 code [0x000001cf4e21b280, 0x000001cf4e21b9b8]
Event: 4.658 Thread 0x000001cf56b171a0 2566       1       java.lang.invoke.MethodTypeForm::<init> (322 bytes)
Event: 4.658 Thread 0x000001cf5bb1ac50 2568       1       jdk.internal.classfile.impl.StackMapDecoder::writeTypeInfo (149 bytes)
Event: 4.659 Thread 0x000001cf5ba08700 nmethod 2565 0x000001cf4e21bd08 code [0x000001cf4e21be00, 0x000001cf4e21c0a0]
Event: 4.659 Thread 0x000001cf5bb0e0b0 2569       1       java.lang.StringBuilder::append (8 bytes)
Event: 4.659 Thread 0x000001cf5bb0e0b0 nmethod 2569 0x000001cf4e21c408 code [0x000001cf4e21c500, 0x000001cf4e21c5e8]

GC Heap Usage History (20 events):
Event: 0.527 {heap After GC invocations=2 (full 0):
 garbage-first heap   total reserved 2058240K, committed 10240K, used 3760K [0x0000000082600000, 0x0000000100000000)
  region size 1M, 0 eden (0M), 1 survivor (1M), 5 old (5M), 0 humongous (0M), 4 free (4M)
}
Event: 0.607 {heap Before GC invocations=2 (full 0):
 garbage-first heap   total reserved 2058240K, committed 10240K, used 3760K [0x0000000082600000, 0x0000000100000000)
  region size 1M, 1 eden (1M), 1 survivor (1M), 5 old (5M), 0 humongous (0M), 3 free (3M)
}
Event: 0.609 {heap After GC invocations=3 (full 0):
 garbage-first heap   total reserved 2058240K, committed 10240K, used 3808K [0x0000000082600000, 0x0000000100000000)
  region size 1M, 0 eden (0M), 1 survivor (1M), 5 old (5M), 0 humongous (0M), 4 free (4M)
}
Event: 0.738 {heap Before GC invocations=4 (full 0):
 garbage-first heap   total reserved 2058240K, committed 10240K, used 4832K [0x0000000082600000, 0x0000000100000000)
  region size 1M, 2 eden (2M), 1 survivor (1M), 5 old (5M), 0 humongous (0M), 2 free (2M)
}
Event: 0.741 {heap After GC invocations=5 (full 0):
 garbage-first heap   total reserved 2058240K, committed 30720K, used 4087K [0x0000000082600000, 0x0000000100000000)
  region size 1M, 0 eden (0M), 1 survivor (1M), 5 old (5M), 0 humongous (0M), 24 free (24M)
}
Event: 1.361 {heap Before GC invocations=5 (full 0):
 garbage-first heap   total reserved 2058240K, committed 30720K, used 17399K [0x0000000082600000, 0x0000000100000000)
  region size 1M, 14 eden (14M), 1 survivor (1M), 5 old (5M), 0 humongous (0M), 10 free (10M)
}
Event: 1.370 {heap After GC invocations=6 (full 0):
 garbage-first heap   total reserved 2058240K, committed 30720K, used 5624K [0x0000000082600000, 0x0000000100000000)
  region size 1M, 0 eden (0M), 2 survivor (2M), 4 old (4M), 0 humongous (0M), 24 free (24M)
}
Event: 1.793 {heap Before GC invocations=6 (full 0):
 garbage-first heap   total reserved 2058240K, committed 30720K, used 19960K [0x0000000082600000, 0x0000000100000000)
  region size 1M, 15 eden (15M), 2 survivor (2M), 4 old (4M), 0 humongous (0M), 9 free (9M)
}
Event: 1.798 {heap After GC invocations=7 (full 0):
 garbage-first heap   total reserved 2058240K, committed 30720K, used 6683K [0x0000000082600000, 0x0000000100000000)
  region size 1M, 0 eden (0M), 1 survivor (1M), 6 old (6M), 0 humongous (0M), 23 free (23M)
}
Event: 2.155 {heap Before GC invocations=7 (full 0):
 garbage-first heap   total reserved 2058240K, committed 30720K, used 22043K [0x0000000082600000, 0x0000000100000000)
  region size 1M, 16 eden (16M), 1 survivor (1M), 6 old (6M), 0 humongous (0M), 7 free (7M)
}
Event: 2.161 {heap After GC invocations=8 (full 0):
 garbage-first heap   total reserved 2058240K, committed 30720K, used 8142K [0x0000000082600000, 0x0000000100000000)
  region size 1M, 0 eden (0M), 3 survivor (3M), 6 old (6M), 0 humongous (0M), 21 free (21M)
}
Event: 3.485 {heap Before GC invocations=8 (full 0):
 garbage-first heap   total reserved 2058240K, committed 30720K, used 22478K [0x0000000082600000, 0x0000000100000000)
  region size 1M, 15 eden (15M), 3 survivor (3M), 6 old (6M), 0 humongous (0M), 6 free (6M)
}
Event: 4.492 {heap After GC invocations=9 (full 0):
 garbage-first heap   total reserved 2058240K, committed 80896K, used 9088K [0x0000000082600000, 0x0000000100000000)
  region size 1M, 0 eden (0M), 3 survivor (3M), 7 old (7M), 0 humongous (0M), 69 free (69M)
}
Event: 4.555 {heap Before GC invocations=9 (full 0):
 garbage-first heap   total reserved 2058240K, committed 80896K, used 9088K [0x0000000082600000, 0x0000000100000000)
  region size 1M, 1 eden (1M), 3 survivor (3M), 7 old (7M), 0 humongous (0M), 68 free (68M)
}
Event: 4.559 {heap After GC invocations=10 (full 0):
 garbage-first heap   total reserved 2058240K, committed 80896K, used 9594K [0x0000000082600000, 0x0000000100000000)
  region size 1M, 0 eden (0M), 1 survivor (1M), 9 old (9M), 0 humongous (0M), 69 free (69M)
}
Event: 4.594 {heap Before GC invocations=10 (full 0):
 garbage-first heap   total reserved 2058240K, committed 80896K, used 11642K [0x0000000082600000, 0x0000000100000000)
  region size 1M, 2 eden (2M), 1 survivor (1M), 9 old (9M), 0 humongous (0M), 67 free (67M)
}
Event: 4.595 {heap After GC invocations=11 (full 0):
 garbage-first heap   total reserved 2058240K, committed 80896K, used 9366K [0x0000000082600000, 0x0000000100000000)
  region size 1M, 0 eden (0M), 1 survivor (1M), 9 old (9M), 0 humongous (0M), 69 free (69M)
}
Event: 4.626 {heap Before GC invocations=11 (full 0):
 garbage-first heap   total reserved 2058240K, committed 80896K, used 10390K [0x0000000082600000, 0x0000000100000000)
  region size 1M, 2 eden (2M), 1 survivor (1M), 9 old (9M), 0 humongous (0M), 67 free (67M)
}
Event: 4.628 {heap After GC invocations=12 (full 0):
 garbage-first heap   total reserved 2058240K, committed 80896K, used 10433K [0x0000000082600000, 0x0000000100000000)
  region size 1M, 0 eden (0M), 1 survivor (1M), 10 old (10M), 0 humongous (0M), 68 free (68M)
}
Event: 4.660 {heap Before GC invocations=12 (full 0):
 garbage-first heap   total reserved 2058240K, committed 80896K, used 12481K [0x0000000082600000, 0x0000000100000000)
  region size 1M, 2 eden (2M), 1 survivor (1M), 10 old (10M), 0 humongous (0M), 66 free (66M)
}

Metaspace Usage History (20 events):
Event: 0.527 {metaspace After GC invocations=2 (full 0):
 Metaspace       used 925K, committed 1024K, reserved 1114112K
  class space    used 87K, committed 128K, reserved 1048576K
}
Event: 0.607 {metaspace Before GC invocations=2 (full 0):
 Metaspace       used 1452K, committed 1600K, reserved 1114112K
  class space    used 145K, committed 192K, reserved 1048576K
}
Event: 0.610 {metaspace After GC invocations=3 (full 0):
 Metaspace       used 1452K, committed 1600K, reserved 1114112K
  class space    used 145K, committed 192K, reserved 1048576K
}
Event: 0.738 {metaspace Before GC invocations=4 (full 0):
 Metaspace       used 2221K, committed 2368K, reserved 1114112K
  class space    used 247K, committed 320K, reserved 1048576K
}
Event: 0.741 {metaspace After GC invocations=5 (full 0):
 Metaspace       used 2221K, committed 2368K, reserved 1114112K
  class space    used 247K, committed 320K, reserved 1048576K
}
Event: 1.361 {metaspace Before GC invocations=5 (full 0):
 Metaspace       used 6805K, committed 6976K, reserved 1114112K
  class space    used 885K, committed 960K, reserved 1048576K
}
Event: 1.370 {metaspace After GC invocations=6 (full 0):
 Metaspace       used 6805K, committed 6976K, reserved 1114112K
  class space    used 885K, committed 960K, reserved 1048576K
}
Event: 1.793 {metaspace Before GC invocations=6 (full 0):
 Metaspace       used 9620K, committed 9856K, reserved 1114112K
  class space    used 1382K, committed 1472K, reserved 1048576K
}
Event: 1.798 {metaspace After GC invocations=7 (full 0):
 Metaspace       used 9620K, committed 9856K, reserved 1114112K
  class space    used 1382K, committed 1472K, reserved 1048576K
}
Event: 2.155 {metaspace Before GC invocations=7 (full 0):
 Metaspace       used 13925K, committed 14208K, reserved 1114112K
  class space    used 2035K, committed 2176K, reserved 1048576K
}
Event: 2.161 {metaspace After GC invocations=8 (full 0):
 Metaspace       used 13925K, committed 14208K, reserved 1114112K
  class space    used 2035K, committed 2176K, reserved 1048576K
}
Event: 3.485 {metaspace Before GC invocations=8 (full 0):
 Metaspace       used 17702K, committed 17984K, reserved 1114112K
  class space    used 2563K, committed 2688K, reserved 1048576K
}
Event: 4.492 {metaspace After GC invocations=9 (full 0):
 Metaspace       used 17702K, committed 17984K, reserved 1114112K
  class space    used 2563K, committed 2688K, reserved 1048576K
}
Event: 4.555 {metaspace Before GC invocations=9 (full 0):
 Metaspace       used 17923K, committed 18176K, reserved 1114112K
  class space    used 2588K, committed 2688K, reserved 1048576K
}
Event: 4.559 {metaspace After GC invocations=10 (full 0):
 Metaspace       used 17923K, committed 18176K, reserved 1114112K
  class space    used 2588K, committed 2688K, reserved 1048576K
}
Event: 4.594 {metaspace Before GC invocations=10 (full 0):
 Metaspace       used 18219K, committed 18432K, reserved 1114112K
  class space    used 2635K, committed 2752K, reserved 1048576K
}
Event: 4.595 {metaspace After GC invocations=11 (full 0):
 Metaspace       used 18219K, committed 18432K, reserved 1114112K
  class space    used 2635K, committed 2752K, reserved 1048576K
}
Event: 4.626 {metaspace Before GC invocations=11 (full 0):
 Metaspace       used 18580K, committed 18752K, reserved 1114112K
  class space    used 2681K, committed 2752K, reserved 1048576K
}
Event: 4.628 {metaspace After GC invocations=12 (full 0):
 Metaspace       used 18580K, committed 18752K, reserved 1114112K
  class space    used 2681K, committed 2752K, reserved 1048576K
}
Event: 4.660 {metaspace Before GC invocations=12 (full 0):
 Metaspace       used 18937K, committed 19264K, reserved 1114112K
  class space    used 2721K, committed 2880K, reserved 1048576K
}

Dll operation events (16 events):
Event: 0.039 Attempting to load shared library C:\Program Files\Java\jdk-26.0.1\bin\java.dll
Event: 0.039 Loaded shared library C:\Program Files\Java\jdk-26.0.1\bin\java.dll
Event: 0.331 Attempting to load shared library C:\Program Files\Java\jdk-26.0.1\bin\zip.dll
Event: 0.331 Loaded shared library C:\Program Files\Java\jdk-26.0.1\bin\zip.dll
Event: 0.337 Attempting to load shared library C:\Program Files\Java\jdk-26.0.1\bin\instrument.dll
Event: 0.337 Loaded shared library C:\Program Files\Java\jdk-26.0.1\bin\instrument.dll
Event: 0.345 Attempting to load shared library C:\Program Files\Java\jdk-26.0.1\bin\net.dll
Event: 0.346 Loaded shared library C:\Program Files\Java\jdk-26.0.1\bin\net.dll
Event: 0.349 Attempting to load shared library C:\Program Files\Java\jdk-26.0.1\bin\nio.dll
Event: 0.349 Loaded shared library C:\Program Files\Java\jdk-26.0.1\bin\nio.dll
Event: 0.355 Attempting to load shared library C:\Program Files\Java\jdk-26.0.1\bin\zip.dll
Event: 0.355 Loaded shared library C:\Program Files\Java\jdk-26.0.1\bin\zip.dll
Event: 0.487 Attempting to load shared library C:\Program Files\Java\jdk-26.0.1\bin\extnet.dll
Event: 0.487 Loaded shared library C:\Program Files\Java\jdk-26.0.1\bin\extnet.dll
Event: 0.517 Attempting to load shared library C:\Program Files\Java\jdk-26.0.1\bin\jimage.dll
Event: 0.517 Loaded shared library C:\Program Files\Java\jdk-26.0.1\bin\jimage.dll

Deoptimization events (2 events):
Event: 1.735 Thread 0x000001cf432bb4a0 DEOPT PACKING pc=0x000001cf4df100ac sp=0x000000550f5fce60
Event: 1.735 Thread 0x000001cf432bb4a0 DEOPT UNPACKING pc=0x000001cf4dce1a02 sp=0x000000550f5fc358 mode 0

Classes loaded (20 events):
Event: 4.648 Loading class sun/util/locale/provider/FallbackLocaleProviderAdapter
Event: 4.649 Loading class sun/util/locale/provider/FallbackLocaleProviderAdapter done
Event: 4.649 Loading class sun/util/locale/provider/BaseLocaleDataMetaInfo
Event: 4.649 Loading class sun/util/locale/provider/BaseLocaleDataMetaInfo done
Event: 4.650 Loading class sun/util/resources/cldr/TimeZoneNames
Event: 4.650 Loading class sun/util/resources/TimeZoneNamesBundle
Event: 4.650 Loading class sun/util/resources/OpenListResourceBundle
Event: 4.651 Loading class sun/util/resources/OpenListResourceBundle done
Event: 4.651 Loading class sun/util/resources/TimeZoneNamesBundle done
Event: 4.651 Loading class sun/util/resources/cldr/TimeZoneNames done
Event: 4.651 Loading class sun/util/resources/OpenListResourceBundle$1
Event: 4.651 Loading class sun/util/resources/OpenListResourceBundle$1 done
Event: 4.651 Loading class sun/util/resources/OpenListResourceBundle$2
Event: 4.651 Loading class sun/util/resources/OpenListResourceBundle$2 done
Event: 4.651 Loading class sun/util/resources/cldr/TimeZoneNames_en
Event: 4.652 Loading class sun/util/resources/cldr/TimeZoneNames_en done
Event: 4.652 Loading class sun/util/resources/cldr/TimeZoneNames_en_US
Event: 4.652 Loading class sun/util/resources/cldr/TimeZoneNames_en_US done
Event: 4.655 Loading class sun/util/cldr/CLDRBaseLocaleDataMetaInfo$CLDRMapHolder
Event: 4.656 Loading class sun/util/cldr/CLDRBaseLocaleDataMetaInfo$CLDRMapHolder done

Classes unloaded (0 events):
No events

Classes redefined (0 events):
No events

Internal exceptions (20 events):
Event: 1.504 Thread 0x000001cf432bb4a0 Exception <a 'java/lang/NoSuchMethodError'{0x0000000083fe2258}: 'int java.lang.invoke.DirectMethodHandle$Holder.invokeSpecialIFC(java.lang.Object, java.lang.Object, java.lang.Object, java.lang.Object)'> (0x0000000083fe2258) 
thrown [s\open\src\hotspot\share\interpreter\linkResolver.cpp, line 804]
Event: 1.536 Thread 0x000001cf432bb4a0 Exception <a 'java/lang/NoSuchMethodError'{0x0000000083ec0fc0}: 'void java.lang.invoke.DirectMethodHandle$Holder.invokeInterface(java.lang.Object, java.lang.Object, java.lang.Object)'> (0x0000000083ec0fc0) 
thrown [s\open\src\hotspot\share\interpreter\linkResolver.cpp, line 804]
Event: 1.559 Thread 0x000001cf432bb4a0 Exception <a 'java/lang/NoSuchMethodError'{0x0000000083d47e90}: 'java.lang.Object java.lang.invoke.DirectMethodHandle$Holder.invokeVirtual(java.lang.Object, java.lang.Object, java.lang.Object)'> (0x0000000083d47e90) 
thrown [s\open\src\hotspot\share\interpreter\linkResolver.cpp, line 804]
Event: 1.587 Thread 0x000001cf432bb4a0 Exception <a 'java/lang/NoSuchMethodError'{0x0000000083c190f0}: 'void java.lang.invoke.DirectMethodHandle$Holder.invokeStatic(java.lang.Object, java.lang.Object, int)'> (0x0000000083c190f0) 
thrown [s\open\src\hotspot\share\interpreter\linkResolver.cpp, line 804]
Event: 1.593 Thread 0x000001cf432bb4a0 Exception <a 'java/lang/NoSuchMethodError'{0x0000000083c36a00}: 'void java.lang.invoke.DirectMethodHandle$Holder.invokeStaticInit(java.lang.Object, java.lang.Object, java.lang.Object)'> (0x0000000083c36a00) 
thrown [s\open\src\hotspot\share\interpreter\linkResolver.cpp, line 804]
Event: 1.625 Thread 0x000001cf432bb4a0 Exception <a 'java/lang/NoSuchMethodError'{0x0000000083b3e6b8}: 'void java.lang.invoke.DirectMethodHandle$Holder.invokeVirtual(java.lang.Object, java.lang.Object, java.lang.Object, java.lang.Object)'> (0x0000000083b3e6b8) 
thrown [s\open\src\hotspot\share\interpreter\linkResolver.cpp, line 804]
Event: 1.732 Thread 0x000001cf432bb4a0 Exception <a 'java/lang/NoSuchMethodError'{0x00000000837b05c0}: 'int java.lang.invoke.DirectMethodHandle$Holder.invokeVirtual(java.lang.Object, java.lang.Object)'> (0x00000000837b05c0) 
thrown [s\open\src\hotspot\share\interpreter\linkResolver.cpp, line 804]
Event: 1.739 Thread 0x000001cf432bb4a0 Exception <a 'java/lang/NoSuchMethodError'{0x00000000837fd6b8}: 'java.lang.Object java.lang.invoke.Invokers$Holder.linkToTargetMethod(int, java.lang.Object, java.lang.Object, java.lang.Object, java.lang.Object)'> (0x00000000837fd6b8) 
thrown [s\open\src\hotspot\share\interpreter\linkResolver.cpp, line 804]
Event: 1.773 Thread 0x000001cf432bb4a0 Exception <a 'java/lang/IncompatibleClassChangeError'{0x00000000835daec8}: Found class java.lang.Object, but interface was expected> (0x00000000835daec8) 
thrown [s\open\src\hotspot\share\interpreter\linkResolver.cpp, line 871]
Event: 2.192 Thread 0x000001cf432bb4a0 Exception <a 'java/lang/NoSuchMethodError'{0x00000000841ec3a0}: 'int java.lang.invoke.DirectMethodHandle$Holder.invokeSpecial(java.lang.Object, java.lang.Object, java.lang.Object, java.lang.Object, java.lang.Object)'> (0x00000000841ec3a0) 
thrown [s\open\src\hotspot\share\interpreter\linkResolver.cpp, line 804]
Event: 2.195 Thread 0x000001cf432bb4a0 Exception <a 'java/lang/NoSuchMethodError'{0x000000008404ed00}: 'void java.lang.invoke.DirectMethodHandle$Holder.invokeVirtual(java.lang.Object, java.lang.Object)'> (0x000000008404ed00) 
thrown [s\open\src\hotspot\share\interpreter\linkResolver.cpp, line 804]
Event: 2.203 Thread 0x000001cf5b752920 Exception <a 'java/lang/NoSuchMethodError'{0x00000000840e1180}: 'java.lang.Object java.lang.invoke.Invokers$Holder.linkToTargetMethod(java.lang.Object, int, java.lang.Object, java.lang.Object)'> (0x00000000840e1180) 
thrown [s\open\src\hotspot\share\interpreter\linkResolver.cpp, line 804]
Event: 3.412 Thread 0x000001cf432bb4a0 Exception <a 'java/lang/IncompatibleClassChangeError'{0x000000008384a170}: Found class java.lang.Object, but interface was expected> (0x000000008384a170) 
thrown [s\open\src\hotspot\share\interpreter\linkResolver.cpp, line 871]
Event: 4.577 Thread 0x000001cf5b752920 Exception <a 'java/lang/NoSuchMethodError'{0x00000000871006f8}: 'long java.lang.invoke.DirectMethodHandle$Holder.invokeSpecial(java.lang.Object, java.lang.Object)'> (0x00000000871006f8) 
thrown [s\open\src\hotspot\share\interpreter\linkResolver.cpp, line 804]
Event: 4.580 Thread 0x000001cf5b752920 Exception <a 'java/lang/NoSuchMethodError'{0x000000008712ae48}: 'long java.lang.invoke.DirectMethodHandle$Holder.invokeStatic(java.lang.Object, java.lang.Object)'> (0x000000008712ae48) 
thrown [s\open\src\hotspot\share\interpreter\linkResolver.cpp, line 804]
Event: 4.580 Thread 0x000001cf5b752920 Exception <a 'java/lang/NoSuchMethodError'{0x000000008713f548}: 'long java.lang.invoke.DirectMethodHandle$Holder.invokeStaticInit(java.lang.Object, java.lang.Object)'> (0x000000008713f548) 
thrown [s\open\src\hotspot\share\interpreter\linkResolver.cpp, line 804]
Event: 4.583 Thread 0x000001cf5b752920 Exception <a 'java/lang/NoSuchMethodError'{0x000000008716d3a0}: 'long java.lang.invoke.DirectMethodHandle$Holder.invokeInterface(java.lang.Object, java.lang.Object)'> (0x000000008716d3a0) 
thrown [s\open\src\hotspot\share\interpreter\linkResolver.cpp, line 804]
Event: 4.583 Thread 0x000001cf5b752920 Exception <a 'java/lang/IncompatibleClassChangeError'{0x0000000087175068}: Found class java.lang.Object, but interface was expected> (0x0000000087175068) 
thrown [s\open\src\hotspot\share\interpreter\linkResolver.cpp, line 871]
Event: 4.659 Thread 0x000001cf5b752920 Exception <a 'java/lang/NoSuchMethodError'{0x00000000870de090}: 'java.lang.Object java.lang.invoke.DirectMethodHandle$Holder.newInvokeSpecial(java.lang.Object, java.lang.Object, java.lang.Object, int)'> (0x00000000870de090) 
thrown [s\open\src\hotspot\share\interpreter\linkResolver.cpp, line 804]
Event: 4.659 Thread 0x000001cf5b752920 Exception <a 'java/lang/NoSuchMethodError'{0x00000000870f5da0}: 'java.lang.Object java.lang.invoke.Invokers$Holder.linkToTargetMethod(java.lang.Object, java.lang.Object, int, java.lang.Object)'> (0x00000000870f5da0) 
thrown [s\open\src\hotspot\share\interpreter\linkResolver.cpp, line 804]

VM Operations (20 events):
Event: 2.100 Executing non-safepoint VM operation: HandshakeAllThreads (Deoptimize) done
Event: 2.155 Executing safepoint VM operation: G1CollectForAllocation (G1 Evacuation Pause)
Event: 2.161 Executing safepoint VM operation: G1CollectForAllocation (G1 Evacuation Pause) done
Event: 2.167 Executing non-safepoint VM operation: HandshakeAllThreads (Deoptimize)
Event: 2.168 Executing non-safepoint VM operation: HandshakeAllThreads (Deoptimize) done
Event: 3.216 Executing non-safepoint VM operation: HandshakeAllThreads (Deoptimize)
Event: 3.216 Executing non-safepoint VM operation: HandshakeAllThreads (Deoptimize) done
Event: 3.227 Executing non-safepoint VM operation: HandshakeAllThreads (Deoptimize)
Event: 3.227 Executing non-safepoint VM operation: HandshakeAllThreads (Deoptimize) done
Event: 3.421 Executing non-safepoint VM operation: HandshakeAllThreads (Deoptimize)
Event: 3.421 Executing non-safepoint VM operation: HandshakeAllThreads (Deoptimize) done
Event: 3.485 Executing safepoint VM operation: G1CollectForAllocation (G1 Evacuation Pause)
Event: 4.492 Executing safepoint VM operation: G1CollectForAllocation (G1 Evacuation Pause) done
Event: 4.555 Executing safepoint VM operation: G1CollectForAllocation (G1 Evacuation Pause)
Event: 4.559 Executing safepoint VM operation: G1CollectForAllocation (G1 Evacuation Pause) done
Event: 4.594 Executing safepoint VM operation: G1CollectForAllocation (G1 Evacuation Pause)
Event: 4.595 Executing safepoint VM operation: G1CollectForAllocation (G1 Evacuation Pause) done
Event: 4.626 Executing safepoint VM operation: G1CollectForAllocation (G1 Evacuation Pause)
Event: 4.628 Executing safepoint VM operation: G1CollectForAllocation (G1 Evacuation Pause) done
Event: 4.660 Executing safepoint VM operation: G1CollectForAllocation (G1 Evacuation Pause)

Memory protections (0 events):
No events

Nmethod flushes (0 events):
No events

Events (17 events):
Event: 0.073 Thread 0x000001cf432bb4a0 Thread added: 0x000001cf432bb4a0
Event: 0.109 Thread 0x000001cf432bb4a0 Thread added: 0x000001cf56b05fa0
Event: 0.109 Thread 0x000001cf432bb4a0 Thread added: 0x000001cf56b0b580
Event: 0.111 Thread 0x000001cf432bb4a0 Thread added: 0x000001cf56b0cf40
Event: 0.111 Thread 0x000001cf432bb4a0 Thread added: 0x000001cf56b0eb00
Event: 0.111 Thread 0x000001cf432bb4a0 Thread added: 0x000001cf56b12230
Event: 0.111 Thread 0x000001cf432bb4a0 Thread added: 0x000001cf56b169f0
Event: 0.111 Thread 0x000001cf432bb4a0 Thread added: 0x000001cf56b171a0
Event: 0.342 Thread 0x000001cf432bb4a0 Thread added: 0x000001cf56c40140
Event: 0.458 Thread 0x000001cf432bb4a0 Thread added: 0x000001cf56e75250
Event: 0.458 Thread 0x000001cf432bb4a0 Thread added: 0x000001cf56e71330
Event: 1.725 Thread 0x000001cf432bb4a0 Thread added: 0x000001cf5b752920
Event: 2.154 Thread 0x000001cf56b171a0 Thread added: 0x000001cf5ba08700
Event: 3.265 Thread 0x000001cf56b171a0 Thread added: 0x000001cf5bb0e0b0
Event: 3.279 Thread 0x000001cf5bb0e0b0 Thread added: 0x000001cf5bb1ac50
Event: 3.364 Thread 0x000001cf432bb4a0 Thread added: 0x000001cf5bb32f80
Event: 3.389 Thread 0x000001cf5bb32f80 Thread exited: 0x000001cf5bb32f80


Dynamic libraries:
0x00007ff663610000 - 0x00007ff663620000 	C:\Program Files\Java\jdk-26.0.1\bin\java.exe
0x00007ffbe5640000 - 0x00007ffbe58a6000 	C:\WINDOWS\SYSTEM32\ntdll.dll
0x00007ffbe3a70000 - 0x00007ffbe3b39000 	C:\WINDOWS\System32\KERNEL32.DLL
0x00007ffbe2c20000 - 0x00007ffbe301f000 	C:\WINDOWS\System32\KERNELBASE.dll
0x00007ffbe31d0000 - 0x00007ffbe331c000 	C:\WINDOWS\System32\ucrtbase.dll
0x00007ffbadc50000 - 0x00007ffbadc6e000 	C:\Program Files\Java\jdk-26.0.1\bin\VCRUNTIME140.dll
0x00007ffbadc70000 - 0x00007ffbadc87000 	C:\Program Files\Java\jdk-26.0.1\bin\jli.dll
0x00007ffbc77b0000 - 0x00007ffbc7a41000 	C:\WINDOWS\WinSxS\amd64_microsoft.windows.common-controls_6595b64144ccf1df_6.0.26100.8972_none_3e0da176e32f9d4b\COMCTL32.dll
0x00007ffbe4a20000 - 0x00007ffbe4be6000 	C:\WINDOWS\System32\USER32.dll
0x00007ffbe3030000 - 0x00007ffbe3057000 	C:\WINDOWS\System32\win32u.dll
0x00007ffbe3450000 - 0x00007ffbe34f9000 	C:\WINDOWS\System32\msvcrt.dll
0x00007ffbe36b0000 - 0x00007ffbe36db000 	C:\WINDOWS\System32\GDI32.dll
0x00007ffbe28b0000 - 0x00007ffbe29d9000 	C:\WINDOWS\System32\gdi32full.dll
0x00007ffbe3120000 - 0x00007ffbe31c3000 	C:\WINDOWS\System32\msvcp_win.dll
0x00007ffbe52c0000 - 0x00007ffbe52f2000 	C:\WINDOWS\System32\IMM32.DLL
0x00007ffbdd5d0000 - 0x00007ffbdd5dc000 	C:\Program Files\Java\jdk-26.0.1\bin\vcruntime140_1.dll
0x00007ffb6e400000 - 0x00007ffb6e48d000 	C:\Program Files\Java\jdk-26.0.1\bin\msvcp140.dll
0x00007ffb322c0000 - 0x00007ffb3318e000 	C:\Program Files\Java\jdk-26.0.1\bin\server\jvm.dll
0x00007ffbe4ed0000 - 0x00007ffbe4f8c000 	C:\WINDOWS\System32\ADVAPI32.dll
0x00007ffbe5300000 - 0x00007ffbe53aa000 	C:\WINDOWS\System32\sechost.dll
0x00007ffbe3500000 - 0x00007ffbe3618000 	C:\WINDOWS\System32\RPCRT4.dll
0x00007ffbe3620000 - 0x00007ffbe36a2000 	C:\WINDOWS\System32\WS2_32.dll
0x00007ffbe2710000 - 0x00007ffbe276e000 	C:\WINDOWS\SYSTEM32\POWRPROF.dll
0x00007ffbda7c0000 - 0x00007ffbda7cb000 	C:\WINDOWS\SYSTEM32\VERSION.dll
0x00007ffbccd40000 - 0x00007ffbccd76000 	C:\WINDOWS\SYSTEM32\WINMM.dll
0x00007ffbe26f0000 - 0x00007ffbe2705000 	C:\WINDOWS\SYSTEM32\UMPDC.dll
0x00007ffbe15d0000 - 0x00007ffbe15eb000 	C:\WINDOWS\SYSTEM32\kernel.appcore.dll
0x00007ffba0340000 - 0x00007ffba034a000 	C:\Program Files\Java\jdk-26.0.1\bin\jimage.dll
0x00007ffbe0140000 - 0x00007ffbe0382000 	C:\WINDOWS\SYSTEM32\DBGHELP.DLL
0x00007ffbe36e0000 - 0x00007ffbe3a65000 	C:\WINDOWS\System32\combase.dll
0x00007ffbe4c00000 - 0x00007ffbe4cd9000 	C:\WINDOWS\System32\OLEAUT32.dll
0x00007ffbc93f0000 - 0x00007ffbc942b000 	C:\WINDOWS\SYSTEM32\dbgcore.DLL
0x00007ffbe2b70000 - 0x00007ffbe2c1c000 	C:\WINDOWS\System32\bcryptPrimitives.dll
0x00007ffbdd6b0000 - 0x00007ffbdd6c0000 	C:\Program Files\Java\jdk-26.0.1\bin\instrument.dll
0x00007ffb96af0000 - 0x00007ffb96b0f000 	C:\Program Files\Java\jdk-26.0.1\bin\java.dll
0x00007ffbe5120000 - 0x00007ffbe52b9000 	C:\WINDOWS\System32\ole32.dll
0x00007ffbe3c10000 - 0x00007ffbe4398000 	C:\WINDOWS\System32\SHELL32.dll
0x00007ffbe03e0000 - 0x00007ffbe0c7b000 	C:\WINDOWS\SYSTEM32\windows.storage.dll
0x00007ffbe48b0000 - 0x00007ffbe49a9000 	C:\WINDOWS\System32\SHCORE.dll
0x00007ffbe3b40000 - 0x00007ffbe3ba6000 	C:\WINDOWS\System32\shlwapi.dll
0x00007ffbe27d0000 - 0x00007ffbe27f9000 	C:\WINDOWS\SYSTEM32\profapi.dll
0x00007ffb34c70000 - 0x00007ffb34c87000 	C:\Program Files\Java\jdk-26.0.1\bin\zip.dll
0x00007ffb87960000 - 0x00007ffb87972000 	C:\Program Files\Java\jdk-26.0.1\bin\net.dll
0x00007ffbe1b40000 - 0x00007ffbe1bac000 	C:\WINDOWS\system32\mswsock.dll
0x00007ffb87940000 - 0x00007ffb87956000 	C:\Program Files\Java\jdk-26.0.1\bin\nio.dll
0x00007ffb72500000 - 0x00007ffb72509000 	C:\Program Files\Java\jdk-26.0.1\bin\extnet.dll

JVMTI agents:
C:\Program Files\JetBrains\IntelliJ IDEA 2026.2.1\lib\idea_rt.jar path:C:\Program Files\Java\jdk-26.0.1\bin\instrument.dll, loaded, initialized, instrumentlib options:56532

dbghelp: loaded successfully - version: 4.0.5 - missing functions: none
symbol engine: initialized successfully - sym options: 0x614 - pdb path: .;C:\Program Files\Java\jdk-26.0.1\bin;C:\WINDOWS\SYSTEM32;C:\WINDOWS\WinSxS\amd64_microsoft.windows.common-controls_6595b64144ccf1df_6.0.26100.8972_none_3e0da176e32f9d4b;C:\Program Files\Java\jdk-26.0.1\bin\server

VM Arguments:
jvm_args: -XX:TieredStopAtLevel=1 -Dspring.output.ansi.enabled=always -javaagent:C:\Program Files\JetBrains\IntelliJ IDEA 2026.2.1\lib\idea_rt.jar=56532 -Dfile.encoding=UTF-8 -Dsun.stdout.encoding=UTF-8 -Dsun.stderr.encoding=UTF-8 
java_command: com.LibraryDesk.LibraryDeskApplication
java_class_path (initial): C:\Users\Basit\.vscode\java\LibraryDesk\LibraryDesk\target\classes;C:\Users\Basit\.m2\repository\org\springframework\boot\spring-boot-starter-thymeleaf\4.1.1\spring-boot-starter-thymeleaf-4.1.1.jar;C:\Users\Basit\.m2\repository\org\springframework\boot\spring-boot-starter\4.1.1\spring-boot-starter-4.1.1.jar;C:\Users\Basit\.m2\repository\org\springframework\boot\spring-boot-starter-logging\4.1.1\spring-boot-starter-logging-4.1.1.jar;C:\Users\Basit\.m2\repository\ch\qos\logback\logback-classic\1.5.38\logback-classic-1.5.38.jar;C:\Users\Basit\.m2\repository\ch\qos\logback\logback-core\1.5.38\logback-core-1.5.38.jar;C:\Users\Basit\.m2\repository\org\apache\logging\log4j\log4j-to-slf4j\2.25.5\log4j-to-slf4j-2.25.5.jar;C:\Users\Basit\.m2\repository\org\apache\logging\log4j\log4j-api\2.25.5\log4j-api-2.25.5.jar;C:\Users\Basit\.m2\repository\org\slf4j\jul-to-slf4j\2.0.18\jul-to-slf4j-2.0.18.jar;C:\Users\Basit\.m2\repository\org\springframework\boot\spring-boot-autoconfigure\4.1.1\spring-boot-autoconfigure-4.1.1.jar;C:\Users\Basit\.m2\repository\jakarta\annotation\jakarta.annotation-api\3.0.0\jakarta.annotation-api-3.0.0.jar;C:\Users\Basit\.m2\repository\org\yaml\snakeyaml\2.6\snakeyaml-2.6.jar;C:\Users\Basit\.m2\repository\org\springframework\boot\spring-boot-thymeleaf\4.1.1\spring-boot-thymeleaf-4.1.1.jar;C:\Users\Basit\.m2\repository\org\springframework\boot\spring-boot\4.1.1\spring-boot-4.1.1.jar;C:\Users\Basit\.m2\repository\org\springframework\spring-context\7.0.9\spring-context-7.0.9.jar;C:\Users\Basit\.m2\repository\org\springframework\spring-web\7.0.9\spring-web-7.0.9.jar;C:\Users\Basit\.m2\repository\org\springframework\spring-beans\7.0.9\spring-beans-7.0.9.jar;C:\Users\Basit\.m2\repository\io\micrometer\micrometer-observation\1.17.1\micrometer-observation-1.17.1.jar;C:\Users\Basit\.m2\repository\io\micrometer\micrometer-commons\1.17.1\micrometer-commons-1.17.1.jar;C:\Users\Basit\.m2\repository\org\springframework\boot\spring-boot-starter-validation\4.1.1\spring-boot-starter-validation-4.1.1.jar;C:\Users\Basit\.m2\repository\org\springframework\boot\spring-boot-validation\4.1.1\spring-boot-validation-4.1.1.jar;C:\Users\Basit\.m2\repository\org\apache\tomcat\embed\tomcat-embed-el\11.0.24\tomcat-embed-el-11.0.24.jar;C:\Users\Basit\.m2\repository\org\hibernate\validator\hibernate-validator\9.1.3.Final\hibernate-validator-9.1.3.Final.jar;C:\Users\Basit\.m2\repository\jakarta\validation\jakarta.validation-api\3.1.1\jakarta.validation-api-3.1.1.jar;C:\Users\Basit\.m2\repository\org\jboss\logging\jboss-logging\3.6.3.Final\jboss-logging-3.6.3.Final.jar;C:\Users\Basit\.m2\repository\com\fasterxml\classmate\1.7.3\classmate-1.7.3.jar;C:\Users\Basit\.m2\repository\org\springframework\boot\spring-boot-starter-webmvc\4.1.1\spring-boot-starter-webmvc-4.1.1.jar;C:\Users\Basit\.m2\repository\org\springframework\boot\spring-boot-starter-jackson\4.1.1\spring-boot-starter-jackson-4.1.1.jar;C:\Users\Basit\.m2\repository\org\springframework\boot\spring-boot-jackson\4.1.1\spring-boot-jackson-4.1.1.jar;C:\Users\Basit\.m2\repository\tools\jackson\core\jackson-databind\3.1.5\jackson-databind-3.1.5.jar;C:\Users\Basit\.m2\repository\com\fasterxml\jackson\core\jackson-annotations\2.21\jackson-annotations-2.21.jar;C:\Users\Basit\.m2\repository\tools\jackson\core\jackson-core\3.1.5\jackson-core-3.1.5.jar;C:\Users\Basit\.m2\repository\org\springframework\boot\spring-boot-starter-tomcat\4.1.1\spring-boot-starter-tomcat-4.1.1.jar;C:\Users\Basit\.m2\repository\org\springframework\boot\spring-boot-starter-tomcat-runtime\4.1.1\spring-boot-starter-tomcat-runtime-4.1.1.jar;C:\Users\Basit\.m2\repository\org\apache\tomcat\embed\tomcat-embed-core\11.0.24\tomcat-embed-core-11.0.24.jar;C:\Users\Basit\.m2\repository\org\apache\tomcat\embed\tomcat-embed-websocket\11.0.24\tomcat-embed-websocket-11.0.24.jar;C:\Users\Basit\.m2\repository\org\springframework\boot\spring-boot-tomcat\4.1.1\spring-boot-tomcat-4.1.1.jar;C:\Users\Basit\.m2\repository\org\springframework\boot\spring-boot-http-converter\4.1.1\spring-boot-http-converter-4.1.1.jar;C:\Users\Basit\.m2\repository\org\springframework\boot\spring-boot-webmvc\4.1.1\spring-boot-webmvc-4.1.1.jar;C:\Users\Basit\.m2\repository\org\springframework\boot\spring-boot-servlet\4.1.1\spring-boot-servlet-4.1.1.jar;C:\Users\Basit\.m2\repository\org\springframework\spring-webmvc\7.0.9\spring-webmvc-7.0.9.jar;C:\Users\Basit\.m2\repository\org\springframework\spring-expression\7.0.9\spring-expression-7.0.9.jar;C:\Users\Basit\.m2\repository\org\thymeleaf\extras\thymeleaf-extras-springsecurity6\3.1.5.RELEASE\thymeleaf-extras-springsecurity6-3.1.5.RELEASE.jar;C:\Users\Basit\.m2\repository\org\thymeleaf\thymeleaf-spring6\3.1.5.RELEASE\thymeleaf-spring6-3.1.5.RELEASE.jar;C:\Users\Basit\.m2\repository\org\thymeleaf\thymeleaf\3.1.5.RELEASE\thymeleaf-3.1.5.RELEASE.jar;C:\Users\Basit\.m2\repository\org\attoparser\attoparser\2.0.7.RELEASE\attoparser-2.0.7.RELEASE.jar;C:\Users\Basit\.m2\repository\org\unbescape\unbescape\1.1.6.RELEASE\unbescape-1.1.6.RELEASE.jar;C:\Users\Basit\.m2\repository\org\slf4j\slf4j-api\2.0.18\slf4j-api-2.0.18.jar;C:\Users\Basit\.m2\repository\org\springframework\spring-aop\7.0.9\spring-aop-7.0.9.jar;C:\Users\Basit\.m2\repository\org\springframework\spring-core\7.0.9\spring-core-7.0.9.jar;C:\Users\Basit\.m2\repository\commons-logging\commons-logging\1.3.6\commons-logging-1.3.6.jar;C:\Users\Basit\.m2\repository\org\jspecify\jspecify\1.0.1\jspecify-1.0.1.jar;C:\Users\Basit\.m2\repository\org\springframework\boot\spring-boot-web-server\4.1.1\spring-boot-web-server-4.1.1.jar
Launcher Type: SUN_STANDARD

[Global flags]
     bool AOTAdapterCaching                        = false                                  {diagnostic} {ergonomic}
     bool AOTInvokeDynamicLinking                  = false                                  {diagnostic} {ergonomic}
     bool AOTRecordTraining                        = false                                  {diagnostic} {ergonomic}
     bool AOTReplayTraining                        = false                                  {diagnostic} {ergonomic}
     bool AOTStubCaching                           = false                                  {diagnostic} {ergonomic}
     intx CICompilerCount                          = 4                                         {product} {ergonomic}
     uint ConcGCThreads                            = 2                                         {product} {ergonomic}
     uint G1ConcRefinementThreads                  = 8                                         {product} {ergonomic}
     uint G1EagerReclaimRemSetThreshold            = 10                                   {experimental} {ergonomic}
   size_t G1HeapRegionSize                         = 1048576                                   {product} {ergonomic}
     uint G1RemSetArrayOfCardsEntries              = 10                                   {experimental} {ergonomic}
     uint G1RemSetHowlMaxNumBuckets                = 8                                    {experimental} {ergonomic}
     uint G1RemSetHowlNumBuckets                   = 4                                    {experimental} {ergonomic}
   size_t InitialHeapSize                          = 8388608                                   {product} {ergonomic}
     bool IntelJccErratumMitigation                = true                              {ARCH diagnostic} {ergonomic}
   size_t MarkStackSize                            = 4194304                                   {product} {ergonomic}
   size_t MarkStackSizeMax                         = 536870912                                 {product} {ergonomic}
   size_t MaxHeapSize                              = 2107637760                                {product} {ergonomic}
   size_t MaxNewSize                               = 1264582656                                {product} {ergonomic}
 uint64_t MaxRAM                                   = 8425529344                                {product} {ergonomic}
   size_t MinHeapDeltaBytes                        = 1048576                                   {product} {ergonomic}
   size_t MinHeapSize                              = 8388608                                   {product} {ergonomic}
   size_t NonNMethodCodeHeapSize                   = 4096                                   {pd product} {ergonomic}
   size_t NonProfiledCodeHeapSize                  = 0                                      {pd product} {ergonomic}
     bool ProfileInterpreter                       = false                                  {pd product} {command line}
   size_t ProfiledCodeHeapSize                     = 0                                      {pd product} {ergonomic}
   size_t SoftMaxHeapSize                          = 2107637760                             {manageable} {ergonomic}
     intx TieredStopAtLevel                        = 1                                         {product} {command line}
     bool UseCompressedOops                        = true                           {product lp64_product} {ergonomic}
     bool UseCondCardMark                          = true                                      {product} {ergonomic}
     bool UseFastUnorderedTimeStamps               = true                                 {experimental} {ergonomic}
     bool UseG1GC                                  = true                                      {product} {ergonomic}
     bool UseLargePagesIndividualAllocation        = false                                  {pd product} {ergonomic}
      int X86ICacheSync                            = 2                                 {ARCH diagnostic} {ergonomic}

Logging:
Log output configuration:
 #0: stdout all=warning uptime,level,tags foldmultilines=false
 #1: stderr all=off uptime,level,tags foldmultilines=false

Release file:
IMPLEMENTOR="Oracle Corporation" 
JAVA_RUNTIME_VERSION="26.0.1+8-34" 
JAVA_VERSION="26.0.1" 
JAVA_VERSION_DATE="2026-04-21" 
LIBC="default" 
MODULES="java.base java.compiler java.datatransfer java.xml java.prefs java.desktop java.instrument java.logging java.management java.security.sasl java.naming java.rmi java.management.rmi java.net.http java.scripting java.security.jgss java.transaction.xa java.sql java.sql.rowset java.xml.crypto java.se java.smartcardio jdk.accessibility jdk.internal.jvmstat jdk.attach jdk.charsets jdk.internal.opt jdk.zipfs jdk.compiler jdk.crypto.cryptoki jdk.crypto.ec jdk.crypto.mscapi jdk.dynalink jdk.internal.ed jdk.editpad jdk.internal.vm.ci jdk.graal.compiler jdk.graal.compiler.management jdk.hotspot.agent jdk.httpserver jdk.incubator.vector jdk.internal.le jdk.internal.md jdk.jartool jdk.javadoc jdk.jcmd jdk.management jdk.management.agent jdk.jconsole jdk.jdeps jdk.jdwp.agent jdk.jdi jdk.jfr jdk.jlink jdk.jpackage jdk.jshell jdk.jstatd jdk.localedata jdk.management.jfr jdk.naming.dns jdk.naming.rmi jdk.net jdk.nio.mapmode jdk.sctp jdk.security.auth jdk.security.jgss jdk.unsupported jdk.unsupported.desktop jdk.xml.dom" 
OS_ARCH="x86_64" 
OS_NAME="Windows" 
SOURCE=".:git:8fcde8268d22 open:git:fcc00fc4aee7" 

Environment Variables:
PATH=C:\Program Files\Common Files\Oracle\Java\javapath;C:\WINDOWS\system32;C:\WINDOWS;C:\WINDOWS\System32\Wbem;C:\WINDOWS\System32\WindowsPowerShell\v1.0\;C:\WINDOWS\System32\OpenSSH\;C:\Program Files (x86)\Intel\Intel(R) Management Engine Components\DAL;C:\Program Files\Intel\Intel(R) Management Engine Components\DAL;C:\Program Files (x86)\Microchip\MPLAB C32 Suite\bin;C:\Program Files\Polyspace\R2021a\bin;C:\Program Files\Git\cmd;C:\Program Files\MySQL\MySQL Shell 8.0\bin\;C:\Users\Basit\.local\bin;C:\Users\Basit\AppData\Local\Microsoft\WindowsApps;C:\Users\Basit\AppData\Local\Programs\Microsoft VS Code\bin;C:\Users\Basit\AppData\Local\Programs\cursor\resources\app\bin;C:\Users\Basit\AppData\Local\Python\bin;
USERNAME=Basit
OS=Windows_NT
PROCESSOR_IDENTIFIER=Intel64 Family 6 Model 142 Stepping 10, GenuineIntel
TMP=C:\Users\Basit\AppData\Local\Temp
TEMP=C:\Users\Basit\AppData\Local\Temp




Compilation memory statistics disabled.

Periodic native trim disabled

---------------  S Y S T E M  ---------------

OS:
 Windows 11 , 64 bit Build 26100 (10.0.26100.9168)
OS uptime: 0 days 7:33 hours
Hyper-V role detected

CPU: total 8 (initial active 8) (4 cores per cpu, 2 threads per core) family 6 model 142 stepping 10 microcode 0xf6, cx8, cmov, fxsr, ht, mmx, 3dnowpref, sse, sse2, sse3, ssse3, sse4.1, sse4.2, popcnt, lzcnt, tsc, tscinvbit, avx, avx2, aes, erms, clmul, bmi1, bmi2, rtm, adx, fma, vzeroupper, clflush, clflushopt, hv, rdtscp, f16c
Processor Information for processor 0
  Max Mhz: 1896, Current Mhz: 1696, Mhz Limit: 1687
Processor Information for processor 1
  Max Mhz: 1896, Current Mhz: 1496, Mhz Limit: 1687
Processor Information for processor 2
  Max Mhz: 1896, Current Mhz: 1696, Mhz Limit: 1687
Processor Information for processor 3
  Max Mhz: 1896, Current Mhz: 1496, Mhz Limit: 1687
Processor Information for processor 4
  Max Mhz: 1896, Current Mhz: 1696, Mhz Limit: 1687
Processor Information for processor 5
  Max Mhz: 1896, Current Mhz: 1496, Mhz Limit: 1687
Processor Information for processor 6
  Max Mhz: 1896, Current Mhz: 1496, Mhz Limit: 1687
Processor Information for processor 7
  Max Mhz: 1896, Current Mhz: 1496, Mhz Limit: 1687

Memory: 4k page, system-wide physical 8035M (409M free)
TotalPageFile size 10083M (AvailPageFile size 57M)
current process WorkingSet (physical memory assigned to process): 103M, peak: 106M
current process commit charge ("private bytes"): 188M, peak: 350M

vm_info: Java HotSpot(TM) 64-Bit Server VM (26.0.1+8-34) for windows-amd64 JRE (26.0.1+8-34), built on 2026-03-10T17:24:10Z with MS VC++ 17.13 (VS2022)

END.
